iter    0  eval_return=  179.95  eval_steps= 200  fell=False  mean(r+)=  84.30  mean(r-)=  75.34  t=   1.3s
iter    1  eval_return=  179.96  eval_steps= 200  fell=False  mean(r+)= 104.22  mean(r-)=  94.91  t=   2.7s
iter    2  eval_return=  179.91  eval_steps= 200  fell=False  mean(r+)=  86.89  mean(r-)=  46.34  t=   3.7s
iter    3  eval_return=  179.96  eval_steps= 200  fell=False  mean(r+)=  76.17  mean(r-)=  99.91  t=   5.0s
iter    4  eval_return=  179.94  eval_steps= 200  fell=False  mean(r+)=  55.57  mean(r-)=  80.12  t=   6.0s
iter    5  eval_return=  179.97  eval_steps= 200  fell=False  mean(r+)=  89.47  mean(r-)=  77.09  t=   7.2s
iter    6  eval_return=  179.96  eval_steps= 200  fell=False  mean(r+)=  85.38  mean(r-)=  82.79  t=   8.7s
iter    7  eval_return=  179.99  eval_steps= 200  fell=False  mean(r+)=  84.13  mean(r-)=  82.28  t=   9.9s
iter    8  eval_return=  179.92  eval_steps= 200  fell=False  mean(r+)=  78.24  mean(r-)=  58.76  t=  10.9s
iter    9  eval_return=  179.97  eval_steps= 200  fell=False  mean(r+)=  78.88  mean(r-)=  65.78  t=  11.9s
iter   10  eval_return=  180.01  eval_steps= 200  fell=False  mean(r+)=  57.94  mean(r-)=  69.91  t=  12.8s
iter   11  eval_return=  180.00  eval_steps= 200  fell=False  mean(r+)=  63.00  mean(r-)=  66.75  t=  13.8s
iter   12  eval_return=  179.99  eval_steps= 200  fell=False  mean(r+)=  92.51  mean(r-)=  87.70  t=  15.1s
iter   13  eval_return=  179.96  eval_steps= 200  fell=False  mean(r+)=  42.56  mean(r-)=  88.64  t=  16.0s
iter   14  eval_return=  179.97  eval_steps= 200  fell=False  mean(r+)=  65.44  mean(r-)=  48.71  t=  16.9s
iter   15  eval_return=  179.95  eval_steps= 200  fell=False  mean(r+)=  60.62  mean(r-)=  81.10  t=  17.9s
iter   16  eval_return=  180.01  eval_steps= 200  fell=False  mean(r+)=  63.67  mean(r-)=  80.37  t=  19.0s
iter   17  eval_return=  179.97  eval_steps= 200  fell=False  mean(r+)=  86.15  mean(r-)=  65.64  t=  20.1s
iter   18  eval_return=  179.94  eval_steps= 200  fell=False  mean(r+)=  63.81  mean(r-)=  94.06  t=  21.2s
iter   19  eval_return=  179.96  eval_steps= 200  fell=False  mean(r+)=  93.47  mean(r-)=  70.71  t=  22.4s
iter   20  eval_return=  179.99  eval_steps= 200  fell=False  mean(r+)=  79.12  mean(r-)=  87.64  t=  23.5s
iter   21  eval_return=  180.02  eval_steps= 200  fell=False  mean(r+)=  65.21  mean(r-)=  59.30  t=  24.4s
iter   22  eval_return=  180.05  eval_steps= 200  fell=False  mean(r+)=  63.49  mean(r-)=  92.11  t=  25.5s
iter   23  eval_return=  179.97  eval_steps= 200  fell=False  mean(r+)=  43.81  mean(r-)=  99.29  t=  26.5s
iter   24  eval_return=  180.01  eval_steps= 200  fell=False  mean(r+)=  62.98  mean(r-)=  61.49  t=  27.4s
iter   25  eval_return=  180.03  eval_steps= 200  fell=False  mean(r+)=  56.63  mean(r-)=  86.33  t=  28.4s
iter   26  eval_return=  180.03  eval_steps= 200  fell=False  mean(r+)=  76.43  mean(r-)=  97.49  t=  29.6s
iter   27  eval_return=  180.06  eval_steps= 200  fell=False  mean(r+)= 105.31  mean(r-)= 105.29  t=  31.0s
iter   28  eval_return=  180.09  eval_steps= 200  fell=False  mean(r+)=  47.29  mean(r-)=  66.89  t=  31.8s
iter   29  eval_return=  180.16  eval_steps= 200  fell=False  mean(r+)=  61.41  mean(r-)=  55.75  t=  32.7s
iter   30  eval_return=  180.10  eval_steps= 200  fell=False  mean(r+)=  44.42  mean(r-)=  50.05  t=  33.5s
iter   31  eval_return=  180.05  eval_steps= 200  fell=False  mean(r+)=  58.90  mean(r-)=  34.44  t=  34.3s
iter   32  eval_return=  179.99  eval_steps= 200  fell=False  mean(r+)=  61.52  mean(r-)=  67.33  t=  35.2s
iter   33  eval_return=  180.09  eval_steps= 200  fell=False  mean(r+)=  67.91  mean(r-)=  86.77  t=  36.3s
iter   34  eval_return=  180.11  eval_steps= 200  fell=False  mean(r+)=  43.90  mean(r-)=  42.64  t=  36.9s
iter   35  eval_return=  180.25  eval_steps= 200  fell=False  mean(r+)=  54.07  mean(r-)=  55.05  t=  37.7s
iter   36  eval_return=  180.09  eval_steps= 200  fell=False  mean(r+)=  53.73  mean(r-)=  34.29  t=  38.5s
iter   37  eval_return=  180.06  eval_steps= 200  fell=False  mean(r+)=  73.04  mean(r-)=  60.43  t=  39.4s
iter   38  eval_return=  180.02  eval_steps= 200  fell=False  mean(r+)=  46.02  mean(r-)=  41.27  t=  40.1s
iter   39  eval_return=  180.07  eval_steps= 200  fell=False  mean(r+)=  56.05  mean(r-)=  55.40  t=  40.9s
iter   40  eval_return=  180.10  eval_steps= 200  fell=False  mean(r+)=  38.97  mean(r-)=  65.96  t=  41.7s
iter   41  eval_return=  180.13  eval_steps= 200  fell=False  mean(r+)=  67.27  mean(r-)=  42.98  t=  42.5s
iter   42  eval_return=  180.08  eval_steps= 200  fell=False  mean(r+)=  64.40  mean(r-)=  41.50  t=  43.3s
iter   43  eval_return=  180.10  eval_steps= 200  fell=False  mean(r+)=  48.84  mean(r-)=  40.55  t=  44.0s
iter   44  eval_return=  180.04  eval_steps= 200  fell=False  mean(r+)=  37.38  mean(r-)=  31.39  t=  44.6s
iter   45  eval_return=  179.95  eval_steps= 200  fell=False  mean(r+)=  55.96  mean(r-)=  67.82  t=  45.5s
iter   46  eval_return=  180.04  eval_steps= 200  fell=False  mean(r+)=  30.45  mean(r-)=  84.09  t=  46.3s
iter   47  eval_return=  179.99  eval_steps= 200  fell=False  mean(r+)=  56.97  mean(r-)=  35.33  t=  47.0s
iter   48  eval_return=  180.43  eval_steps= 200  fell=False  mean(r+)=  77.40  mean(r-)=  58.74  t=  48.0s
iter   49  eval_return=  180.19  eval_steps= 200  fell=False  mean(r+)=  62.86  mean(r-)=  58.26  t=  48.8s
iter   50  eval_return=  180.06  eval_steps= 200  fell=False  mean(r+)=  54.40  mean(r-)=  66.24  t=  49.7s
iter   51  eval_return=  180.01  eval_steps= 200  fell=False  mean(r+)=  64.88  mean(r-)=  68.86  t=  50.6s
iter   52  eval_return=  180.05  eval_steps= 200  fell=False  mean(r+)=  56.68  mean(r-)=  35.55  t=  51.3s
iter   53  eval_return=  180.06  eval_steps= 200  fell=False  mean(r+)=  40.14  mean(r-)=  69.92  t=  52.2s
iter   54  eval_return=  179.98  eval_steps= 200  fell=False  mean(r+)=  76.26  mean(r-)=  47.65  t=  53.1s
iter   55  eval_return=  180.00  eval_steps= 200  fell=False  mean(r+)=  53.74  mean(r-)=  70.63  t=  54.0s
iter   56  eval_return=  179.98  eval_steps= 200  fell=False  mean(r+)=  61.29  mean(r-)=  85.28  t=  55.0s
iter   57  eval_return=  179.98  eval_steps= 200  fell=False  mean(r+)=  56.97  mean(r-)=  62.44  t=  55.8s
iter   58  eval_return=  179.75  eval_steps= 200  fell=False  mean(r+)=  69.70  mean(r-)=  79.92  t=  56.9s
iter   59  eval_return=  179.92  eval_steps= 200  fell=False  mean(r+)=  36.69  mean(r-)=  67.55  t=  57.7s
iter   60  eval_return=  179.94  eval_steps= 200  fell=False  mean(r+)=  63.85  mean(r-)=  54.83  t=  58.6s
iter   61  eval_return=  180.05  eval_steps= 200  fell=False  mean(r+)=  77.86  mean(r-)=  68.44  t=  59.6s
iter   62  eval_return=  179.97  eval_steps= 200  fell=False  mean(r+)=  78.89  mean(r-)=  77.26  t=  60.7s
iter   63  eval_return=  179.95  eval_steps= 200  fell=False  mean(r+)=  67.63  mean(r-)=  78.93  t=  61.7s
iter   64  eval_return=  179.92  eval_steps= 200  fell=False  mean(r+)=  80.74  mean(r-)=  81.93  t=  62.8s
iter   65  eval_return=  179.88  eval_steps= 200  fell=False  mean(r+)=  86.24  mean(r-)=  75.52  t=  63.9s
iter   66  eval_return=  179.93  eval_steps= 200  fell=False  mean(r+)=  75.46  mean(r-)=  73.02  t=  65.0s
iter   67  eval_return=  179.89  eval_steps= 200  fell=False  mean(r+)=  57.47  mean(r-)=  54.97  t=  65.8s
iter   68  eval_return=  180.04  eval_steps= 200  fell=False  mean(r+)=  62.93  mean(r-)=  70.60  t=  66.8s
iter   69  eval_return=  180.14  eval_steps= 200  fell=False  mean(r+)=  71.40  mean(r-)=  69.95  t=  67.7s
iter   70  eval_return=  180.17  eval_steps= 200  fell=False  mean(r+)=  59.49  mean(r-)=  54.67  t=  68.6s
iter   71  eval_return=  180.17  eval_steps= 200  fell=False  mean(r+)=  44.37  mean(r-)=  69.19  t=  69.4s
iter   72  eval_return=  180.26  eval_steps= 200  fell=False  mean(r+)=  78.06  mean(r-)=  83.89  t=  70.6s
iter   73  eval_return=  180.01  eval_steps= 200  fell=False  mean(r+)=  52.61  mean(r-)=  53.40  t=  71.3s
iter   74  eval_return=  180.28  eval_steps= 200  fell=False  mean(r+)=  35.24  mean(r-)=  43.19  t=  72.0s
iter   75  eval_return=  180.10  eval_steps= 200  fell=False  mean(r+)=  59.89  mean(r-)=  49.04  t=  72.8s
iter   76  eval_return=  180.04  eval_steps= 200  fell=False  mean(r+)=  66.24  mean(r-)=  57.45  t=  73.7s
iter   77  eval_return=  180.07  eval_steps= 200  fell=False  mean(r+)=  91.53  mean(r-)=  61.36  t=  74.7s
iter   78  eval_return=  180.01  eval_steps= 200  fell=False  mean(r+)=  69.56  mean(r-)=  71.51  t=  75.7s
iter   79  eval_return=  179.97  eval_steps= 200  fell=False  mean(r+)=  80.79  mean(r-)=  60.88  t=  76.8s
iter   80  eval_return=  179.86  eval_steps= 200  fell=False  mean(r+)=  65.97  mean(r-)=  92.28  t=  77.8s
iter   81  eval_return=  180.01  eval_steps= 200  fell=False  mean(r+)=  96.19  mean(r-)=  64.30  t=  78.9s
iter   82  eval_return=  179.99  eval_steps= 200  fell=False  mean(r+)=  81.33  mean(r-)=  49.43  t=  79.9s
iter   83  eval_return=  180.04  eval_steps= 200  fell=False  mean(r+)=  51.77  mean(r-)=  44.40  t=  80.7s
iter   84  eval_return=  180.05  eval_steps= 200  fell=False  mean(r+)=  72.90  mean(r-)=  62.95  t=  81.6s
iter   85  eval_return=  180.08  eval_steps= 200  fell=False  mean(r+)=  21.89  mean(r-)=  25.94  t=  82.1s
iter   86  eval_return=  180.05  eval_steps= 200  fell=False  mean(r+)=  34.43  mean(r-)=  26.86  t=  82.7s
iter   87  eval_return=  180.01  eval_steps= 200  fell=False  mean(r+)=  29.48  mean(r-)=  57.14  t=  83.3s
iter   88  eval_return=  179.93  eval_steps= 200  fell=False  mean(r+)=  45.49  mean(r-)=  54.01  t=  84.1s
iter   89  eval_return=  180.02  eval_steps= 200  fell=False  mean(r+)=  92.71  mean(r-)=  39.85  t=  85.1s
iter   90  eval_return=  180.11  eval_steps= 200  fell=False  mean(r+)=  57.37  mean(r-)=  70.10  t=  86.0s
iter   91  eval_return=  180.03  eval_steps= 200  fell=False  mean(r+)=  53.46  mean(r-)=  66.06  t=  86.9s
iter   92  eval_return=  180.03  eval_steps= 200  fell=False  mean(r+)=  65.04  mean(r-)=  40.50  t=  87.7s
iter   93  eval_return=  180.07  eval_steps= 200  fell=False  mean(r+)=  73.33  mean(r-)=  61.24  t=  88.6s
iter   94  eval_return=  180.03  eval_steps= 200  fell=False  mean(r+)=  75.81  mean(r-)=  50.30  t=  89.5s
iter   95  eval_return=  180.00  eval_steps= 200  fell=False  mean(r+)=  81.52  mean(r-)=  67.98  t=  90.6s
iter   96  eval_return=  180.00  eval_steps= 200  fell=False  mean(r+)=  58.08  mean(r-)=  74.02  t=  91.5s
iter   97  eval_return=  180.00  eval_steps= 200  fell=False  mean(r+)=  64.34  mean(r-)=  56.27  t=  92.4s
iter   98  eval_return=  180.01  eval_steps= 200  fell=False  mean(r+)=  55.28  mean(r-)=  79.27  t=  93.4s
iter   99  eval_return=  180.00  eval_steps= 200  fell=False  mean(r+)=  60.98  mean(r-)=  92.17  t=  94.4s
iter  100  eval_return=  180.12  eval_steps= 200  fell=False  mean(r+)=  64.86  mean(r-)=  62.03  t=  95.4s
iter  101  eval_return=  180.03  eval_steps= 200  fell=False  mean(r+)=  49.92  mean(r-)=  75.61  t=  96.3s
iter  102  eval_return=  180.03  eval_steps= 200  fell=False  mean(r+)=  54.70  mean(r-)=  52.55  t=  97.1s
iter  103  eval_return=  180.00  eval_steps= 200  fell=False  mean(r+)=  70.35  mean(r-)=  24.37  t=  97.8s
iter  104  eval_return=  179.96  eval_steps= 200  fell=False  mean(r+)=  66.73  mean(r-)=  58.83  t=  98.7s
iter  105  eval_return=  179.84  eval_steps= 200  fell=False  mean(r+)=  37.33  mean(r-)=  45.48  t=  99.4s
iter  106  eval_return=  179.99  eval_steps= 200  fell=False  mean(r+)=  36.55  mean(r-)=  48.11  t= 100.1s
iter  107  eval_return=  180.04  eval_steps= 200  fell=False  mean(r+)=  53.59  mean(r-)=  59.70  t= 100.9s
iter  108  eval_return=  180.07  eval_steps= 200  fell=False  mean(r+)=  27.89  mean(r-)=  54.93  t= 101.6s
iter  109  eval_return=  179.98  eval_steps= 200  fell=False  mean(r+)=  29.36  mean(r-)=  37.41  t= 102.2s
iter  110  eval_return=  179.94  eval_steps= 200  fell=False  mean(r+)=  35.91  mean(r-)=  54.35  t= 102.9s
iter  111  eval_return=  179.95  eval_steps= 200  fell=False  mean(r+)=  46.28  mean(r-)=  44.56  t= 103.6s
iter  112  eval_return=  179.95  eval_steps= 200  fell=False  mean(r+)=  35.67  mean(r-)=  46.06  t= 104.2s
iter  113  eval_return=  179.94  eval_steps= 200  fell=False  mean(r+)=  72.55  mean(r-)=  38.84  t= 105.1s
iter  114  eval_return=  179.96  eval_steps= 200  fell=False  mean(r+)=  43.96  mean(r-)=  39.77  t= 105.7s
iter  115  eval_return=  179.97  eval_steps= 200  fell=False  mean(r+)=  67.47  mean(r-)=  67.76  t= 106.7s
iter  116  eval_return=  179.97  eval_steps= 200  fell=False  mean(r+)=  49.70  mean(r-)=  44.70  t= 107.5s
iter  117  eval_return=  179.93  eval_steps= 200  fell=False  mean(r+)=  43.67  mean(r-)=  52.55  t= 108.2s
iter  118  eval_return=  179.87  eval_steps= 200  fell=False  mean(r+)=  47.00  mean(r-)=  50.17  t= 109.0s
iter  119  eval_return=  179.78  eval_steps= 200  fell=False  mean(r+)=  47.71  mean(r-)=  38.74  t= 109.7s
iter  120  eval_return=  179.95  eval_steps= 200  fell=False  mean(r+)=  57.13  mean(r-)=  57.05  t= 110.6s
iter  121  eval_return=  179.92  eval_steps= 200  fell=False  mean(r+)=  73.81  mean(r-)=  77.05  t= 111.7s
iter  122  eval_return=  179.92  eval_steps= 200  fell=False  mean(r+)=  52.05  mean(r-)=  76.85  t= 112.6s
iter  123  eval_return=  179.97  eval_steps= 200  fell=False  mean(r+)=  32.40  mean(r-)=  39.78  t= 113.3s
iter  124  eval_return=  179.95  eval_steps= 200  fell=False  mean(r+)=  49.69  mean(r-)=  59.69  t= 114.1s
iter  125  eval_return=  179.93  eval_steps= 200  fell=False  mean(r+)=  60.46  mean(r-)=  56.10  t= 115.0s
iter  126  eval_return=  180.00  eval_steps= 200  fell=False  mean(r+)=  37.34  mean(r-)=  75.01  t= 115.8s
iter  127  eval_return=  179.91  eval_steps= 200  fell=False  mean(r+)=  77.24  mean(r-)=  84.79  t= 117.0s
iter  128  eval_return=  179.93  eval_steps= 200  fell=False  mean(r+)=  62.14  mean(r-)=  67.25  t= 117.9s
iter  129  eval_return=  180.08  eval_steps= 200  fell=False  mean(r+)=  68.65  mean(r-)=  55.26  t= 118.8s
iter  130  eval_return=  180.05  eval_steps= 200  fell=False  mean(r+)=  65.91  mean(r-)=  32.51  t= 119.6s
iter  131  eval_return=  180.15  eval_steps= 200  fell=False  mean(r+)=  41.11  mean(r-)=  39.29  t= 120.3s
iter  132  eval_return=  180.14  eval_steps= 200  fell=False  mean(r+)=  55.36  mean(r-)=  65.81  t= 121.2s
iter  133  eval_return=  179.97  eval_steps= 200  fell=False  mean(r+)=  35.23  mean(r-)=  53.02  t= 121.9s
iter  134  eval_return=  179.94  eval_steps= 200  fell=False  mean(r+)=  61.48  mean(r-)=  52.93  t= 122.8s
iter  135  eval_return=  179.93  eval_steps= 200  fell=False  mean(r+)=  38.65  mean(r-)=  64.87  t= 123.6s
iter  136  eval_return=  179.93  eval_steps= 200  fell=False  mean(r+)=  65.34  mean(r-)=  31.77  t= 124.3s
iter  137  eval_return=  180.00  eval_steps= 200  fell=False  mean(r+)=  62.66  mean(r-)=  38.37  t= 125.1s
iter  138  eval_return=  179.95  eval_steps= 200  fell=False  mean(r+)=  47.14  mean(r-)=  79.15  t= 126.1s
iter  139  eval_return=  179.99  eval_steps= 200  fell=False  mean(r+)=  69.09  mean(r-)=  60.57  t= 127.0s
iter  140  eval_return=  179.87  eval_steps= 200  fell=False  mean(r+)=  64.21  mean(r-)=  65.05  t= 128.0s
iter  141  eval_return=  179.89  eval_steps= 200  fell=False  mean(r+)=  91.95  mean(r-)=  62.15  t= 129.0s
iter  142  eval_return=  179.79  eval_steps= 200  fell=False  mean(r+)=  29.00  mean(r-)=  23.09  t= 129.5s
iter  143  eval_return=  179.87  eval_steps= 200  fell=False  mean(r+)=  60.79  mean(r-)=  36.67  t= 130.3s
iter  144  eval_return=  179.90  eval_steps= 200  fell=False  mean(r+)=  60.63  mean(r-)=  58.37  t= 131.2s
iter  145  eval_return=  179.86  eval_steps= 200  fell=False  mean(r+)=  53.66  mean(r-)=  60.98  t= 132.1s
iter  146  eval_return=  179.88  eval_steps= 200  fell=False  mean(r+)=  31.59  mean(r-)=  36.51  t= 132.7s
iter  147  eval_return=  179.96  eval_steps= 200  fell=False  mean(r+)=  51.81  mean(r-)=  71.78  t= 133.6s
iter  148  eval_return=  179.97  eval_steps= 200  fell=False  mean(r+)=  36.36  mean(r-)=  28.85  t= 134.2s
iter  149  eval_return=  179.97  eval_steps= 200  fell=False  mean(r+)=  32.81  mean(r-)=  38.67  t= 134.8s
iter  150  eval_return=  179.96  eval_steps= 200  fell=False  mean(r+)=  53.39  mean(r-)=  54.29  t= 135.6s
iter  151  eval_return=  179.96  eval_steps= 200  fell=False  mean(r+)=  64.13  mean(r-)= 109.31  t= 136.8s
iter  152  eval_return=  179.96  eval_steps= 200  fell=False  mean(r+)=  43.27  mean(r-)=  55.29  t= 137.5s
iter  153  eval_return=  180.04  eval_steps= 200  fell=False  mean(r+)=  93.57  mean(r-)=  63.30  t= 138.7s
iter  154  eval_return=  180.04  eval_steps= 200  fell=False  mean(r+)=  48.82  mean(r-)=  52.89  t= 139.5s
iter  155  eval_return=  180.05  eval_steps= 200  fell=False  mean(r+)=  65.79  mean(r-)=  51.51  t= 140.4s
iter  156  eval_return=  180.05  eval_steps= 200  fell=False  mean(r+)=  62.88  mean(r-)=  46.05  t= 141.2s
iter  157  eval_return=  180.01  eval_steps= 200  fell=False  mean(r+)=  42.87  mean(r-)=  59.11  t= 142.0s
iter  158  eval_return=  180.07  eval_steps= 200  fell=False  mean(r+)=  30.75  mean(r-)=  22.79  t= 142.5s
iter  159  eval_return=  180.08  eval_steps= 200  fell=False  mean(r+)=  50.63  mean(r-)=  66.31  t= 143.4s
iter  160  eval_return=  180.05  eval_steps= 200  fell=False  mean(r+)=  41.41  mean(r-)=  38.38  t= 144.1s
iter  161  eval_return=  180.10  eval_steps= 200  fell=False  mean(r+)=  26.74  mean(r-)=  40.12  t= 144.7s
iter  162  eval_return=   71.24  eval_steps=  95  fell=True   mean(r+)=  22.93  mean(r-)=  18.97  t= 145.1s
iter  163  eval_return=   85.88  eval_steps= 111  fell=True   mean(r+)=  24.95  mean(r-)=  38.53  t= 145.6s
iter  164  eval_return=  167.80  eval_steps= 199  fell=True   mean(r+)=  38.07  mean(r-)=  33.54  t= 146.2s
iter  165  eval_return=  180.00  eval_steps= 200  fell=False  mean(r+)=  21.69  mean(r-)=  41.47  t= 146.7s
iter  166  eval_return=  180.09  eval_steps= 200  fell=False  mean(r+)=  42.05  mean(r-)=  60.21  t= 147.5s
iter  167  eval_return=  180.16  eval_steps= 200  fell=False  mean(r+)=  56.92  mean(r-)=  38.85  t= 148.3s
iter  168  eval_return=  180.17  eval_steps= 200  fell=False  mean(r+)=  53.28  mean(r-)=  55.79  t= 149.1s
iter  169  eval_return=  180.08  eval_steps= 200  fell=False  mean(r+)=  35.00  mean(r-)=  46.01  t= 149.8s
iter  170  eval_return=  180.07  eval_steps= 200  fell=False  mean(r+)=  37.18  mean(r-)=  29.00  t= 150.4s
iter  171  eval_return=  180.13  eval_steps= 200  fell=False  mean(r+)=  22.07  mean(r-)=  26.77  t= 150.8s
iter  172  eval_return=  180.17  eval_steps= 200  fell=False  mean(r+)=  23.79  mean(r-)=  24.08  t= 151.3s
iter  173  eval_return=  180.13  eval_steps= 200  fell=False  mean(r+)=  31.13  mean(r-)=  23.15  t= 151.8s
iter  174  eval_return=  180.18  eval_steps= 200  fell=False  mean(r+)=  26.64  mean(r-)=  23.42  t= 152.3s
iter  175  eval_return=  180.09  eval_steps= 200  fell=False  mean(r+)=  35.61  mean(r-)=  32.41  t= 152.8s
iter  176  eval_return=  180.09  eval_steps= 200  fell=False  mean(r+)=  40.47  mean(r-)=  51.91  t= 153.6s
iter  177  eval_return=  180.24  eval_steps= 200  fell=False  mean(r+)=  39.20  mean(r-)=  29.70  t= 154.1s
iter  178  eval_return=  180.16  eval_steps= 200  fell=False  mean(r+)=  26.27  mean(r-)=  39.77  t= 154.7s
iter  179  eval_return=  179.94  eval_steps= 200  fell=False  mean(r+)=  23.41  mean(r-)=  27.44  t= 155.2s
iter  180  eval_return=  180.04  eval_steps= 200  fell=False  mean(r+)=  21.53  mean(r-)=  22.21  t= 155.6s
iter  181  eval_return=  180.11  eval_steps= 200  fell=False  mean(r+)=  44.99  mean(r-)=  19.35  t= 156.2s
iter  182  eval_return=  179.99  eval_steps= 200  fell=False  mean(r+)=  51.30  mean(r-)=  35.33  t= 156.9s
iter  183  eval_return=  180.03  eval_steps= 200  fell=False  mean(r+)=  56.76  mean(r-)=  51.22  t= 157.7s
iter  184  eval_return=  179.97  eval_steps= 200  fell=False  mean(r+)=  56.63  mean(r-)=  26.96  t= 158.4s
iter  185  eval_return=  179.97  eval_steps= 200  fell=False  mean(r+)=  49.53  mean(r-)=  29.11  t= 159.0s
iter  186  eval_return=  180.02  eval_steps= 200  fell=False  mean(r+)=  30.95  mean(r-)=  34.89  t= 159.6s
iter  187  eval_return=  180.07  eval_steps= 200  fell=False  mean(r+)=  42.44  mean(r-)=  25.06  t= 160.2s
iter  188  eval_return=  180.05  eval_steps= 200  fell=False  mean(r+)=  19.76  mean(r-)=  46.55  t= 160.7s
iter  189  eval_return=  180.03  eval_steps= 200  fell=False  mean(r+)=  39.26  mean(r-)=  39.67  t= 161.4s
iter  190  eval_return=  179.99  eval_steps= 200  fell=False  mean(r+)=  18.44  mean(r-)=  21.73  t= 161.8s
iter  191  eval_return=  179.95  eval_steps= 200  fell=False  mean(r+)=  33.99  mean(r-)=  16.96  t= 162.3s
iter  192  eval_return=  179.93  eval_steps= 200  fell=False  mean(r+)=  19.88  mean(r-)=  35.27  t= 162.8s
iter  193  eval_return=  180.02  eval_steps= 200  fell=False  mean(r+)=  27.32  mean(r-)=  31.31  t= 163.3s
iter  194  eval_return=  179.99  eval_steps= 200  fell=False  mean(r+)=  47.73  mean(r-)=  31.68  t= 164.0s
iter  195  eval_return=  180.08  eval_steps= 200  fell=False  mean(r+)=  37.63  mean(r-)=  21.06  t= 164.5s
iter  196  eval_return=  180.07  eval_steps= 200  fell=False  mean(r+)=  30.52  mean(r-)=  32.57  t= 165.1s
iter  197  eval_return=  180.09  eval_steps= 200  fell=False  mean(r+)=  30.77  mean(r-)=  34.20  t= 165.7s
iter  198  eval_return=  180.13  eval_steps= 200  fell=False  mean(r+)=  30.51  mean(r-)=  41.06  t= 166.3s
iter  199  eval_return=  180.06  eval_steps= 200  fell=False  mean(r+)=  21.74  mean(r-)=  52.03  t= 166.9s
iter  200  eval_return=  180.06  eval_steps= 200  fell=False  mean(r+)=  29.28  mean(r-)=  41.30  t= 167.5s
iter  201  eval_return=  180.08  eval_steps= 200  fell=False  mean(r+)=  55.28  mean(r-)=  22.35  t= 168.1s
iter  202  eval_return=  179.99  eval_steps= 200  fell=False  mean(r+)=  26.23  mean(r-)=  30.12  t= 168.6s
iter  203  eval_return=  180.02  eval_steps= 200  fell=False  mean(r+)=  48.18  mean(r-)=  25.61  t= 169.3s
iter  204  eval_return=  179.97  eval_steps= 200  fell=False  mean(r+)=  32.33  mean(r-)=  24.03  t= 169.8s
iter  205  eval_return=  179.64  eval_steps= 200  fell=False  mean(r+)=  21.18  mean(r-)=  24.34  t= 170.2s
iter  206  eval_return=  179.93  eval_steps= 200  fell=False  mean(r+)=  27.22  mean(r-)=  20.93  t= 170.7s
iter  207  eval_return=  179.90  eval_steps= 200  fell=False  mean(r+)=  31.91  mean(r-)=  19.79  t= 171.2s
iter  208  eval_return=  179.92  eval_steps= 200  fell=False  mean(r+)=  30.33  mean(r-)=  22.15  t= 171.7s
iter  209  eval_return=  179.94  eval_steps= 200  fell=False  mean(r+)=  25.46  mean(r-)=  31.22  t= 172.2s
iter  210  eval_return=  179.86  eval_steps= 200  fell=False  mean(r+)=  28.19  mean(r-)=  35.49  t= 172.7s
iter  211  eval_return=  179.85  eval_steps= 200  fell=False  mean(r+)=  50.96  mean(r-)=  40.92  t= 173.5s
iter  212  eval_return=  179.88  eval_steps= 200  fell=False  mean(r+)=  26.43  mean(r-)=  20.01  t= 173.9s
iter  213  eval_return=  179.84  eval_steps= 200  fell=False  mean(r+)=  21.15  mean(r-)=  41.50  t= 174.5s
iter  214  eval_return=  179.50  eval_steps= 200  fell=False  mean(r+)=  21.01  mean(r-)=  28.90  t= 175.0s
iter  215  eval_return=  178.29  eval_steps= 200  fell=False  mean(r+)=  27.59  mean(r-)=  34.60  t= 175.5s
iter  216  eval_return=  179.26  eval_steps= 200  fell=False  mean(r+)=  23.62  mean(r-)=  61.14  t= 176.2s
iter  217  eval_return=  179.72  eval_steps= 200  fell=False  mean(r+)=  28.54  mean(r-)=  26.14  t= 176.7s
iter  218  eval_return=  179.85  eval_steps= 200  fell=False  mean(r+)=  46.94  mean(r-)=  29.70  t= 177.4s
iter  219  eval_return=  179.18  eval_steps= 200  fell=False  mean(r+)=  33.58  mean(r-)=  43.59  t= 178.0s
iter  220  eval_return=  179.75  eval_steps= 200  fell=False  mean(r+)=  39.57  mean(r-)=  39.99  t= 178.7s
iter  221  eval_return=  179.91  eval_steps= 200  fell=False  mean(r+)=  43.55  mean(r-)=  24.42  t= 179.3s
iter  222  eval_return=  179.90  eval_steps= 200  fell=False  mean(r+)=  58.96  mean(r-)=  33.39  t= 180.0s
iter  223  eval_return=  179.90  eval_steps= 200  fell=False  mean(r+)=  48.75  mean(r-)=  62.90  t= 180.9s
iter  224  eval_return=  179.98  eval_steps= 200  fell=False  mean(r+)=  79.00  mean(r-)=  61.49  t= 181.9s
iter  225  eval_return=  180.00  eval_steps= 200  fell=False  mean(r+)=  68.67  mean(r-)=  69.72  t= 182.9s
iter  226  eval_return=  179.96  eval_steps= 200  fell=False  mean(r+)=  85.30  mean(r-)=  30.23  t= 183.8s
iter  227  eval_return=  179.96  eval_steps= 200  fell=False  mean(r+)=  74.37  mean(r-)=  32.63  t= 184.6s
iter  228  eval_return=  180.00  eval_steps= 200  fell=False  mean(r+)=  39.69  mean(r-)=  47.51  t= 185.3s
iter  229  eval_return=  179.87  eval_steps= 200  fell=False  mean(r+)=  41.73  mean(r-)=  56.82  t= 186.1s
iter  230  eval_return=  179.70  eval_steps= 200  fell=False  mean(r+)=  64.94  mean(r-)=  39.36  t= 186.9s
iter  231  eval_return=  179.93  eval_steps= 200  fell=False  mean(r+)=  45.53  mean(r-)=  65.79  t= 187.8s
iter  232  eval_return=  179.82  eval_steps= 200  fell=False  mean(r+)=  28.75  mean(r-)=  42.84  t= 188.4s
iter  233  eval_return=  179.88  eval_steps= 200  fell=False  mean(r+)=  34.90  mean(r-)=  40.55  t= 189.0s
iter  234  eval_return=  179.98  eval_steps= 200  fell=False  mean(r+)=  30.73  mean(r-)=  28.31  t= 189.5s
iter  235  eval_return=  179.92  eval_steps= 200  fell=False  mean(r+)=  31.06  mean(r-)=  31.85  t= 190.1s
iter  236  eval_return=  179.96  eval_steps= 200  fell=False  mean(r+)=  22.81  mean(r-)=  24.58  t= 190.6s
iter  237  eval_return=  180.10  eval_steps= 200  fell=False  mean(r+)=  37.08  mean(r-)=  28.87  t= 191.2s
iter  238  eval_return=  180.07  eval_steps= 200  fell=False  mean(r+)=  33.14  mean(r-)=  37.95  t= 191.8s
iter  239  eval_return=  179.98  eval_steps= 200  fell=False  mean(r+)=  42.87  mean(r-)=  41.47  t= 192.4s
iter  240  eval_return=  180.14  eval_steps= 200  fell=False  mean(r+)=  48.57  mean(r-)=  43.78  t= 193.2s
iter  241  eval_return=  180.12  eval_steps= 200  fell=False  mean(r+)=  47.62  mean(r-)=  34.64  t= 193.8s
iter  242  eval_return=  180.11  eval_steps= 200  fell=False  mean(r+)=  40.15  mean(r-)=  47.65  t= 194.5s
iter  243  eval_return=  180.04  eval_steps= 200  fell=False  mean(r+)=  23.55  mean(r-)=  39.34  t= 195.1s
iter  244  eval_return=  180.11  eval_steps= 200  fell=False  mean(r+)=  43.83  mean(r-)=  60.15  t= 195.9s
iter  245  eval_return=  180.15  eval_steps= 200  fell=False  mean(r+)=  33.72  mean(r-)=  25.00  t= 196.4s
iter  246  eval_return=  155.79  eval_steps= 185  fell=True   mean(r+)=  43.02  mean(r-)=  22.21  t= 197.0s
iter  247  eval_return=  180.08  eval_steps= 200  fell=False  mean(r+)=  30.75  mean(r-)=  51.41  t= 197.6s
iter  248  eval_return=  180.07  eval_steps= 200  fell=False  mean(r+)=  45.81  mean(r-)=  44.95  t= 198.4s
iter  249  eval_return=  179.97  eval_steps= 200  fell=False  mean(r+)=  48.29  mean(r-)=  42.85  t= 199.2s
iter  250  eval_return=  179.98  eval_steps= 200  fell=False  mean(r+)=  48.84  mean(r-)=  17.99  t= 199.7s
iter  251  eval_return=  179.98  eval_steps= 200  fell=False  mean(r+)=  28.55  mean(r-)=  28.20  t= 200.3s
iter  252  eval_return=  179.98  eval_steps= 200  fell=False  mean(r+)=  38.76  mean(r-)=  38.85  t= 200.9s
iter  253  eval_return=  180.02  eval_steps= 200  fell=False  mean(r+)=  40.39  mean(r-)=  33.07  t= 201.5s
iter  254  eval_return=  179.99  eval_steps= 200  fell=False  mean(r+)=  62.45  mean(r-)=  47.10  t= 202.4s
iter  255  eval_return=  180.05  eval_steps= 200  fell=False  mean(r+)=  41.13  mean(r-)=  35.95  t= 203.0s
iter  256  eval_return=  180.07  eval_steps= 200  fell=False  mean(r+)=  60.74  mean(r-)=  35.10  t= 203.7s
iter  257  eval_return=  180.13  eval_steps= 200  fell=False  mean(r+)=  51.03  mean(r-)=  31.81  t= 204.4s
iter  258  eval_return=  180.13  eval_steps= 200  fell=False  mean(r+)=  47.97  mean(r-)=  25.10  t= 205.1s
iter  259  eval_return=  180.00  eval_steps= 200  fell=False  mean(r+)=  30.00  mean(r-)=  59.12  t= 205.7s
iter  260  eval_return=  180.31  eval_steps= 200  fell=False  mean(r+)=  43.94  mean(r-)=  30.48  t= 206.4s
iter  261  eval_return=  179.75  eval_steps= 200  fell=False  mean(r+)=  34.54  mean(r-)=  17.92  t= 206.9s
iter  262  eval_return=  179.82  eval_steps= 200  fell=False  mean(r+)=  24.36  mean(r-)=  44.78  t= 207.5s
iter  263  eval_return=  180.19  eval_steps= 200  fell=False  mean(r+)=  51.17  mean(r-)=  30.42  t= 208.1s
iter  264  eval_return=  180.05  eval_steps= 200  fell=False  mean(r+)=  18.64  mean(r-)=  29.56  t= 208.6s
iter  265  eval_return=  180.03  eval_steps= 200  fell=False  mean(r+)=  41.05  mean(r-)=  40.17  t= 209.2s
iter  266  eval_return=  180.05  eval_steps= 200  fell=False  mean(r+)=  40.77  mean(r-)=  36.26  t= 209.9s
iter  267  eval_return=  180.06  eval_steps= 200  fell=False  mean(r+)=  46.02  mean(r-)=  31.41  t= 210.5s
iter  268  eval_return=  180.23  eval_steps= 200  fell=False  mean(r+)=  31.24  mean(r-)=  22.39  t= 211.0s
iter  269  eval_return=  180.38  eval_steps= 200  fell=False  mean(r+)=  26.49  mean(r-)=  21.58  t= 211.5s
iter  270  eval_return=  179.99  eval_steps= 200  fell=False  mean(r+)=  36.19  mean(r-)=  47.36  t= 212.2s
iter  271  eval_return=  180.08  eval_steps= 200  fell=False  mean(r+)=  31.19  mean(r-)=  41.70  t= 212.8s
iter  272  eval_return=  179.94  eval_steps= 200  fell=False  mean(r+)=  34.44  mean(r-)=  41.81  t= 213.4s
iter  273  eval_return=  179.74  eval_steps= 200  fell=False  mean(r+)=  34.41  mean(r-)=  27.97  t= 214.0s
iter  274  eval_return=  179.92  eval_steps= 200  fell=False  mean(r+)=  29.15  mean(r-)=  18.60  t= 214.4s
iter  275  eval_return=  179.93  eval_steps= 200  fell=False  mean(r+)=  28.33  mean(r-)=  31.92  t= 215.0s
iter  276  eval_return=  179.90  eval_steps= 200  fell=False  mean(r+)=  34.97  mean(r-)=  18.83  t= 215.5s
iter  277  eval_return=  179.91  eval_steps= 200  fell=False  mean(r+)=  34.96  mean(r-)=  46.68  t= 216.1s
iter  278  eval_return=  179.85  eval_steps= 200  fell=False  mean(r+)=  19.02  mean(r-)=  38.10  t= 216.7s
iter  279  eval_return=  180.20  eval_steps= 200  fell=False  mean(r+)=  29.22  mean(r-)=  24.99  t= 217.2s
iter  280  eval_return=  180.30  eval_steps= 200  fell=False  mean(r+)=  47.84  mean(r-)=  28.70  t= 217.9s
iter  281  eval_return=  179.95  eval_steps= 200  fell=False  mean(r+)=  27.98  mean(r-)=  52.35  t= 218.5s
iter  282  eval_return=  179.92  eval_steps= 200  fell=False  mean(r+)=  27.70  mean(r-)=  37.18  t= 219.1s
iter  283  eval_return=  179.92  eval_steps= 200  fell=False  mean(r+)=  38.37  mean(r-)=  27.70  t= 219.7s
iter  284  eval_return=  179.92  eval_steps= 200  fell=False  mean(r+)=  39.95  mean(r-)=  29.76  t= 220.3s
iter  285  eval_return=  179.93  eval_steps= 200  fell=False  mean(r+)=  46.95  mean(r-)=  33.46  t= 220.9s
iter  286  eval_return=  179.94  eval_steps= 200  fell=False  mean(r+)=  45.72  mean(r-)=  20.91  t= 221.5s
iter  287  eval_return=  179.94  eval_steps= 200  fell=False  mean(r+)=  52.91  mean(r-)=  47.84  t= 222.3s
iter  288  eval_return=  179.98  eval_steps= 200  fell=False  mean(r+)=  64.16  mean(r-)=  44.14  t= 223.1s
iter  289  eval_return=  180.01  eval_steps= 200  fell=False  mean(r+)=  51.11  mean(r-)=  42.04  t= 223.8s
iter  290  eval_return=  180.00  eval_steps= 200  fell=False  mean(r+)=  55.35  mean(r-)=  26.61  t= 224.5s
iter  291  eval_return=  180.03  eval_steps= 200  fell=False  mean(r+)=  28.03  mean(r-)=  55.18  t= 225.2s
iter  292  eval_return=  179.95  eval_steps= 200  fell=False  mean(r+)=  35.13  mean(r-)=  60.03  t= 225.9s
iter  293  eval_return=  179.92  eval_steps= 200  fell=False  mean(r+)=  49.72  mean(r-)=  38.10  t= 226.6s
iter  294  eval_return=  179.95  eval_steps= 200  fell=False  mean(r+)=  66.81  mean(r-)=  57.37  t= 227.5s
iter  295  eval_return=  179.93  eval_steps= 200  fell=False  mean(r+)=  45.39  mean(r-)=  62.58  t= 228.3s
iter  296  eval_return=  179.95  eval_steps= 200  fell=False  mean(r+)=  43.16  mean(r-)=  35.47  t= 228.9s
iter  297  eval_return=  179.92  eval_steps= 200  fell=False  mean(r+)=  67.57  mean(r-)=  20.16  t= 229.6s
iter  298  eval_return=  179.98  eval_steps= 200  fell=False  mean(r+)=  41.65  mean(r-)=  51.79  t= 230.4s
iter  299  eval_return=  179.97  eval_steps= 200  fell=False  mean(r+)=  61.75  mean(r-)=  58.09  t= 231.3s
