iter    0  eval_return=   -0.46  eval_steps= 200  fell=False  mean(r+)= -43.57  mean(r-)= -36.34  t=   1.2s
iter    1  eval_return=   -1.13  eval_steps= 200  fell=False  mean(r+)= -34.06  mean(r-)= -29.75  t=   2.5s
iter    2  eval_return=   -1.20  eval_steps= 200  fell=False  mean(r+)= -41.13  mean(r-)= -30.05  t=   3.5s
iter    3  eval_return=   -0.90  eval_steps= 200  fell=False  mean(r+)= -28.16  mean(r-)= -43.50  t=   4.6s
iter    4  eval_return=   -0.18  eval_steps= 200  fell=False  mean(r+)= -24.17  mean(r-)= -16.05  t=   5.6s
iter    5  eval_return=   -0.14  eval_steps= 200  fell=False  mean(r+)= -13.16  mean(r-)= -11.94  t=   6.5s
iter    6  eval_return=    0.82  eval_steps= 200  fell=False  mean(r+)= -14.17  mean(r-)= -19.17  t=   7.6s
iter    7  eval_return=    0.50  eval_steps= 200  fell=False  mean(r+)= -13.02  mean(r-)= -13.88  t=   8.5s
iter    8  eval_return=  -55.56  eval_steps= 130  fell=True   mean(r+)= -12.26  mean(r-)= -10.16  t=   9.1s
iter    9  eval_return=    1.10  eval_steps= 200  fell=False  mean(r+)= -16.22  mean(r-)= -12.05  t=   9.8s
iter   10  eval_return=    0.68  eval_steps= 200  fell=False  mean(r+)=  -9.34  mean(r-)= -20.55  t=  10.5s
iter   11  eval_return=    1.00  eval_steps= 200  fell=False  mean(r+)= -12.97  mean(r-)= -12.75  t=  11.1s
iter   12  eval_return=    1.01  eval_steps= 200  fell=False  mean(r+)= -13.61  mean(r-)= -17.38  t=  11.7s
iter   13  eval_return=  -16.19  eval_steps=  70  fell=True   mean(r+)= -12.80  mean(r-)=  -7.28  t=  12.3s
iter   14  eval_return=  -12.93  eval_steps= 133  fell=True   mean(r+)=  -6.42  mean(r-)= -10.93  t=  12.9s
iter   15  eval_return=    3.34  eval_steps= 200  fell=False  mean(r+)=  -4.88  mean(r-)= -16.32  t=  13.5s
iter   16  eval_return=    5.90  eval_steps=  47  fell=True   mean(r+)=  -4.36  mean(r-)= -14.57  t=  14.0s
iter   17  eval_return=   -3.48  eval_steps= 200  fell=False  mean(r+)=  -8.89  mean(r-)=  -7.61  t=  14.7s
iter   18  eval_return=  -13.88  eval_steps=  42  fell=True   mean(r+)=  -3.84  mean(r-)=  -5.74  t=  15.5s
iter   19  eval_return=    2.03  eval_steps=  38  fell=True   mean(r+)=  -1.09  mean(r-)= -13.16  t=  15.9s
iter   20  eval_return=    4.95  eval_steps=  61  fell=True   mean(r+)=  -4.66  mean(r-)=  -1.91  t=  16.4s
iter   21  eval_return=    4.49  eval_steps=  45  fell=True   mean(r+)=  -2.45  mean(r-)=  -4.55  t=  16.9s
iter   22  eval_return=  -15.62  eval_steps=  52  fell=True   mean(r+)=  -2.12  mean(r-)=  -3.02  t=  17.3s
iter   23  eval_return=   -4.51  eval_steps=  42  fell=True   mean(r+)=  -4.19  mean(r-)=  -0.56  t=  17.7s
iter   24  eval_return=   -1.90  eval_steps=  37  fell=True   mean(r+)=   3.25  mean(r-)=   0.17  t=  18.1s
iter   25  eval_return=   -2.10  eval_steps=  32  fell=True   mean(r+)=   1.15  mean(r-)=   1.93  t=  18.5s
iter   26  eval_return=    2.97  eval_steps=  41  fell=True   mean(r+)=   1.45  mean(r-)=   4.03  t=  18.9s
iter   27  eval_return=  -33.21  eval_steps=  66  fell=True   mean(r+)=  -0.56  mean(r-)=  -3.61  t=  19.3s
iter   28  eval_return=    2.06  eval_steps=  28  fell=True   mean(r+)=   3.07  mean(r-)=  -0.20  t=  19.8s
iter   29  eval_return=  -13.20  eval_steps=  62  fell=True   mean(r+)=   0.75  mean(r-)=  -4.21  t=  20.2s
iter   30  eval_return=   13.93  eval_steps=  41  fell=True   mean(r+)=  -2.71  mean(r-)=  -1.28  t=  20.6s
iter   31  eval_return=   13.71  eval_steps=  38  fell=True   mean(r+)=   2.85  mean(r-)=  -2.38  t=  21.0s
iter   32  eval_return=   -9.19  eval_steps=  44  fell=True   mean(r+)=   3.34  mean(r-)=  -1.83  t=  21.4s
iter   33  eval_return=    6.78  eval_steps=  34  fell=True   mean(r+)=   5.40  mean(r-)=   4.54  t=  21.9s
iter   34  eval_return=   14.71  eval_steps=  38  fell=True   mean(r+)=   3.52  mean(r-)=   3.83  t=  22.3s
iter   35  eval_return=    2.74  eval_steps=  32  fell=True   mean(r+)=  -0.15  mean(r-)=   2.15  t=  22.7s
iter   36  eval_return=   -8.48  eval_steps=  61  fell=True   mean(r+)=   0.96  mean(r-)=   0.56  t=  23.1s
iter   37  eval_return=    8.53  eval_steps=  41  fell=True   mean(r+)=   1.86  mean(r-)=   2.12  t=  23.5s
iter   38  eval_return=    4.30  eval_steps=  39  fell=True   mean(r+)=   2.25  mean(r-)=   2.03  t=  23.8s
iter   39  eval_return=   10.04  eval_steps=  36  fell=True   mean(r+)=   4.56  mean(r-)=   1.16  t=  24.2s
iter   40  eval_return=   17.55  eval_steps=  45  fell=True   mean(r+)=  -0.08  mean(r-)=   6.06  t=  24.6s
iter   41  eval_return=    7.23  eval_steps=  50  fell=True   mean(r+)=   4.26  mean(r-)=   2.60  t=  25.0s
iter   42  eval_return=   11.77  eval_steps=  31  fell=True   mean(r+)=   2.09  mean(r-)=   2.23  t=  25.3s
iter   43  eval_return=    9.62  eval_steps=  35  fell=True   mean(r+)=   1.70  mean(r-)=   4.68  t=  25.7s
iter   44  eval_return=   11.38  eval_steps=  39  fell=True   mean(r+)=   7.36  mean(r-)=   2.78  t=  26.1s
iter   45  eval_return=   11.04  eval_steps=  49  fell=True   mean(r+)=   4.28  mean(r-)=   7.07  t=  26.5s
iter   46  eval_return=   -1.70  eval_steps=  77  fell=True   mean(r+)=   3.85  mean(r-)=   3.59  t=  26.9s
iter   47  eval_return=    6.63  eval_steps=  33  fell=True   mean(r+)=   3.89  mean(r-)=   2.47  t=  27.3s
iter   48  eval_return=   13.82  eval_steps=  35  fell=True   mean(r+)=   4.97  mean(r-)=   1.02  t=  27.7s
iter   49  eval_return=   12.34  eval_steps=  34  fell=True   mean(r+)=   1.04  mean(r-)=   1.61  t=  28.1s
iter   50  eval_return=    8.00  eval_steps=  28  fell=True   mean(r+)=   2.17  mean(r-)=   3.20  t=  28.4s
iter   51  eval_return=    7.33  eval_steps=  50  fell=True   mean(r+)=   2.54  mean(r-)=   4.11  t=  28.8s
iter   52  eval_return=    9.80  eval_steps=  30  fell=True   mean(r+)=   6.02  mean(r-)=   2.74  t=  29.1s
iter   53  eval_return=  -10.00  eval_steps=  39  fell=True   mean(r+)=   0.79  mean(r-)=   4.13  t=  29.5s
iter   54  eval_return=   -2.60  eval_steps=  41  fell=True   mean(r+)=   1.73  mean(r-)=   3.57  t=  29.9s
iter   55  eval_return=   12.86  eval_steps=  35  fell=True   mean(r+)=   0.56  mean(r-)=   1.92  t=  30.2s
iter   56  eval_return=   11.13  eval_steps=  43  fell=True   mean(r+)=   5.00  mean(r-)=  -0.04  t=  30.6s
iter   57  eval_return=   17.81  eval_steps=  39  fell=True   mean(r+)=   6.82  mean(r-)=   4.87  t=  30.9s
iter   58  eval_return=    5.69  eval_steps=  37  fell=True   mean(r+)=  -1.03  mean(r-)=   2.80  t=  31.3s
iter   59  eval_return=   -3.00  eval_steps=  46  fell=True   mean(r+)=   2.03  mean(r-)=   3.46  t=  31.6s
iter   60  eval_return=   13.05  eval_steps=  34  fell=True   mean(r+)=   2.61  mean(r-)=   0.98  t=  32.0s
iter   61  eval_return=   12.08  eval_steps=  37  fell=True   mean(r+)=   1.18  mean(r-)=   1.71  t=  32.4s
iter   62  eval_return=   -1.51  eval_steps=  39  fell=True   mean(r+)=   0.38  mean(r-)=  -0.60  t=  32.7s
iter   63  eval_return=    6.69  eval_steps=  32  fell=True   mean(r+)=   0.45  mean(r-)=   0.37  t=  33.1s
iter   64  eval_return=    4.17  eval_steps=  28  fell=True   mean(r+)=  -6.20  mean(r-)=   1.37  t=  33.4s
iter   65  eval_return=   -3.26  eval_steps=  36  fell=True   mean(r+)=  -1.57  mean(r-)=  -3.63  t=  33.8s
iter   66  eval_return=    5.79  eval_steps=  36  fell=True   mean(r+)=  -2.46  mean(r-)=  -0.39  t=  34.2s
iter   67  eval_return=   -4.94  eval_steps=  37  fell=True   mean(r+)=  -2.69  mean(r-)=  -0.21  t=  34.6s
iter   68  eval_return=    9.32  eval_steps=  35  fell=True   mean(r+)=  -7.37  mean(r-)=   2.73  t=  34.9s
iter   69  eval_return=    7.38  eval_steps=  38  fell=True   mean(r+)=  -1.34  mean(r-)=   0.04  t=  35.3s
iter   70  eval_return=    7.24  eval_steps=  32  fell=True   mean(r+)=   1.81  mean(r-)=  -0.77  t=  35.7s
iter   71  eval_return=    8.11  eval_steps=  34  fell=True   mean(r+)=  -3.75  mean(r-)=  -1.45  t=  36.1s
iter   72  eval_return=   13.80  eval_steps=  43  fell=True   mean(r+)=   2.88  mean(r-)=   0.58  t=  36.4s
iter   73  eval_return=    0.53  eval_steps=  37  fell=True   mean(r+)=   2.01  mean(r-)=   2.87  t=  36.7s
iter   74  eval_return=    6.16  eval_steps=  33  fell=True   mean(r+)=  -1.18  mean(r-)=   0.05  t=  37.1s
iter   75  eval_return=   11.26  eval_steps=  34  fell=True   mean(r+)=   1.69  mean(r-)=   0.01  t=  37.4s
iter   76  eval_return=    9.14  eval_steps=  32  fell=True   mean(r+)=   2.58  mean(r-)=   3.09  t=  37.7s
iter   77  eval_return=    4.26  eval_steps=  26  fell=True   mean(r+)=   0.03  mean(r-)=  -0.81  t=  38.0s
iter   78  eval_return=    9.62  eval_steps=  31  fell=True   mean(r+)=   0.77  mean(r-)=   0.55  t=  38.4s
iter   79  eval_return=   12.39  eval_steps=  36  fell=True   mean(r+)=   3.14  mean(r-)=   1.61  t=  38.7s
iter   80  eval_return=   -1.72  eval_steps=  36  fell=True   mean(r+)=  -2.17  mean(r-)=  -0.70  t=  39.1s
iter   81  eval_return=    0.62  eval_steps=  30  fell=True   mean(r+)=   4.59  mean(r-)=  -0.62  t=  39.4s
iter   82  eval_return=    3.85  eval_steps=  29  fell=True   mean(r+)=  -1.85  mean(r-)=   1.96  t=  39.7s
iter   83  eval_return=   -7.13  eval_steps=  39  fell=True   mean(r+)=   2.60  mean(r-)=   0.04  t=  40.0s
iter   84  eval_return=    8.93  eval_steps=  32  fell=True   mean(r+)=   3.92  mean(r-)=  -1.45  t=  40.3s
iter   85  eval_return=  -11.64  eval_steps=  44  fell=True   mean(r+)=  -2.12  mean(r-)=  -1.46  t=  40.6s
iter   86  eval_return=    9.03  eval_steps=  29  fell=True   mean(r+)=   4.73  mean(r-)=  -1.24  t=  41.0s
iter   87  eval_return=   10.19  eval_steps=  33  fell=True   mean(r+)=   1.62  mean(r-)=   1.48  t=  41.3s
iter   88  eval_return=    8.23  eval_steps=  28  fell=True   mean(r+)=  -0.91  mean(r-)=   0.16  t=  41.6s
iter   89  eval_return=    5.38  eval_steps=  51  fell=True   mean(r+)=   2.50  mean(r-)=   1.19  t=  42.0s
iter   90  eval_return=   -0.46  eval_steps=  37  fell=True   mean(r+)=  -0.50  mean(r-)=  -3.59  t=  42.3s
iter   91  eval_return=    6.45  eval_steps=  28  fell=True   mean(r+)=  -1.23  mean(r-)=  -1.51  t=  42.5s
iter   92  eval_return=    3.39  eval_steps=  29  fell=True   mean(r+)=  -0.68  mean(r-)=  -1.08  t=  42.8s
iter   93  eval_return=    7.07  eval_steps=  27  fell=True   mean(r+)=  -1.19  mean(r-)=  -1.71  t=  43.1s
iter   94  eval_return=   14.57  eval_steps=  36  fell=True   mean(r+)=   1.45  mean(r-)=   1.63  t=  43.4s
iter   95  eval_return=    3.36  eval_steps=  33  fell=True   mean(r+)=   2.64  mean(r-)=   3.17  t=  43.7s
iter   96  eval_return=    4.46  eval_steps=  44  fell=True   mean(r+)=   2.39  mean(r-)=   0.87  t=  44.0s
iter   97  eval_return=   -0.12  eval_steps=  40  fell=True   mean(r+)=   1.58  mean(r-)=  -1.94  t=  44.3s
iter   98  eval_return=   -6.38  eval_steps=  23  fell=True   mean(r+)=   2.26  mean(r-)=  -0.27  t=  44.6s
iter   99  eval_return=    3.55  eval_steps=  29  fell=True   mean(r+)=   3.10  mean(r-)=   3.42  t=  44.9s
iter  100  eval_return=  -11.62  eval_steps=  44  fell=True   mean(r+)=  -3.90  mean(r-)=  -0.84  t=  45.1s
iter  101  eval_return=    2.51  eval_steps=  30  fell=True   mean(r+)=  -0.09  mean(r-)=  -2.36  t=  45.4s
iter  102  eval_return=   11.17  eval_steps=  33  fell=True   mean(r+)=  -3.05  mean(r-)=  -0.56  t=  45.7s
iter  103  eval_return=   -9.79  eval_steps=  31  fell=True   mean(r+)=   2.42  mean(r-)=  -0.61  t=  46.0s
iter  104  eval_return=   -4.48  eval_steps=  43  fell=True   mean(r+)=  -2.98  mean(r-)=   1.79  t=  46.3s
iter  105  eval_return=   -0.40  eval_steps=  36  fell=True   mean(r+)=   0.37  mean(r-)=   1.51  t=  46.5s
iter  106  eval_return=   10.76  eval_steps=  34  fell=True   mean(r+)=   1.80  mean(r-)=  -2.13  t=  46.8s
iter  107  eval_return=  -29.36  eval_steps=  53  fell=True   mean(r+)=  -2.13  mean(r-)=  -1.47  t=  47.2s
iter  108  eval_return=    4.31  eval_steps=  39  fell=True   mean(r+)=  -2.47  mean(r-)=  -1.03  t=  47.4s
iter  109  eval_return=   -9.69  eval_steps=  29  fell=True   mean(r+)=  -1.29  mean(r-)=  -0.82  t=  47.8s
iter  110  eval_return=    2.60  eval_steps=  34  fell=True   mean(r+)=  -0.33  mean(r-)=   1.49  t=  48.1s
iter  111  eval_return=   12.49  eval_steps=  45  fell=True   mean(r+)=  -4.42  mean(r-)=   0.28  t=  48.4s
iter  112  eval_return=    2.06  eval_steps=  31  fell=True   mean(r+)=   0.63  mean(r-)=  -1.41  t=  48.8s
iter  113  eval_return=  -18.00  eval_steps=  31  fell=True   mean(r+)=  -1.34  mean(r-)=  -2.79  t=  49.1s
iter  114  eval_return=   -0.52  eval_steps=  37  fell=True   mean(r+)=  -3.53  mean(r-)=   2.79  t=  49.4s
iter  115  eval_return=    5.54  eval_steps=  37  fell=True   mean(r+)=   0.26  mean(r-)=  -0.43  t=  49.7s
iter  116  eval_return=    6.36  eval_steps=  31  fell=True   mean(r+)=  -4.36  mean(r-)=   3.67  t=  50.1s
iter  117  eval_return=    1.35  eval_steps=  38  fell=True   mean(r+)=  -1.19  mean(r-)=   3.58  t=  50.4s
iter  118  eval_return=    3.78  eval_steps=  30  fell=True   mean(r+)=   0.57  mean(r-)=   2.12  t=  50.7s
iter  119  eval_return=    5.72  eval_steps=  32  fell=True   mean(r+)=   0.55  mean(r-)=  -0.61  t=  51.0s
iter  120  eval_return=    3.72  eval_steps=  37  fell=True   mean(r+)=  -0.41  mean(r-)=  -0.17  t=  51.4s
iter  121  eval_return=   -6.63  eval_steps=  31  fell=True   mean(r+)=   2.63  mean(r-)=   0.74  t=  51.7s
iter  122  eval_return=   -6.24  eval_steps=  36  fell=True   mean(r+)=  -3.04  mean(r-)=  -4.80  t=  52.0s
iter  123  eval_return=    9.48  eval_steps=  27  fell=True   mean(r+)=  -1.15  mean(r-)=   0.73  t=  52.3s
iter  124  eval_return=   -1.11  eval_steps=  30  fell=True   mean(r+)=   0.94  mean(r-)=  -0.46  t=  52.6s
iter  125  eval_return=    5.79  eval_steps=  30  fell=True   mean(r+)=  -5.51  mean(r-)=  -3.34  t=  52.9s
iter  126  eval_return=    4.43  eval_steps=  26  fell=True   mean(r+)=   0.85  mean(r-)=   1.45  t=  53.2s
iter  127  eval_return=    7.14  eval_steps=  29  fell=True   mean(r+)=  -2.91  mean(r-)=   2.55  t=  53.5s
iter  128  eval_return=   -5.67  eval_steps=  34  fell=True   mean(r+)=   0.46  mean(r-)=   3.56  t=  53.8s
iter  129  eval_return=    4.73  eval_steps=  24  fell=True   mean(r+)=   0.87  mean(r-)=   1.97  t=  54.1s
iter  130  eval_return=    5.15  eval_steps=  24  fell=True   mean(r+)=  -0.53  mean(r-)=   1.36  t=  54.4s
iter  131  eval_return=   -7.86  eval_steps=  39  fell=True   mean(r+)=   0.55  mean(r-)=  -3.45  t=  54.7s
iter  132  eval_return=   12.75  eval_steps=  38  fell=True   mean(r+)=   2.12  mean(r-)=  -1.22  t=  55.0s
iter  133  eval_return=    6.06  eval_steps=  27  fell=True   mean(r+)=   1.07  mean(r-)=  -2.72  t=  55.3s
iter  134  eval_return=    9.65  eval_steps=  37  fell=True   mean(r+)=  -4.73  mean(r-)=   0.65  t=  55.6s
iter  135  eval_return=    2.54  eval_steps=  28  fell=True   mean(r+)=  -5.72  mean(r-)=  -5.92  t=  56.0s
iter  136  eval_return=    5.12  eval_steps=  27  fell=True   mean(r+)=  -2.44  mean(r-)=   0.36  t=  56.3s
iter  137  eval_return=    6.41  eval_steps=  30  fell=True   mean(r+)=   0.10  mean(r-)=   1.36  t=  56.6s
iter  138  eval_return=  -11.60  eval_steps=  28  fell=True   mean(r+)=   2.10  mean(r-)=   2.29  t=  56.9s
iter  139  eval_return=    0.04  eval_steps=  32  fell=True   mean(r+)=  -0.50  mean(r-)=   3.54  t=  57.2s
iter  140  eval_return=   -0.01  eval_steps=  38  fell=True   mean(r+)=   1.53  mean(r-)=  -0.65  t=  57.5s
iter  141  eval_return=   -5.15  eval_steps=  24  fell=True   mean(r+)=  -1.97  mean(r-)=   3.02  t=  57.8s
iter  142  eval_return=   -3.31  eval_steps=  34  fell=True   mean(r+)=   2.01  mean(r-)=  -1.14  t=  58.0s
iter  143  eval_return=    4.78  eval_steps=  41  fell=True   mean(r+)=  -0.77  mean(r-)=  -0.63  t=  58.3s
iter  144  eval_return=    1.11  eval_steps=  25  fell=True   mean(r+)=   0.25  mean(r-)=  -0.22  t=  58.6s
iter  145  eval_return=    4.63  eval_steps=  26  fell=True   mean(r+)=  -2.33  mean(r-)=  -1.00  t=  58.9s
iter  146  eval_return=    7.50  eval_steps=  31  fell=True   mean(r+)=   0.41  mean(r-)=   1.59  t=  59.2s
iter  147  eval_return=    2.29  eval_steps=  24  fell=True   mean(r+)=  -1.18  mean(r-)=   1.56  t=  59.5s
iter  148  eval_return=   -5.27  eval_steps=  24  fell=True   mean(r+)=   1.80  mean(r-)=   3.72  t=  59.7s
iter  149  eval_return=   -0.59  eval_steps=  31  fell=True   mean(r+)=  -0.41  mean(r-)=  -0.87  t=  60.0s
iter  150  eval_return=  -19.37  eval_steps=  32  fell=True   mean(r+)=  -1.03  mean(r-)=  -0.95  t=  60.3s
iter  151  eval_return=  -12.02  eval_steps=  32  fell=True   mean(r+)=  -6.20  mean(r-)=  -3.29  t=  60.6s
iter  152  eval_return=   10.53  eval_steps=  37  fell=True   mean(r+)=   1.46  mean(r-)=  -1.71  t=  60.9s
iter  153  eval_return=   -1.25  eval_steps=  52  fell=True   mean(r+)=  -1.35  mean(r-)=  -2.54  t=  61.1s
iter  154  eval_return=    1.80  eval_steps=  21  fell=True   mean(r+)=  -0.57  mean(r-)=   0.87  t=  61.4s
iter  155  eval_return=   -1.44  eval_steps=  35  fell=True   mean(r+)=   0.09  mean(r-)=  -1.45  t=  61.7s
iter  156  eval_return=  -10.14  eval_steps=  39  fell=True   mean(r+)=  -2.34  mean(r-)=  -0.82  t=  62.0s
iter  157  eval_return=    6.45  eval_steps=  27  fell=True   mean(r+)=  -1.16  mean(r-)=   2.43  t=  62.2s
iter  158  eval_return=    3.56  eval_steps=  27  fell=True   mean(r+)=   1.34  mean(r-)=   0.79  t=  62.5s
iter  159  eval_return=    2.97  eval_steps=  40  fell=True   mean(r+)=  -0.24  mean(r-)=   2.22  t=  62.8s
iter  160  eval_return=    2.31  eval_steps=  22  fell=True   mean(r+)=  -1.87  mean(r-)=   0.34  t=  63.1s
iter  161  eval_return=    3.50  eval_steps=  23  fell=True   mean(r+)=   0.55  mean(r-)=  -6.12  t=  63.4s
iter  162  eval_return=    0.65  eval_steps=  22  fell=True   mean(r+)=  -0.31  mean(r-)=  -0.55  t=  63.7s
iter  163  eval_return=   11.85  eval_steps=  30  fell=True   mean(r+)=  -2.51  mean(r-)=  -0.75  t=  64.0s
iter  164  eval_return=  -21.88  eval_steps=  40  fell=True   mean(r+)=  -1.66  mean(r-)=  -2.65  t=  64.3s
iter  165  eval_return=   -6.04  eval_steps=  31  fell=True   mean(r+)=   0.88  mean(r-)=  -1.05  t=  64.6s
iter  166  eval_return=   15.93  eval_steps=  44  fell=True   mean(r+)=  -0.06  mean(r-)=   1.43  t=  64.9s
iter  167  eval_return=   11.06  eval_steps=  38  fell=True   mean(r+)=  -3.01  mean(r-)=   4.69  t=  65.2s
iter  168  eval_return=    5.34  eval_steps=  32  fell=True   mean(r+)=  -0.39  mean(r-)=   2.72  t=  65.5s
iter  169  eval_return=   -2.99  eval_steps=  34  fell=True   mean(r+)=  -2.74  mean(r-)=   2.65  t=  65.8s
iter  170  eval_return=   13.76  eval_steps=  40  fell=True   mean(r+)=   0.44  mean(r-)=  -1.88  t=  66.1s
iter  171  eval_return=  -10.90  eval_steps=  26  fell=True   mean(r+)=  -3.64  mean(r-)=   2.56  t=  66.4s
iter  172  eval_return=   -6.98  eval_steps=  23  fell=True   mean(r+)=  -2.26  mean(r-)=  -3.89  t=  66.6s
iter  173  eval_return=   -4.36  eval_steps=  24  fell=True   mean(r+)=   0.98  mean(r-)=  -5.98  t=  66.9s
iter  174  eval_return=  -11.97  eval_steps=  22  fell=True   mean(r+)=  -2.48  mean(r-)=  -1.75  t=  67.2s
iter  175  eval_return=   -4.07  eval_steps=  23  fell=True   mean(r+)=   0.16  mean(r-)=  -0.73  t=  67.5s
iter  176  eval_return=    6.27  eval_steps=  27  fell=True   mean(r+)=  -0.20  mean(r-)=   0.13  t=  67.8s
iter  177  eval_return=  -10.29  eval_steps=  31  fell=True   mean(r+)=   1.67  mean(r-)=   0.05  t=  68.1s
iter  178  eval_return=   -8.58  eval_steps=  24  fell=True   mean(r+)=  -3.37  mean(r-)=   0.16  t=  68.4s
iter  179  eval_return=   -1.50  eval_steps=  27  fell=True   mean(r+)=  -0.75  mean(r-)=  -0.55  t=  68.6s
iter  180  eval_return=   -0.34  eval_steps=  29  fell=True   mean(r+)=  -1.59  mean(r-)=  -3.09  t=  69.0s
iter  181  eval_return=    6.92  eval_steps=  27  fell=True   mean(r+)=   2.02  mean(r-)=  -0.00  t=  69.2s
iter  182  eval_return=    6.37  eval_steps=  33  fell=True   mean(r+)=  -2.14  mean(r-)=   1.17  t=  69.5s
iter  183  eval_return=    0.23  eval_steps=  22  fell=True   mean(r+)=  -1.21  mean(r-)=  -3.43  t=  69.8s
iter  184  eval_return=    7.71  eval_steps=  29  fell=True   mean(r+)=   2.65  mean(r-)=  -0.46  t=  70.1s
iter  185  eval_return=  -12.46  eval_steps=  45  fell=True   mean(r+)=   1.60  mean(r-)=   0.28  t=  70.4s
iter  186  eval_return=    8.91  eval_steps=  29  fell=True   mean(r+)=  -1.25  mean(r-)=  -0.96  t=  70.7s
iter  187  eval_return=   -1.97  eval_steps=  35  fell=True   mean(r+)=  -1.76  mean(r-)=   3.12  t=  71.0s
iter  188  eval_return=   14.16  eval_steps=  43  fell=True   mean(r+)=   1.50  mean(r-)=   1.58  t=  71.3s
iter  189  eval_return=    0.50  eval_steps=  21  fell=True   mean(r+)=   2.83  mean(r-)=   1.50  t=  71.6s
iter  190  eval_return=    3.16  eval_steps=  41  fell=True   mean(r+)=  -0.57  mean(r-)=   1.32  t=  71.9s
iter  191  eval_return=    6.40  eval_steps=  26  fell=True   mean(r+)=   0.60  mean(r-)=  -0.33  t=  72.1s
iter  192  eval_return=   -3.11  eval_steps=  36  fell=True   mean(r+)=   0.93  mean(r-)=  -1.86  t=  72.4s
iter  193  eval_return=   -0.36  eval_steps=  25  fell=True   mean(r+)=   4.95  mean(r-)=   1.01  t=  72.7s
iter  194  eval_return=   -0.38  eval_steps=  27  fell=True   mean(r+)=   2.99  mean(r-)=   2.65  t=  73.0s
iter  195  eval_return=   -9.33  eval_steps=  17  fell=True   mean(r+)=   1.53  mean(r-)=  -3.54  t=  73.3s
iter  196  eval_return=   -6.08  eval_steps=  19  fell=True   mean(r+)=   0.48  mean(r-)=  -0.16  t=  73.5s
iter  197  eval_return=   10.76  eval_steps=  30  fell=True   mean(r+)=   1.13  mean(r-)=  -0.68  t=  73.8s
iter  198  eval_return=   -4.43  eval_steps=  34  fell=True   mean(r+)=  -3.30  mean(r-)=   0.11  t=  74.1s
iter  199  eval_return=    1.80  eval_steps=  16  fell=True   mean(r+)=   3.41  mean(r-)=  -1.89  t=  74.4s
iter  200  eval_return=    1.16  eval_steps=  28  fell=True   mean(r+)=  -3.69  mean(r-)=   2.76  t=  74.6s
iter  201  eval_return=    5.51  eval_steps=  25  fell=True   mean(r+)=   2.85  mean(r-)=  -5.32  t=  74.9s
iter  202  eval_return=    9.17  eval_steps=  31  fell=True   mean(r+)=   1.54  mean(r-)=   2.99  t=  75.2s
iter  203  eval_return=   -4.79  eval_steps=  19  fell=True   mean(r+)=  -1.57  mean(r-)=  -5.59  t=  75.5s
iter  204  eval_return=    0.60  eval_steps=  32  fell=True   mean(r+)=  -0.22  mean(r-)=  -1.56  t=  75.8s
iter  205  eval_return=   -6.98  eval_steps=  32  fell=True   mean(r+)=   3.41  mean(r-)=  -2.33  t=  76.1s
iter  206  eval_return=   -0.20  eval_steps=  38  fell=True   mean(r+)=  -1.42  mean(r-)=  -1.17  t=  76.3s
iter  207  eval_return=    2.36  eval_steps=  25  fell=True   mean(r+)=  -3.00  mean(r-)=  -2.75  t=  76.6s
iter  208  eval_return=   30.57  eval_steps=  53  fell=True   mean(r+)=  -1.47  mean(r-)=  -2.23  t=  76.9s
iter  209  eval_return=    2.42  eval_steps=  22  fell=True   mean(r+)=  -0.48  mean(r-)=  -0.37  t=  77.1s
iter  210  eval_return=   -3.12  eval_steps=  23  fell=True   mean(r+)=  -0.35  mean(r-)=   0.82  t=  77.4s
iter  211  eval_return=   -4.15  eval_steps=  24  fell=True   mean(r+)=  -6.00  mean(r-)=  -4.25  t=  77.6s
iter  212  eval_return=   -0.20  eval_steps=  33  fell=True   mean(r+)=  -0.25  mean(r-)=  -1.60  t=  77.9s
iter  213  eval_return=    3.85  eval_steps=  27  fell=True   mean(r+)=  -2.98  mean(r-)=   0.88  t=  78.1s
iter  214  eval_return=    0.02  eval_steps=  34  fell=True   mean(r+)=  -4.61  mean(r-)=  -2.03  t=  78.4s
iter  215  eval_return=   -6.12  eval_steps=  21  fell=True   mean(r+)=  -2.12  mean(r-)=  -0.22  t=  78.7s
iter  216  eval_return=    5.93  eval_steps=  30  fell=True   mean(r+)=   0.22  mean(r-)=  -3.38  t=  78.9s
iter  217  eval_return=    3.64  eval_steps=  21  fell=True   mean(r+)=  -3.83  mean(r-)=  -2.93  t=  79.2s
iter  218  eval_return=    7.52  eval_steps=  24  fell=True   mean(r+)=  -6.56  mean(r-)=  -2.86  t=  79.4s
iter  219  eval_return=    1.10  eval_steps=  24  fell=True   mean(r+)=  -0.55  mean(r-)=   1.45  t=  79.6s
iter  220  eval_return=  -12.08  eval_steps=  29  fell=True   mean(r+)=   0.41  mean(r-)=  -1.30  t=  79.9s
iter  221  eval_return=    0.77  eval_steps=  33  fell=True   mean(r+)=  -5.81  mean(r-)=  -3.18  t=  80.1s
iter  222  eval_return=   -5.13  eval_steps=  18  fell=True   mean(r+)=  -3.54  mean(r-)=  -0.96  t=  80.4s
iter  223  eval_return=   -1.87  eval_steps=  26  fell=True   mean(r+)=  -2.88  mean(r-)=  -1.67  t=  80.7s
iter  224  eval_return=   -5.85  eval_steps=  17  fell=True   mean(r+)=  -3.35  mean(r-)=  -2.61  t=  80.9s
iter  225  eval_return=   10.51  eval_steps=  37  fell=True   mean(r+)=  -2.98  mean(r-)=  -0.58  t=  81.1s
iter  226  eval_return=  -22.55  eval_steps=  37  fell=True   mean(r+)=  -0.62  mean(r-)=  -1.14  t=  81.4s
iter  227  eval_return=  -14.59  eval_steps=  28  fell=True   mean(r+)=  -5.30  mean(r-)=  -2.47  t=  81.6s
iter  228  eval_return=   -2.12  eval_steps=  18  fell=True   mean(r+)=  -0.74  mean(r-)=  -0.75  t=  81.8s
iter  229  eval_return=  -21.20  eval_steps=  28  fell=True   mean(r+)=  -4.13  mean(r-)=  -1.08  t=  82.1s
iter  230  eval_return=    5.21  eval_steps=  21  fell=True   mean(r+)=  -2.49  mean(r-)=  -3.65  t=  82.3s
iter  231  eval_return=    2.39  eval_steps=  21  fell=True   mean(r+)=  -3.22  mean(r-)=   1.97  t=  82.5s
iter  232  eval_return=  -14.53  eval_steps=  27  fell=True   mean(r+)=  -2.32  mean(r-)=  -0.48  t=  82.8s
iter  233  eval_return=   -3.56  eval_steps=  16  fell=True   mean(r+)=  -2.31  mean(r-)=  -3.39  t=  83.0s
iter  234  eval_return=   -2.20  eval_steps=  23  fell=True   mean(r+)=  -0.87  mean(r-)=   1.33  t=  83.2s
iter  235  eval_return=    0.77  eval_steps=  16  fell=True   mean(r+)=  -5.49  mean(r-)=  -5.31  t=  83.5s
iter  236  eval_return=   -0.49  eval_steps=  21  fell=True   mean(r+)=  -1.09  mean(r-)=  -0.58  t=  83.7s
iter  237  eval_return=   -3.91  eval_steps=  16  fell=True   mean(r+)=  -2.88  mean(r-)=  -4.62  t=  83.9s
iter  238  eval_return=  -11.36  eval_steps=  22  fell=True   mean(r+)=  -0.55  mean(r-)=  -3.65  t=  84.1s
iter  239  eval_return=    0.38  eval_steps=  22  fell=True   mean(r+)=  -3.28  mean(r-)=  -0.39  t=  84.4s
iter  240  eval_return=    1.60  eval_steps=  22  fell=True   mean(r+)=  -6.86  mean(r-)=  -8.51  t=  84.6s
iter  241  eval_return=   -5.72  eval_steps=  17  fell=True   mean(r+)=  -0.49  mean(r-)=  -4.89  t=  84.9s
iter  242  eval_return=    5.14  eval_steps=  24  fell=True   mean(r+)=  -2.41  mean(r-)=   0.31  t=  85.1s
iter  243  eval_return=   -5.42  eval_steps=  33  fell=True   mean(r+)=  -0.93  mean(r-)=   0.12  t=  85.3s
iter  244  eval_return=    3.65  eval_steps=  29  fell=True   mean(r+)=  -0.95  mean(r-)=  -1.22  t=  85.6s
iter  245  eval_return=    3.24  eval_steps=  25  fell=True   mean(r+)=  -0.07  mean(r-)=  -2.81  t=  85.9s
iter  246  eval_return=   -2.28  eval_steps=  22  fell=True   mean(r+)=  -4.11  mean(r-)=  -7.91  t=  86.1s
iter  247  eval_return=    6.21  eval_steps=  23  fell=True   mean(r+)=  -2.21  mean(r-)=  -0.53  t=  86.3s
iter  248  eval_return=    7.14  eval_steps=  29  fell=True   mean(r+)=   0.05  mean(r-)=   0.48  t=  86.6s
iter  249  eval_return=    1.67  eval_steps=  32  fell=True   mean(r+)=  -4.47  mean(r-)=   0.67  t=  86.8s
iter  250  eval_return=   -6.76  eval_steps=  16  fell=True   mean(r+)=  -2.80  mean(r-)=  -4.44  t=  87.1s
iter  251  eval_return=   -1.09  eval_steps=  24  fell=True   mean(r+)=  -4.38  mean(r-)=  -2.74  t=  87.3s
iter  252  eval_return=  -17.83  eval_steps=  33  fell=True   mean(r+)=  -0.77  mean(r-)=  -6.50  t=  87.5s
iter  253  eval_return=    5.60  eval_steps=  30  fell=True   mean(r+)=  -1.16  mean(r-)=  -2.03  t=  87.8s
iter  254  eval_return=   -8.29  eval_steps=  25  fell=True   mean(r+)=  -2.68  mean(r-)=  -2.70  t=  88.0s
iter  255  eval_return=   -3.30  eval_steps=  20  fell=True   mean(r+)=  -1.22  mean(r-)=  -1.28  t=  88.2s
iter  256  eval_return=    1.35  eval_steps=  23  fell=True   mean(r+)=  -1.84  mean(r-)=  -4.12  t=  88.5s
iter  257  eval_return=    5.93  eval_steps=  26  fell=True   mean(r+)=  -3.94  mean(r-)=  -4.39  t=  88.7s
iter  258  eval_return=   -3.83  eval_steps=  20  fell=True   mean(r+)=  -2.75  mean(r-)=  -1.69  t=  88.9s
iter  259  eval_return=   -3.66  eval_steps=  17  fell=True   mean(r+)=  -2.63  mean(r-)=  -0.51  t=  89.2s
iter  260  eval_return=    3.41  eval_steps=  25  fell=True   mean(r+)=  -2.72  mean(r-)=  -0.79  t=  89.4s
iter  261  eval_return=   -5.72  eval_steps=  38  fell=True   mean(r+)=  -4.52  mean(r-)=  -1.96  t=  89.6s
iter  262  eval_return=   -3.25  eval_steps=  21  fell=True   mean(r+)=  -1.36  mean(r-)=  -2.13  t=  89.8s
iter  263  eval_return=   -5.87  eval_steps=  41  fell=True   mean(r+)=  -0.29  mean(r-)=  -2.16  t=  90.1s
iter  264  eval_return=    3.52  eval_steps=  29  fell=True   mean(r+)=  -1.59  mean(r-)=  -0.97  t=  90.3s
iter  265  eval_return=    2.00  eval_steps=  25  fell=True   mean(r+)=  -6.76  mean(r-)=  -5.04  t=  90.5s
iter  266  eval_return=    0.07  eval_steps=  23  fell=True   mean(r+)=   0.98  mean(r-)=  -5.19  t=  90.8s
iter  267  eval_return=   -3.01  eval_steps=  21  fell=True   mean(r+)=  -1.24  mean(r-)=  -0.72  t=  91.0s
iter  268  eval_return=    7.84  eval_steps=  36  fell=True   mean(r+)=   0.02  mean(r-)=  -1.36  t=  91.3s
iter  269  eval_return=   -3.28  eval_steps=  24  fell=True   mean(r+)=  -2.95  mean(r-)=  -1.34  t=  91.5s
iter  270  eval_return=   -1.60  eval_steps=  19  fell=True   mean(r+)=  -4.31  mean(r-)=  -1.66  t=  91.7s
iter  271  eval_return=   -2.46  eval_steps=  24  fell=True   mean(r+)=  -0.72  mean(r-)=  -0.07  t=  92.0s
iter  272  eval_return=   -5.43  eval_steps=  14  fell=True   mean(r+)=  -3.16  mean(r-)=  -4.19  t=  92.2s
iter  273  eval_return=    5.47  eval_steps=  22  fell=True   mean(r+)=  -1.52  mean(r-)=  -3.48  t=  92.4s
iter  274  eval_return=    1.05  eval_steps=  25  fell=True   mean(r+)=  -1.22  mean(r-)=   1.57  t=  92.6s
iter  275  eval_return=    3.11  eval_steps=  29  fell=True   mean(r+)=   0.88  mean(r-)=  -4.02  t=  92.9s
iter  276  eval_return=   -2.14  eval_steps=  26  fell=True   mean(r+)=  -0.02  mean(r-)=  -0.48  t=  93.1s
iter  277  eval_return=    1.30  eval_steps=  23  fell=True   mean(r+)=  -3.01  mean(r-)=   0.12  t=  93.3s
iter  278  eval_return=   -3.66  eval_steps=  22  fell=True   mean(r+)=  -1.77  mean(r-)=  -1.17  t=  93.6s
iter  279  eval_return=    5.11  eval_steps=  22  fell=True   mean(r+)=  -4.33  mean(r-)=  -2.70  t=  93.8s
iter  280  eval_return=   -5.22  eval_steps=  24  fell=True   mean(r+)=  -3.78  mean(r-)=  -3.65  t=  94.0s
iter  281  eval_return=   -3.90  eval_steps=  20  fell=True   mean(r+)=  -4.77  mean(r-)=  -4.13  t=  94.3s
iter  282  eval_return=    4.31  eval_steps=  26  fell=True   mean(r+)=  -1.59  mean(r-)=  -0.65  t=  94.5s
iter  283  eval_return=    3.28  eval_steps=  28  fell=True   mean(r+)=  -2.19  mean(r-)=  -1.41  t=  94.7s
iter  284  eval_return=   -0.06  eval_steps=  17  fell=True   mean(r+)=  -1.55  mean(r-)=  -1.85  t=  95.0s
iter  285  eval_return=    2.56  eval_steps=  26  fell=True   mean(r+)=  -0.24  mean(r-)=  -0.45  t=  95.2s
iter  286  eval_return=   -2.73  eval_steps=  26  fell=True   mean(r+)=   0.43  mean(r-)=  -2.11  t=  95.4s
iter  287  eval_return=    6.42  eval_steps=  38  fell=True   mean(r+)=  -4.99  mean(r-)=  -1.77  t=  95.7s
iter  288  eval_return=    1.10  eval_steps=  21  fell=True   mean(r+)=  -0.20  mean(r-)=   0.10  t=  95.9s
iter  289  eval_return=   -1.59  eval_steps=  31  fell=True   mean(r+)=   0.42  mean(r-)=  -4.11  t=  96.2s
iter  290  eval_return=    2.84  eval_steps=  23  fell=True   mean(r+)=   2.78  mean(r-)=  -1.62  t=  96.4s
iter  291  eval_return=   -6.64  eval_steps=  20  fell=True   mean(r+)=   0.00  mean(r-)=   0.91  t=  96.6s
iter  292  eval_return=   -1.74  eval_steps=  17  fell=True   mean(r+)=  -0.95  mean(r-)=   1.98  t=  96.9s
iter  293  eval_return=   -1.74  eval_steps=  18  fell=True   mean(r+)=  -1.01  mean(r-)=   0.26  t=  97.1s
iter  294  eval_return=  -16.09  eval_steps=  36  fell=True   mean(r+)=  -2.29  mean(r-)=  -1.01  t=  97.3s
iter  295  eval_return=   -4.62  eval_steps=  29  fell=True   mean(r+)=  -1.92  mean(r-)=  -4.18  t=  97.5s
iter  296  eval_return=   -8.57  eval_steps=  26  fell=True   mean(r+)=  -1.48  mean(r-)=  -1.44  t=  97.8s
iter  297  eval_return=    4.25  eval_steps=  23  fell=True   mean(r+)=  -2.45  mean(r-)=  -2.56  t=  98.0s
iter  298  eval_return=   -0.06  eval_steps=  19  fell=True   mean(r+)=   0.88  mean(r-)=  -0.93  t=  98.3s
iter  299  eval_return=   -2.10  eval_steps=  22  fell=True   mean(r+)=  -1.28  mean(r-)=  -0.31  t=  98.5s
