desired_vx MIXTURE ON: ((0.5, 0.0), (0.5, 0.03)) -- one drawn per episode, held constant within it.
desired_vx observation (index 30) given a FIXED scale of 0.5 m/s, overriding whatever the resumed obs_norm had for that dimension (U27-U29 checkpoints saw only desired_vx=0.0, so its learned variance is near the epsilon floor -- adaptive normalization there would saturate any nonzero command).
resumed from /home/elida_sensoy/cara_robot/cara_robot/cara_description/runs/u29_perturb_curriculum/u29_seed0.pt: actor_logstd=[-3.3846772 -3.2602007 -3.42163   -3.536407  -3.4267442 -3.3366868
 -3.379991  -3.2796323 -3.3924763 -3.6403928 -3.4189553 -3.2215207] (std=[0.03388858 0.03838069 0.03265916 0.02911776 0.03249256 0.03555456
 0.03404776 0.0376421  0.03362531 0.02624204 0.03274662 0.03989435]) -- --init-logstd=-0.5 was IGNORED since a checkpoint was loaded. optimizer state (Adam moments) restored -- this is an EXACT resumption.
iter    1/195  step=    2048  ep_return=  147.25  ep_len= 200.0  fall_rate=0.0  logstd=-3.391  clipfrac=0.63  t=   2.8s
iter    2/195  step=    4096  ep_return=  152.58  ep_len= 200.5  fall_rate=0.0  logstd=-3.394  clipfrac=0.60  t=   4.9s
iter    3/195  step=    6144  ep_return=  151.77  ep_len= 200.8  fall_rate=0.0  logstd=-3.394  clipfrac=0.60  t=   6.9s
iter    4/195  step=    8192  ep_return=  157.88  ep_len= 201.0  fall_rate=0.0  logstd=-3.394  clipfrac=0.59  t=   9.4s
iter    5/195  step=   10240  ep_return=  160.69  ep_len= 201.0  fall_rate=0.0  logstd=-3.395  clipfrac=0.60  t=  12.1s
iter    6/195  step=   12288  ep_return=  157.35  ep_len= 201.0  fall_rate=0.0  logstd=-3.395  clipfrac=0.62  t=  14.9s
iter    7/195  step=   14336  ep_return=  160.90  ep_len= 201.0  fall_rate=0.0  logstd=-3.398  clipfrac=0.60  t=  16.9s
iter    8/195  step=   16384  ep_return=  155.14  ep_len= 201.0  fall_rate=0.0  logstd=-3.398  clipfrac=0.59  t=  19.8s
iter    9/195  step=   18432  ep_return=  152.93  ep_len= 201.0  fall_rate=0.0  logstd=-3.398  clipfrac=0.60  t=  22.3s
iter   10/195  step=   20480  ep_return=  156.55  ep_len= 201.0  fall_rate=0.0  logstd=-3.399  clipfrac=0.61  t=  24.9s  eval_steps=200  val_score=200.0 (NEW BEST)
iter   11/195  step=   22528  ep_return=  160.93  ep_len= 201.0  fall_rate=0.0  logstd=-3.401  clipfrac=0.59  t=  28.5s
iter   12/195  step=   24576  ep_return=  154.27  ep_len= 201.0  fall_rate=0.0  logstd=-3.401  clipfrac=0.61  t=  31.3s
iter   13/195  step=   26624  ep_return=  151.73  ep_len= 201.0  fall_rate=0.0  logstd=-3.403  clipfrac=0.59  t=  33.4s
iter   14/195  step=   28672  ep_return=  153.11  ep_len= 201.0  fall_rate=0.0  logstd=-3.403  clipfrac=0.61  t=  35.4s
iter   15/195  step=   30720  ep_return=  155.29  ep_len= 201.0  fall_rate=0.0  logstd=-3.403  clipfrac=0.60  t=  37.9s
iter   16/195  step=   32768  ep_return=  161.24  ep_len= 201.0  fall_rate=0.0  logstd=-3.404  clipfrac=0.59  t=  39.9s
iter   17/195  step=   34816  ep_return=  158.71  ep_len= 201.0  fall_rate=0.0  logstd=-3.404  clipfrac=0.60  t=  42.5s
iter   18/195  step=   36864  ep_return=  159.94  ep_len= 201.0  fall_rate=0.0  logstd=-3.404  clipfrac=0.60  t=  44.5s
iter   19/195  step=   38912  ep_return=  161.89  ep_len= 201.0  fall_rate=0.0  logstd=-3.407  clipfrac=0.61  t=  47.4s
iter   20/195  step=   40960  ep_return=  158.98  ep_len= 201.0  fall_rate=0.0  logstd=-3.406  clipfrac=0.60  t=  49.8s  eval_steps=200  val_score=197.5
iter   21/195  step=   43008  ep_return=  157.04  ep_len= 201.0  fall_rate=0.0  logstd=-3.405  clipfrac=0.61  t=  53.2s
iter   22/195  step=   45056  ep_return=  151.59  ep_len= 201.0  fall_rate=0.0  logstd=-3.407  clipfrac=0.60  t=  56.1s
iter   23/195  step=   47104  ep_return=  156.00  ep_len= 201.0  fall_rate=0.0  logstd=-3.408  clipfrac=0.60  t=  58.5s
iter   24/195  step=   49152  ep_return=  158.89  ep_len= 201.0  fall_rate=0.0  logstd=-3.408  clipfrac=0.62  t=  60.5s
iter   25/195  step=   51200  ep_return=  159.17  ep_len= 201.0  fall_rate=0.0  logstd=-3.410  clipfrac=0.59  t=  63.5s
iter   26/195  step=   53248  ep_return=  161.14  ep_len= 201.0  fall_rate=0.0  logstd=-3.412  clipfrac=0.61  t=  65.5s
iter   27/195  step=   55296  ep_return=  157.19  ep_len= 201.0  fall_rate=0.0  logstd=-3.416  clipfrac=0.61  t=  68.0s
iter   28/195  step=   57344  ep_return=  154.74  ep_len= 201.0  fall_rate=0.0  logstd=-3.417  clipfrac=0.60  t=  70.1s
iter   29/195  step=   59392  ep_return=  155.66  ep_len= 201.0  fall_rate=0.0  logstd=-3.418  clipfrac=0.60  t=  72.1s
iter   30/195  step=   61440  ep_return=  160.44  ep_len= 201.0  fall_rate=0.0  logstd=-3.418  clipfrac=0.60  t=  74.1s  eval_steps=200  val_score=200.0
iter   31/195  step=   63488  ep_return=  157.49  ep_len= 201.0  fall_rate=0.0  logstd=-3.419  clipfrac=0.60  t=  77.6s
iter   32/195  step=   65536  ep_return=  163.79  ep_len= 201.0  fall_rate=0.0  logstd=-3.418  clipfrac=0.60  t=  80.4s
iter   33/195  step=   67584  ep_return=  154.34  ep_len= 201.0  fall_rate=0.0  logstd=-3.417  clipfrac=0.62  t=  82.4s
iter   34/195  step=   69632  ep_return=  153.72  ep_len= 201.0  fall_rate=0.0  logstd=-3.418  clipfrac=0.59  t=  85.1s
iter   35/195  step=   71680  ep_return=  156.18  ep_len= 201.0  fall_rate=0.0  logstd=-3.418  clipfrac=0.59  t=  88.1s
iter   36/195  step=   73728  ep_return=  159.06  ep_len= 201.0  fall_rate=0.0  logstd=-3.419  clipfrac=0.62  t=  90.8s
iter   37/195  step=   75776  ep_return=  153.89  ep_len= 201.0  fall_rate=0.0  logstd=-3.420  clipfrac=0.59  t=  93.2s
iter   38/195  step=   77824  ep_return=  158.91  ep_len= 201.0  fall_rate=0.0  logstd=-3.423  clipfrac=0.60  t=  95.6s
iter   39/195  step=   79872  ep_return=  159.83  ep_len= 201.0  fall_rate=0.0  logstd=-3.423  clipfrac=0.60  t=  98.2s
iter   40/195  step=   81920  ep_return=  157.09  ep_len= 201.0  fall_rate=0.0  logstd=-3.422  clipfrac=0.59  t= 101.0s  eval_steps=200  val_score=200.0
iter   41/195  step=   83968  ep_return=  157.43  ep_len= 201.0  fall_rate=0.0  logstd=-3.424  clipfrac=0.58  t= 105.3s
iter   42/195  step=   86016  ep_return=  158.49  ep_len= 201.0  fall_rate=0.0  logstd=-3.426  clipfrac=0.59  t= 107.6s
iter   43/195  step=   88064  ep_return=  156.13  ep_len= 201.0  fall_rate=0.0  logstd=-3.426  clipfrac=0.60  t= 109.6s
iter   44/195  step=   90112  ep_return=  162.82  ep_len= 201.0  fall_rate=0.0  logstd=-3.425  clipfrac=0.59  t= 112.5s
iter   45/195  step=   92160  ep_return=  159.54  ep_len= 201.0  fall_rate=0.0  logstd=-3.426  clipfrac=0.59  t= 115.1s
iter   46/195  step=   94208  ep_return=  157.93  ep_len= 201.0  fall_rate=0.0  logstd=-3.426  clipfrac=0.57  t= 117.7s
iter   47/195  step=   96256  ep_return=  158.24  ep_len= 201.0  fall_rate=0.0  logstd=-3.426  clipfrac=0.60  t= 120.5s
iter   48/195  step=   98304  ep_return=  162.67  ep_len= 201.0  fall_rate=0.0  logstd=-3.428  clipfrac=0.58  t= 123.4s
iter   49/195  step=  100352  ep_return=  160.56  ep_len= 201.0  fall_rate=0.0  logstd=-3.429  clipfrac=0.59  t= 126.5s
iter   50/195  step=  102400  ep_return=  154.33  ep_len= 201.0  fall_rate=0.0  logstd=-3.428  clipfrac=0.58  t= 128.8s  eval_steps=200  val_score=200.0
iter   51/195  step=  104448  ep_return=  155.76  ep_len= 201.0  fall_rate=0.0  logstd=-3.430  clipfrac=0.58  t= 133.0s
iter   52/195  step=  106496  ep_return=  157.05  ep_len= 201.0  fall_rate=0.0  logstd=-3.433  clipfrac=0.57  t= 135.8s
iter   53/195  step=  108544  ep_return=  159.61  ep_len= 201.0  fall_rate=0.0  logstd=-3.435  clipfrac=0.57  t= 137.8s
iter   54/195  step=  110592  ep_return=  162.15  ep_len= 201.0  fall_rate=0.0  logstd=-3.436  clipfrac=0.58  t= 140.5s
iter   55/195  step=  112640  ep_return=  156.58  ep_len= 201.0  fall_rate=0.0  logstd=-3.437  clipfrac=0.57  t= 143.3s
iter   56/195  step=  114688  ep_return=  154.03  ep_len= 201.0  fall_rate=0.0  logstd=-3.435  clipfrac=0.58  t= 146.5s
iter   57/195  step=  116736  ep_return=  156.61  ep_len= 201.0  fall_rate=0.0  logstd=-3.437  clipfrac=0.56  t= 149.1s
iter   58/195  step=  118784  ep_return=  152.63  ep_len= 201.0  fall_rate=0.0  logstd=-3.437  clipfrac=0.56  t= 151.4s
iter   59/195  step=  120832  ep_return=  156.48  ep_len= 201.0  fall_rate=0.0  logstd=-3.437  clipfrac=0.59  t= 154.2s
iter   60/195  step=  122880  ep_return=  156.16  ep_len= 201.0  fall_rate=0.0  logstd=-3.437  clipfrac=0.57  t= 156.8s  eval_steps=200  val_score=200.0
iter   61/195  step=  124928  ep_return=  157.30  ep_len= 201.0  fall_rate=0.0  logstd=-3.438  clipfrac=0.57  t= 161.1s
iter   62/195  step=  126976  ep_return=  153.17  ep_len= 201.0  fall_rate=0.0  logstd=-3.439  clipfrac=0.59  t= 164.0s
iter   63/195  step=  129024  ep_return=  154.05  ep_len= 201.0  fall_rate=0.0  logstd=-3.441  clipfrac=0.59  t= 166.2s
iter   64/195  step=  131072  ep_return=  156.16  ep_len= 201.0  fall_rate=0.0  logstd=-3.441  clipfrac=0.58  t= 168.8s
iter   65/195  step=  133120  ep_return=  159.14  ep_len= 201.0  fall_rate=0.0  logstd=-3.442  clipfrac=0.57  t= 170.8s
iter   66/195  step=  135168  ep_return=  155.95  ep_len= 201.0  fall_rate=0.0  logstd=-3.444  clipfrac=0.57  t= 173.4s
iter   67/195  step=  137216  ep_return=  158.72  ep_len= 201.0  fall_rate=0.0  logstd=-3.446  clipfrac=0.57  t= 175.9s
iter   68/195  step=  139264  ep_return=  158.46  ep_len= 201.0  fall_rate=0.0  logstd=-3.448  clipfrac=0.57  t= 178.7s
iter   69/195  step=  141312  ep_return=  156.93  ep_len= 201.0  fall_rate=0.0  logstd=-3.450  clipfrac=0.56  t= 181.0s
iter   70/195  step=  143360  ep_return=  161.32  ep_len= 201.0  fall_rate=0.0  logstd=-3.452  clipfrac=0.57  t= 183.0s  eval_steps=200  val_score=200.0
iter   71/195  step=  145408  ep_return=  164.13  ep_len= 201.0  fall_rate=0.0  logstd=-3.453  clipfrac=0.58  t= 186.5s
iter   72/195  step=  147456  ep_return=  161.77  ep_len= 201.0  fall_rate=0.0  logstd=-3.454  clipfrac=0.56  t= 188.6s
iter   73/195  step=  149504  ep_return=  159.22  ep_len= 201.0  fall_rate=0.0  logstd=-3.456  clipfrac=0.55  t= 190.7s
iter   74/195  step=  151552  ep_return=  159.88  ep_len= 201.0  fall_rate=0.0  logstd=-3.457  clipfrac=0.57  t= 192.9s
iter   75/195  step=  153600  ep_return=  158.85  ep_len= 201.0  fall_rate=0.0  logstd=-3.459  clipfrac=0.55  t= 195.0s
iter   76/195  step=  155648  ep_return=  160.57  ep_len= 201.0  fall_rate=0.0  logstd=-3.459  clipfrac=0.57  t= 197.1s
iter   77/195  step=  157696  ep_return=  160.95  ep_len= 201.0  fall_rate=0.0  logstd=-3.461  clipfrac=0.57  t= 199.1s
iter   78/195  step=  159744  ep_return=  161.06  ep_len= 201.0  fall_rate=0.0  logstd=-3.463  clipfrac=0.54  t= 201.1s
iter   79/195  step=  161792  ep_return=  162.97  ep_len= 201.0  fall_rate=0.0  logstd=-3.464  clipfrac=0.55  t= 204.1s
iter   80/195  step=  163840  ep_return=  161.48  ep_len= 201.0  fall_rate=0.0  logstd=-3.465  clipfrac=0.54  t= 206.3s  eval_steps=200  val_score=200.0
iter   81/195  step=  165888  ep_return=  158.38  ep_len= 201.0  fall_rate=0.0  logstd=-3.467  clipfrac=0.54  t= 210.8s
iter   82/195  step=  167936  ep_return=  159.32  ep_len= 201.0  fall_rate=0.0  logstd=-3.468  clipfrac=0.55  t= 213.7s
iter   83/195  step=  169984  ep_return=  160.84  ep_len= 201.0  fall_rate=0.0  logstd=-3.471  clipfrac=0.56  t= 215.7s
iter   84/195  step=  172032  ep_return=  159.13  ep_len= 201.0  fall_rate=0.0  logstd=-3.472  clipfrac=0.55  t= 218.0s
iter   85/195  step=  174080  ep_return=  158.28  ep_len= 201.0  fall_rate=0.0  logstd=-3.472  clipfrac=0.52  t= 220.0s
iter   86/195  step=  176128  ep_return=  159.10  ep_len= 201.0  fall_rate=0.0  logstd=-3.474  clipfrac=0.55  t= 222.9s
iter   87/195  step=  178176  ep_return=  163.10  ep_len= 201.0  fall_rate=0.0  logstd=-3.476  clipfrac=0.53  t= 225.0s
iter   88/195  step=  180224  ep_return=  164.35  ep_len= 201.0  fall_rate=0.0  logstd=-3.477  clipfrac=0.54  t= 227.1s
iter   89/195  step=  182272  ep_return=  162.83  ep_len= 201.0  fall_rate=0.0  logstd=-3.477  clipfrac=0.54  t= 229.3s
iter   90/195  step=  184320  ep_return=  157.69  ep_len= 201.0  fall_rate=0.0  logstd=-3.477  clipfrac=0.54  t= 232.0s  eval_steps=200  val_score=200.0
iter   91/195  step=  186368  ep_return=  156.77  ep_len= 201.0  fall_rate=0.0  logstd=-3.479  clipfrac=0.52  t= 235.4s
iter   92/195  step=  188416  ep_return=  156.20  ep_len= 201.0  fall_rate=0.0  logstd=-3.481  clipfrac=0.54  t= 237.7s
iter   93/195  step=  190464  ep_return=  155.62  ep_len= 201.0  fall_rate=0.0  logstd=-3.482  clipfrac=0.53  t= 239.9s
iter   94/195  step=  192512  ep_return=  156.95  ep_len= 201.0  fall_rate=0.0  logstd=-3.483  clipfrac=0.53  t= 242.8s
iter   95/195  step=  194560  ep_return=  156.87  ep_len= 201.0  fall_rate=0.0  logstd=-3.486  clipfrac=0.54  t= 245.8s
iter   96/195  step=  196608  ep_return=  154.94  ep_len= 201.0  fall_rate=0.0  logstd=-3.486  clipfrac=0.52  t= 247.8s
iter   97/195  step=  198656  ep_return=  157.03  ep_len= 201.0  fall_rate=0.0  logstd=-3.487  clipfrac=0.54  t= 249.8s
iter   98/195  step=  200704  ep_return=  156.14  ep_len= 201.0  fall_rate=0.0  logstd=-3.487  clipfrac=0.52  t= 251.9s
iter   99/195  step=  202752  ep_return=  159.01  ep_len= 201.0  fall_rate=0.0  logstd=-3.488  clipfrac=0.51  t= 254.6s
iter  100/195  step=  204800  ep_return=  158.83  ep_len= 201.0  fall_rate=0.0  logstd=-3.488  clipfrac=0.52  t= 256.7s  eval_steps=200  val_score=188.8
iter  101/195  step=  206848  ep_return=  157.45  ep_len= 201.0  fall_rate=0.0  logstd=-3.489  clipfrac=0.51  t= 260.6s
iter  102/195  step=  208896  ep_return=  161.40  ep_len= 201.0  fall_rate=0.0  logstd=-3.489  clipfrac=0.52  t= 262.6s
iter  103/195  step=  210944  ep_return=  162.55  ep_len= 201.0  fall_rate=0.0  logstd=-3.490  clipfrac=0.51  t= 265.2s
iter  104/195  step=  212992  ep_return=  158.27  ep_len= 201.0  fall_rate=0.0  logstd=-3.489  clipfrac=0.51  t= 267.4s
iter  105/195  step=  215040  ep_return=  157.43  ep_len= 201.0  fall_rate=0.0  logstd=-3.490  clipfrac=0.49  t= 270.1s
iter  106/195  step=  217088  ep_return=  160.86  ep_len= 201.0  fall_rate=0.0  logstd=-3.491  clipfrac=0.49  t= 272.9s
iter  107/195  step=  219136  ep_return=  161.28  ep_len= 201.0  fall_rate=0.0  logstd=-3.493  clipfrac=0.51  t= 275.0s
iter  108/195  step=  221184  ep_return=  156.80  ep_len= 201.0  fall_rate=0.0  logstd=-3.493  clipfrac=0.52  t= 277.8s
iter  109/195  step=  223232  ep_return=  158.12  ep_len= 201.0  fall_rate=0.0  logstd=-3.494  clipfrac=0.49  t= 280.3s
iter  110/195  step=  225280  ep_return=  159.89  ep_len= 201.0  fall_rate=0.0  logstd=-3.494  clipfrac=0.50  t= 282.3s  eval_steps=200  val_score=200.0
iter  111/195  step=  227328  ep_return=  160.67  ep_len= 201.0  fall_rate=0.0  logstd=-3.494  clipfrac=0.49  t= 285.9s
iter  112/195  step=  229376  ep_return=  160.18  ep_len= 201.0  fall_rate=0.0  logstd=-3.493  clipfrac=0.49  t= 287.9s
iter  113/195  step=  231424  ep_return=  160.64  ep_len= 201.0  fall_rate=0.0  logstd=-3.493  clipfrac=0.50  t= 290.7s
iter  114/195  step=  233472  ep_return=  157.86  ep_len= 201.0  fall_rate=0.0  logstd=-3.494  clipfrac=0.50  t= 292.7s
iter  115/195  step=  235520  ep_return=  158.87  ep_len= 201.0  fall_rate=0.0  logstd=-3.495  clipfrac=0.52  t= 294.8s
iter  116/195  step=  237568  ep_return=  160.93  ep_len= 201.0  fall_rate=0.0  logstd=-3.496  clipfrac=0.48  t= 297.7s
iter  117/195  step=  239616  ep_return=  158.60  ep_len= 201.0  fall_rate=0.0  logstd=-3.497  clipfrac=0.50  t= 299.7s
iter  118/195  step=  241664  ep_return=  157.88  ep_len= 201.0  fall_rate=0.0  logstd=-3.498  clipfrac=0.47  t= 302.4s
iter  119/195  step=  243712  ep_return=  158.56  ep_len= 201.0  fall_rate=0.0  logstd=-3.498  clipfrac=0.49  t= 304.8s
iter  120/195  step=  245760  ep_return=  159.16  ep_len= 201.0  fall_rate=0.0  logstd=-3.499  clipfrac=0.49  t= 307.7s  eval_steps=200  val_score=200.0
iter  121/195  step=  247808  ep_return=  158.79  ep_len= 201.0  fall_rate=0.0  logstd=-3.500  clipfrac=0.47  t= 311.9s
iter  122/195  step=  249856  ep_return=  159.80  ep_len= 201.0  fall_rate=0.0  logstd=-3.500  clipfrac=0.48  t= 313.9s
iter  123/195  step=  251904  ep_return=  162.48  ep_len= 201.0  fall_rate=0.0  logstd=-3.502  clipfrac=0.47  t= 315.9s
iter  124/195  step=  253952  ep_return=  161.25  ep_len= 201.0  fall_rate=0.0  logstd=-3.502  clipfrac=0.47  t= 318.8s
iter  125/195  step=  256000  ep_return=  161.92  ep_len= 201.0  fall_rate=0.0  logstd=-3.503  clipfrac=0.44  t= 321.8s
iter  126/195  step=  258048  ep_return=  160.51  ep_len= 201.0  fall_rate=0.0  logstd=-3.505  clipfrac=0.46  t= 324.8s
iter  127/195  step=  260096  ep_return=  160.91  ep_len= 201.0  fall_rate=0.0  logstd=-3.506  clipfrac=0.46  t= 327.3s
iter  128/195  step=  262144  ep_return=  158.68  ep_len= 201.0  fall_rate=0.0  logstd=-3.507  clipfrac=0.45  t= 330.2s
iter  129/195  step=  264192  ep_return=  148.91  ep_len= 196.6  fall_rate=0.05  logstd=-3.509  clipfrac=0.43  t= 332.9s
iter  130/195  step=  266240  ep_return=  150.59  ep_len= 196.6  fall_rate=0.05  logstd=-3.509  clipfrac=0.46  t= 335.3s  eval_steps=200  val_score=200.0
iter  131/195  step=  268288  ep_return=  158.11  ep_len= 201.0  fall_rate=0.0  logstd=-3.511  clipfrac=0.46  t= 339.4s
iter  132/195  step=  270336  ep_return=  157.01  ep_len= 201.0  fall_rate=0.0  logstd=-3.511  clipfrac=0.44  t= 341.5s
iter  133/195  step=  272384  ep_return=  157.28  ep_len= 201.0  fall_rate=0.0  logstd=-3.512  clipfrac=0.44  t= 344.1s
iter  134/195  step=  274432  ep_return=  148.41  ep_len= 195.3  fall_rate=0.1  logstd=-3.513  clipfrac=0.42  t= 346.7s
iter  135/195  step=  276480  ep_return=  148.38  ep_len= 195.3  fall_rate=0.1  logstd=-3.514  clipfrac=0.43  t= 349.5s
iter  136/195  step=  278528  ep_return=  162.69  ep_len= 201.0  fall_rate=0.0  logstd=-3.515  clipfrac=0.43  t= 351.5s
iter  137/195  step=  280576  ep_return=  161.37  ep_len= 201.0  fall_rate=0.0  logstd=-3.516  clipfrac=0.42  t= 353.5s
iter  138/195  step=  282624  ep_return=  160.22  ep_len= 201.0  fall_rate=0.0  logstd=-3.516  clipfrac=0.43  t= 356.0s
iter  139/195  step=  284672  ep_return=  162.00  ep_len= 201.0  fall_rate=0.0  logstd=-3.517  clipfrac=0.44  t= 358.5s
iter  140/195  step=  286720  ep_return=  162.35  ep_len= 201.0  fall_rate=0.0  logstd=-3.518  clipfrac=0.41  t= 360.8s  eval_steps=200  val_score=186.6
iter  141/195  step=  288768  ep_return=  148.90  ep_len= 195.4  fall_rate=0.1  logstd=-3.519  clipfrac=0.42  t= 364.9s
iter  142/195  step=  290816  ep_return=  148.73  ep_len= 195.4  fall_rate=0.1  logstd=-3.520  clipfrac=0.39  t= 367.7s
iter  143/195  step=  292864  ep_return=  160.59  ep_len= 201.0  fall_rate=0.0  logstd=-3.521  clipfrac=0.42  t= 370.4s
iter  144/195  step=  294912  ep_return=  162.48  ep_len= 201.0  fall_rate=0.0  logstd=-3.522  clipfrac=0.41  t= 372.5s
iter  145/195  step=  296960  ep_return=  160.53  ep_len= 201.0  fall_rate=0.0  logstd=-3.522  clipfrac=0.42  t= 375.4s
iter  146/195  step=  299008  ep_return=  159.79  ep_len= 201.0  fall_rate=0.0  logstd=-3.523  clipfrac=0.40  t= 378.0s
iter  147/195  step=  301056  ep_return=  162.22  ep_len= 201.0  fall_rate=0.0  logstd=-3.523  clipfrac=0.40  t= 380.0s
iter  148/195  step=  303104  ep_return=  164.99  ep_len= 201.0  fall_rate=0.0  logstd=-3.523  clipfrac=0.42  t= 382.6s
iter  149/195  step=  305152  ep_return=  164.47  ep_len= 201.0  fall_rate=0.0  logstd=-3.523  clipfrac=0.39  t= 385.4s
iter  150/195  step=  307200  ep_return=  161.16  ep_len= 201.0  fall_rate=0.0  logstd=-3.524  clipfrac=0.36  t= 387.6s  eval_steps=200  val_score=200.0
iter  151/195  step=  309248  ep_return=  160.25  ep_len= 201.0  fall_rate=0.0  logstd=-3.524  clipfrac=0.37  t= 391.5s
iter  152/195  step=  311296  ep_return=  160.38  ep_len= 201.0  fall_rate=0.0  logstd=-3.524  clipfrac=0.35  t= 393.5s
iter  153/195  step=  313344  ep_return=  161.90  ep_len= 201.0  fall_rate=0.0  logstd=-3.524  clipfrac=0.38  t= 395.8s
iter  154/195  step=  315392  ep_return=  161.74  ep_len= 201.0  fall_rate=0.0  logstd=-3.525  clipfrac=0.36  t= 398.6s
iter  155/195  step=  317440  ep_return=  159.20  ep_len= 201.0  fall_rate=0.0  logstd=-3.525  clipfrac=0.37  t= 401.4s
iter  156/195  step=  319488  ep_return=  161.66  ep_len= 201.0  fall_rate=0.0  logstd=-3.526  clipfrac=0.36  t= 404.0s
iter  157/195  step=  321536  ep_return=  155.40  ep_len= 196.5  fall_rate=0.05  logstd=-3.526  clipfrac=0.34  t= 406.9s
iter  158/195  step=  323584  ep_return=  150.62  ep_len= 196.5  fall_rate=0.05  logstd=-3.527  clipfrac=0.37  t= 408.9s
iter  159/195  step=  325632  ep_return=  159.65  ep_len= 201.0  fall_rate=0.0  logstd=-3.527  clipfrac=0.35  t= 411.0s
iter  160/195  step=  327680  ep_return=  162.63  ep_len= 201.0  fall_rate=0.0  logstd=-3.528  clipfrac=0.36  t= 413.3s  eval_steps=200  val_score=200.0
iter  161/195  step=  329728  ep_return=  161.56  ep_len= 201.0  fall_rate=0.0  logstd=-3.528  clipfrac=0.36  t= 416.7s
iter  162/195  step=  331776  ep_return=  160.72  ep_len= 201.0  fall_rate=0.0  logstd=-3.528  clipfrac=0.36  t= 419.5s
iter  163/195  step=  333824  ep_return=  148.19  ep_len= 195.1  fall_rate=0.05  logstd=-3.529  clipfrac=0.29  t= 422.3s
iter  164/195  step=  335872  ep_return=  147.74  ep_len= 195.1  fall_rate=0.05  logstd=-3.529  clipfrac=0.32  t= 424.3s
iter  165/195  step=  337920  ep_return=  158.78  ep_len= 201.0  fall_rate=0.0  logstd=-3.530  clipfrac=0.32  t= 426.5s
iter  166/195  step=  339968  ep_return=  164.72  ep_len= 201.0  fall_rate=0.0  logstd=-3.530  clipfrac=0.31  t= 428.5s
iter  167/195  step=  342016  ep_return=  165.84  ep_len= 201.0  fall_rate=0.0  logstd=-3.530  clipfrac=0.31  t= 431.0s
iter  168/195  step=  344064  ep_return=  160.07  ep_len= 201.0  fall_rate=0.0  logstd=-3.530  clipfrac=0.31  t= 433.7s
iter  169/195  step=  346112  ep_return=  160.13  ep_len= 201.0  fall_rate=0.0  logstd=-3.531  clipfrac=0.32  t= 435.7s
iter  170/195  step=  348160  ep_return=  162.94  ep_len= 201.0  fall_rate=0.0  logstd=-3.532  clipfrac=0.30  t= 438.4s  eval_steps=200  val_score=200.0
iter  171/195  step=  350208  ep_return=  163.74  ep_len= 201.0  fall_rate=0.0  logstd=-3.532  clipfrac=0.29  t= 442.6s
iter  172/195  step=  352256  ep_return=  163.82  ep_len= 201.0  fall_rate=0.0  logstd=-3.533  clipfrac=0.28  t= 445.4s
iter  173/195  step=  354304  ep_return=  162.23  ep_len= 201.0  fall_rate=0.0  logstd=-3.533  clipfrac=0.28  t= 448.2s
iter  174/195  step=  356352  ep_return=  161.38  ep_len= 201.0  fall_rate=0.0  logstd=-3.534  clipfrac=0.29  t= 450.5s
iter  175/195  step=  358400  ep_return=  159.86  ep_len= 201.0  fall_rate=0.0  logstd=-3.534  clipfrac=0.26  t= 452.5s
iter  176/195  step=  360448  ep_return=  161.00  ep_len= 201.0  fall_rate=0.0  logstd=-3.534  clipfrac=0.26  t= 454.7s
iter  177/195  step=  362496  ep_return=  159.01  ep_len= 201.0  fall_rate=0.0  logstd=-3.534  clipfrac=0.25  t= 457.4s
iter  178/195  step=  364544  ep_return=  160.27  ep_len= 201.0  fall_rate=0.0  logstd=-3.534  clipfrac=0.24  t= 460.2s
iter  179/195  step=  366592  ep_return=  164.12  ep_len= 201.0  fall_rate=0.0  logstd=-3.534  clipfrac=0.24  t= 463.1s
iter  180/195  step=  368640  ep_return=  163.01  ep_len= 201.0  fall_rate=0.0  logstd=-3.535  clipfrac=0.24  t= 465.8s  eval_steps=200  val_score=200.0
iter  181/195  step=  370688  ep_return=  163.14  ep_len= 201.0  fall_rate=0.0  logstd=-3.535  clipfrac=0.22  t= 469.3s
iter  182/195  step=  372736  ep_return=  164.08  ep_len= 201.0  fall_rate=0.0  logstd=-3.535  clipfrac=0.22  t= 471.5s
iter  183/195  step=  374784  ep_return=  163.89  ep_len= 201.0  fall_rate=0.0  logstd=-3.535  clipfrac=0.21  t= 474.3s
iter  184/195  step=  376832  ep_return=  162.83  ep_len= 201.0  fall_rate=0.0  logstd=-3.535  clipfrac=0.18  t= 477.1s
iter  185/195  step=  378880  ep_return=  162.53  ep_len= 201.0  fall_rate=0.0  logstd=-3.535  clipfrac=0.17  t= 479.8s
iter  186/195  step=  380928  ep_return=  161.81  ep_len= 201.0  fall_rate=0.0  logstd=-3.535  clipfrac=0.17  t= 482.5s
iter  187/195  step=  382976  ep_return=  162.33  ep_len= 201.0  fall_rate=0.0  logstd=-3.535  clipfrac=0.17  t= 484.4s
iter  188/195  step=  385024  ep_return=  155.74  ep_len= 196.3  fall_rate=0.05  logstd=-3.535  clipfrac=0.11  t= 486.8s
iter  189/195  step=  387072  ep_return=  153.59  ep_len= 196.3  fall_rate=0.05  logstd=-3.535  clipfrac=0.12  t= 489.1s
iter  190/195  step=  389120  ep_return=  161.30  ep_len= 201.0  fall_rate=0.0  logstd=-3.536  clipfrac=0.11  t= 491.6s  eval_steps=200  val_score=200.0
iter  191/195  step=  391168  ep_return=  164.86  ep_len= 201.0  fall_rate=0.0  logstd=-3.536  clipfrac=0.09  t= 495.0s
iter  192/195  step=  393216  ep_return=  165.52  ep_len= 201.0  fall_rate=0.0  logstd=-3.536  clipfrac=0.06  t= 498.0s
iter  193/195  step=  395264  ep_return=  163.04  ep_len= 201.0  fall_rate=0.0  logstd=-3.536  clipfrac=0.04  t= 501.0s
iter  194/195  step=  397312  ep_return=  160.82  ep_len= 201.0  fall_rate=0.0  logstd=-3.536  clipfrac=0.02  t= 504.0s
iter  195/195  step=  399360  ep_return=  162.54  ep_len= 201.0  fall_rate=0.0  logstd=-3.536  clipfrac=0.00  t= 506.9s
saved checkpoint -> /home/elida_sensoy/cara_robot/cara_robot/cara_description/runs/u30_walk_command/u30_seed0.pt
