iter    1/146  step=    2048  ep_return=  -15.69  ep_len=  21.2  fall_rate=1.0  clipfrac=0.17  t=   1.8s
iter    2/146  step=    4096  ep_return=  -14.08  ep_len=  22.1  fall_rate=1.0  clipfrac=0.13  t=   4.7s
iter    3/146  step=    6144  ep_return=  -16.60  ep_len=  22.6  fall_rate=1.0  clipfrac=0.13  t=   6.6s
iter    4/146  step=    8192  ep_return=  -12.64  ep_len=  21.6  fall_rate=1.0  clipfrac=0.15  t=   9.3s
iter    5/146  step=   10240  ep_return=  -14.32  ep_len=  21.9  fall_rate=1.0  clipfrac=0.15  t=  11.2s
iter    6/146  step=   12288  ep_return=   -5.89  ep_len=  20.1  fall_rate=1.0  clipfrac=0.16  t=  13.1s
iter    7/146  step=   14336  ep_return=  -13.32  ep_len=  23.1  fall_rate=1.0  clipfrac=0.16  t=  15.9s
iter    8/146  step=   16384  ep_return=   -7.77  ep_len=  19.8  fall_rate=1.0  clipfrac=0.16  t=  17.8s
iter    9/146  step=   18432  ep_return=   -7.39  ep_len=  20.5  fall_rate=1.0  clipfrac=0.17  t=  20.8s
iter   10/146  step=   20480  ep_return=  -10.69  ep_len=  21.4  fall_rate=1.0  clipfrac=0.16  t=  23.6s
iter   11/146  step=   22528  ep_return=   -6.10  ep_len=  21.0  fall_rate=1.0  clipfrac=0.16  t=  26.4s
iter   12/146  step=   24576  ep_return=   -7.47  ep_len=  20.9  fall_rate=1.0  clipfrac=0.14  t=  28.3s
iter   13/146  step=   26624  ep_return=   -4.86  ep_len=  20.9  fall_rate=1.0  clipfrac=0.17  t=  31.2s
iter   14/146  step=   28672  ep_return=   -4.46  ep_len=  21.2  fall_rate=1.0  clipfrac=0.17  t=  34.1s
iter   15/146  step=   30720  ep_return=   -7.22  ep_len=  19.4  fall_rate=1.0  clipfrac=0.15  t=  37.0s
iter   16/146  step=   32768  ep_return=   -5.46  ep_len=  19.9  fall_rate=1.0  clipfrac=0.17  t=  40.0s
iter   17/146  step=   34816  ep_return=   -9.88  ep_len=  20.9  fall_rate=1.0  clipfrac=0.15  t=  42.9s
iter   18/146  step=   36864  ep_return=   -5.66  ep_len=  20.0  fall_rate=1.0  clipfrac=0.16  t=  45.8s
iter   19/146  step=   38912  ep_return=   -1.52  ep_len=  20.2  fall_rate=1.0  clipfrac=0.17  t=  48.7s
iter   20/146  step=   40960  ep_return=   -1.93  ep_len=  21.5  fall_rate=1.0  clipfrac=0.19  t=  51.6s
iter   21/146  step=   43008  ep_return=   -3.58  ep_len=  20.6  fall_rate=1.0  clipfrac=0.18  t=  53.5s
iter   22/146  step=   45056  ep_return=   -5.24  ep_len=  20.4  fall_rate=1.0  clipfrac=0.16  t=  56.4s
iter   23/146  step=   47104  ep_return=   -3.76  ep_len=  20.9  fall_rate=1.0  clipfrac=0.18  t=  59.4s
iter   24/146  step=   49152  ep_return=   -4.19  ep_len=  20.6  fall_rate=1.0  clipfrac=0.17  t=  62.3s
iter   25/146  step=   51200  ep_return=   -3.46  ep_len=  21.8  fall_rate=1.0  clipfrac=0.16  t=  64.8s
iter   26/146  step=   53248  ep_return=   -1.49  ep_len=  19.7  fall_rate=1.0  clipfrac=0.17  t=  67.7s
iter   27/146  step=   55296  ep_return=   -5.57  ep_len=  18.5  fall_rate=1.0  clipfrac=0.16  t=  70.5s
iter   28/146  step=   57344  ep_return=   -4.73  ep_len=  20.9  fall_rate=1.0  clipfrac=0.16  t=  73.3s
iter   29/146  step=   59392  ep_return=   -3.14  ep_len=  19.2  fall_rate=1.0  clipfrac=0.17  t=  76.2s
iter   30/146  step=   61440  ep_return=   -0.63  ep_len=  21.2  fall_rate=1.0  clipfrac=0.17  t=  78.6s
iter   31/146  step=   63488  ep_return=   -1.89  ep_len=  19.4  fall_rate=1.0  clipfrac=0.17  t=  80.5s
iter   32/146  step=   65536  ep_return=   -1.33  ep_len=  19.4  fall_rate=1.0  clipfrac=0.18  t=  83.4s
iter   33/146  step=   67584  ep_return=   -5.75  ep_len=  21.2  fall_rate=1.0  clipfrac=0.16  t=  85.3s
iter   34/146  step=   69632  ep_return=   -4.72  ep_len=  19.7  fall_rate=1.0  clipfrac=0.17  t=  88.0s
iter   35/146  step=   71680  ep_return=   -2.13  ep_len=  21.8  fall_rate=1.0  clipfrac=0.19  t=  90.8s
iter   36/146  step=   73728  ep_return=   -4.03  ep_len=  18.6  fall_rate=1.0  clipfrac=0.17  t=  93.6s
iter   37/146  step=   75776  ep_return=   -3.75  ep_len=  17.9  fall_rate=1.0  clipfrac=0.19  t=  96.5s
iter   38/146  step=   77824  ep_return=   -3.43  ep_len=  18.4  fall_rate=1.0  clipfrac=0.16  t=  99.4s
iter   39/146  step=   79872  ep_return=   -4.31  ep_len=  20.0  fall_rate=1.0  clipfrac=0.19  t= 102.2s
iter   40/146  step=   81920  ep_return=   -3.80  ep_len=  19.5  fall_rate=1.0  clipfrac=0.16  t= 105.0s
iter   41/146  step=   83968  ep_return=   -3.45  ep_len=  18.9  fall_rate=1.0  clipfrac=0.18  t= 107.8s
iter   42/146  step=   86016  ep_return=   -2.67  ep_len=  19.9  fall_rate=1.0  clipfrac=0.18  t= 110.8s
iter   43/146  step=   88064  ep_return=   -4.02  ep_len=  20.0  fall_rate=1.0  clipfrac=0.17  t= 113.7s
iter   44/146  step=   90112  ep_return=   -4.13  ep_len=  18.4  fall_rate=1.0  clipfrac=0.17  t= 116.5s
iter   45/146  step=   92160  ep_return=   -3.73  ep_len=  20.2  fall_rate=1.0  clipfrac=0.16  t= 119.4s
iter   46/146  step=   94208  ep_return=   -2.94  ep_len=  19.2  fall_rate=1.0  clipfrac=0.18  t= 121.3s
iter   47/146  step=   96256  ep_return=   -2.65  ep_len=  20.9  fall_rate=1.0  clipfrac=0.15  t= 123.8s
iter   48/146  step=   98304  ep_return=   -3.65  ep_len=  20.1  fall_rate=1.0  clipfrac=0.17  t= 126.6s
iter   49/146  step=  100352  ep_return=   -1.93  ep_len=  20.1  fall_rate=1.0  clipfrac=0.17  t= 129.2s
iter   50/146  step=  102400  ep_return=   -2.61  ep_len=  20.6  fall_rate=1.0  clipfrac=0.16  t= 131.5s
iter   51/146  step=  104448  ep_return=   -2.52  ep_len=  19.4  fall_rate=1.0  clipfrac=0.16  t= 134.3s
iter   52/146  step=  106496  ep_return=   -0.89  ep_len=  20.9  fall_rate=1.0  clipfrac=0.16  t= 136.8s
iter   53/146  step=  108544  ep_return=   -2.75  ep_len=  20.4  fall_rate=1.0  clipfrac=0.15  t= 139.5s
iter   54/146  step=  110592  ep_return=   -2.06  ep_len=  18.9  fall_rate=1.0  clipfrac=0.15  t= 142.3s
iter   55/146  step=  112640  ep_return=   -4.47  ep_len=  19.2  fall_rate=1.0  clipfrac=0.13  t= 145.1s
iter   56/146  step=  114688  ep_return=   -0.54  ep_len=  19.9  fall_rate=1.0  clipfrac=0.17  t= 147.6s
iter   57/146  step=  116736  ep_return=   -0.72  ep_len=  19.6  fall_rate=1.0  clipfrac=0.14  t= 150.4s
iter   58/146  step=  118784  ep_return=   -1.42  ep_len=  20.7  fall_rate=1.0  clipfrac=0.15  t= 153.3s
iter   59/146  step=  120832  ep_return=    0.53  ep_len=  22.2  fall_rate=1.0  clipfrac=0.14  t= 156.3s
iter   60/146  step=  122880  ep_return=   -3.36  ep_len=  22.1  fall_rate=1.0  clipfrac=0.13  t= 159.1s
iter   61/146  step=  124928  ep_return=   -3.34  ep_len=  22.4  fall_rate=1.0  clipfrac=0.14  t= 161.9s
iter   62/146  step=  126976  ep_return=   -0.55  ep_len=  20.2  fall_rate=1.0  clipfrac=0.13  t= 163.9s
iter   63/146  step=  129024  ep_return=   -1.79  ep_len=  18.1  fall_rate=1.0  clipfrac=0.18  t= 165.8s
iter   64/146  step=  131072  ep_return=   -3.18  ep_len=  17.3  fall_rate=1.0  clipfrac=0.16  t= 168.6s
iter   65/146  step=  133120  ep_return=   -2.46  ep_len=  21.8  fall_rate=1.0  clipfrac=0.16  t= 171.4s
iter   66/146  step=  135168  ep_return=   -2.14  ep_len=  19.6  fall_rate=1.0  clipfrac=0.13  t= 174.2s
iter   67/146  step=  137216  ep_return=   -1.95  ep_len=  19.1  fall_rate=1.0  clipfrac=0.16  t= 177.0s
iter   68/146  step=  139264  ep_return=   -2.02  ep_len=  19.4  fall_rate=1.0  clipfrac=0.13  t= 179.9s
iter   69/146  step=  141312  ep_return=   -1.13  ep_len=  19.8  fall_rate=1.0  clipfrac=0.11  t= 182.1s
iter   70/146  step=  143360  ep_return=   -1.26  ep_len=  20.6  fall_rate=1.0  clipfrac=0.14  t= 184.6s
iter   71/146  step=  145408  ep_return=   -2.17  ep_len=  20.9  fall_rate=1.0  clipfrac=0.14  t= 187.2s
iter   72/146  step=  147456  ep_return=   -1.70  ep_len=  19.1  fall_rate=1.0  clipfrac=0.12  t= 189.9s
iter   73/146  step=  149504  ep_return=   -4.23  ep_len=  21.8  fall_rate=1.0  clipfrac=0.12  t= 191.8s
iter   74/146  step=  151552  ep_return=   -1.23  ep_len=  19.7  fall_rate=1.0  clipfrac=0.12  t= 194.7s
iter   75/146  step=  153600  ep_return=   -2.36  ep_len=  19.9  fall_rate=1.0  clipfrac=0.15  t= 197.3s
iter   76/146  step=  155648  ep_return=   -3.66  ep_len=  19.3  fall_rate=1.0  clipfrac=0.13  t= 200.0s
iter   77/146  step=  157696  ep_return=   -2.91  ep_len=  18.1  fall_rate=1.0  clipfrac=0.13  t= 202.9s
iter   78/146  step=  159744  ep_return=   -2.04  ep_len=  20.7  fall_rate=1.0  clipfrac=0.15  t= 205.8s
iter   79/146  step=  161792  ep_return=   -0.91  ep_len=  21.2  fall_rate=1.0  clipfrac=0.10  t= 208.8s
iter   80/146  step=  163840  ep_return=   -3.70  ep_len=  19.4  fall_rate=1.0  clipfrac=0.13  t= 211.5s
iter   81/146  step=  165888  ep_return=   -4.65  ep_len=  21.6  fall_rate=1.0  clipfrac=0.10  t= 214.3s
iter   82/146  step=  167936  ep_return=   -0.11  ep_len=  23.3  fall_rate=1.0  clipfrac=0.10  t= 217.2s
iter   83/146  step=  169984  ep_return=   -2.02  ep_len=  20.8  fall_rate=1.0  clipfrac=0.10  t= 220.1s
iter   84/146  step=  172032  ep_return=   -3.98  ep_len=  20.6  fall_rate=1.0  clipfrac=0.12  t= 223.1s
iter   85/146  step=  174080  ep_return=   -1.19  ep_len=  19.5  fall_rate=1.0  clipfrac=0.11  t= 225.9s
iter   86/146  step=  176128  ep_return=   -0.73  ep_len=  21.0  fall_rate=1.0  clipfrac=0.10  t= 228.8s
iter   87/146  step=  178176  ep_return=   -2.15  ep_len=  22.4  fall_rate=1.0  clipfrac=0.10  t= 231.0s
iter   88/146  step=  180224  ep_return=   -5.19  ep_len=  21.5  fall_rate=1.0  clipfrac=0.10  t= 233.3s
iter   89/146  step=  182272  ep_return=   -6.22  ep_len=  21.0  fall_rate=1.0  clipfrac=0.11  t= 235.5s
iter   90/146  step=  184320  ep_return=   -2.54  ep_len=  20.6  fall_rate=1.0  clipfrac=0.11  t= 238.4s
iter   91/146  step=  186368  ep_return=   -3.64  ep_len=  22.8  fall_rate=1.0  clipfrac=0.09  t= 241.2s
iter   92/146  step=  188416  ep_return=   -3.07  ep_len=  21.8  fall_rate=1.0  clipfrac=0.09  t= 243.7s
iter   93/146  step=  190464  ep_return=   -4.62  ep_len=  21.6  fall_rate=1.0  clipfrac=0.10  t= 246.3s
iter   94/146  step=  192512  ep_return=   -4.48  ep_len=  20.2  fall_rate=1.0  clipfrac=0.11  t= 248.6s
iter   95/146  step=  194560  ep_return=   -3.09  ep_len=  22.3  fall_rate=1.0  clipfrac=0.09  t= 251.2s
iter   96/146  step=  196608  ep_return=   -1.19  ep_len=  20.4  fall_rate=1.0  clipfrac=0.10  t= 254.0s
iter   97/146  step=  198656  ep_return=   -1.90  ep_len=  21.1  fall_rate=1.0  clipfrac=0.08  t= 256.6s
iter   98/146  step=  200704  ep_return=   -1.98  ep_len=  22.1  fall_rate=1.0  clipfrac=0.08  t= 258.6s
iter   99/146  step=  202752  ep_return=   -2.84  ep_len=  21.4  fall_rate=1.0  clipfrac=0.07  t= 261.2s
iter  100/146  step=  204800  ep_return=   -2.33  ep_len=  19.9  fall_rate=1.0  clipfrac=0.09  t= 264.1s
iter  101/146  step=  206848  ep_return=   -4.56  ep_len=  23.2  fall_rate=1.0  clipfrac=0.07  t= 266.8s
iter  102/146  step=  208896  ep_return=   -2.28  ep_len=  19.9  fall_rate=1.0  clipfrac=0.07  t= 269.3s
iter  103/146  step=  210944  ep_return=   -1.94  ep_len=  21.1  fall_rate=1.0  clipfrac=0.07  t= 272.0s
iter  104/146  step=  212992  ep_return=   -2.39  ep_len=  18.9  fall_rate=1.0  clipfrac=0.08  t= 274.6s
iter  105/146  step=  215040  ep_return=    1.54  ep_len=  22.6  fall_rate=1.0  clipfrac=0.06  t= 277.4s
iter  106/146  step=  217088  ep_return=   -3.95  ep_len=  21.1  fall_rate=1.0  clipfrac=0.07  t= 280.2s
iter  107/146  step=  219136  ep_return=   -3.22  ep_len=  19.6  fall_rate=1.0  clipfrac=0.07  t= 283.0s
iter  108/146  step=  221184  ep_return=   -4.93  ep_len=  22.4  fall_rate=1.0  clipfrac=0.06  t= 285.2s
iter  109/146  step=  223232  ep_return=   -2.64  ep_len=  21.9  fall_rate=1.0  clipfrac=0.07  t= 287.9s
iter  110/146  step=  225280  ep_return=   -2.37  ep_len=  21.8  fall_rate=1.0  clipfrac=0.04  t= 290.2s
iter  111/146  step=  227328  ep_return=   -2.89  ep_len=  22.2  fall_rate=1.0  clipfrac=0.06  t= 292.5s
iter  112/146  step=  229376  ep_return=   -2.86  ep_len=  19.4  fall_rate=1.0  clipfrac=0.05  t= 294.9s
iter  113/146  step=  231424  ep_return=   -3.66  ep_len=  21.1  fall_rate=1.0  clipfrac=0.05  t= 297.7s
iter  114/146  step=  233472  ep_return=   -0.86  ep_len=  22.8  fall_rate=1.0  clipfrac=0.04  t= 300.1s
iter  115/146  step=  235520  ep_return=   -2.02  ep_len=  23.2  fall_rate=1.0  clipfrac=0.05  t= 302.7s
iter  116/146  step=  237568  ep_return=   -3.99  ep_len=  22.2  fall_rate=1.0  clipfrac=0.03  t= 305.6s
iter  117/146  step=  239616  ep_return=   -2.64  ep_len=  21.0  fall_rate=1.0  clipfrac=0.04  t= 308.5s
iter  118/146  step=  241664  ep_return=   -2.28  ep_len=  20.7  fall_rate=1.0  clipfrac=0.04  t= 311.4s
iter  119/146  step=  243712  ep_return=   -1.27  ep_len=  20.9  fall_rate=1.0  clipfrac=0.04  t= 313.3s
iter  120/146  step=  245760  ep_return=   -2.25  ep_len=  22.1  fall_rate=1.0  clipfrac=0.03  t= 316.1s
iter  121/146  step=  247808  ep_return=   -4.49  ep_len=  23.1  fall_rate=1.0  clipfrac=0.01  t= 317.9s
iter  122/146  step=  249856  ep_return=   -2.15  ep_len=  19.8  fall_rate=1.0  clipfrac=0.04  t= 320.8s
iter  123/146  step=  251904  ep_return=   -1.87  ep_len=  20.7  fall_rate=1.0  clipfrac=0.02  t= 323.7s
iter  124/146  step=  253952  ep_return=   -1.78  ep_len=  22.9  fall_rate=1.0  clipfrac=0.02  t= 326.1s
iter  125/146  step=  256000  ep_return=   -2.87  ep_len=  19.8  fall_rate=1.0  clipfrac=0.02  t= 328.5s
iter  126/146  step=  258048  ep_return=   -2.88  ep_len=  21.7  fall_rate=1.0  clipfrac=0.02  t= 331.3s
iter  127/146  step=  260096  ep_return=   -4.55  ep_len=  25.0  fall_rate=1.0  clipfrac=0.01  t= 333.2s
iter  128/146  step=  262144  ep_return=   -4.25  ep_len=  22.1  fall_rate=1.0  clipfrac=0.02  t= 335.7s
iter  129/146  step=  264192  ep_return=   -1.52  ep_len=  22.6  fall_rate=1.0  clipfrac=0.01  t= 338.5s
iter  130/146  step=  266240  ep_return=   -4.27  ep_len=  21.5  fall_rate=1.0  clipfrac=0.01  t= 341.3s
iter  131/146  step=  268288  ep_return=   -1.57  ep_len=  22.1  fall_rate=1.0  clipfrac=0.01  t= 343.2s
iter  132/146  step=  270336  ep_return=   -1.25  ep_len=  22.3  fall_rate=1.0  clipfrac=0.00  t= 346.0s
iter  133/146  step=  272384  ep_return=   -3.03  ep_len=  22.2  fall_rate=1.0  clipfrac=0.00  t= 348.8s
iter  134/146  step=  274432  ep_return=   -0.57  ep_len=  21.1  fall_rate=1.0  clipfrac=0.00  t= 351.2s
iter  135/146  step=  276480  ep_return=   -1.82  ep_len=  22.8  fall_rate=1.0  clipfrac=0.00  t= 354.0s
iter  136/146  step=  278528  ep_return=   -1.02  ep_len=  22.4  fall_rate=1.0  clipfrac=0.00  t= 356.8s
iter  137/146  step=  280576  ep_return=   -2.20  ep_len=  23.3  fall_rate=1.0  clipfrac=0.00  t= 359.7s
iter  138/146  step=  282624  ep_return=   -3.76  ep_len=  20.5  fall_rate=1.0  clipfrac=0.00  t= 362.6s
iter  139/146  step=  284672  ep_return=   -3.28  ep_len=  22.1  fall_rate=1.0  clipfrac=0.00  t= 364.5s
iter  140/146  step=  286720  ep_return=   -2.51  ep_len=  21.1  fall_rate=1.0  clipfrac=0.00  t= 367.3s
iter  141/146  step=  288768  ep_return=   -5.18  ep_len=  24.4  fall_rate=1.0  clipfrac=0.00  t= 370.3s
iter  142/146  step=  290816  ep_return=   -2.67  ep_len=  20.0  fall_rate=1.0  clipfrac=0.00  t= 372.4s
iter  143/146  step=  292864  ep_return=   -3.95  ep_len=  21.9  fall_rate=1.0  clipfrac=0.00  t= 375.4s
iter  144/146  step=  294912  ep_return=   -5.76  ep_len=  22.4  fall_rate=1.0  clipfrac=0.00  t= 378.0s
iter  145/146  step=  296960  ep_return=   -2.48  ep_len=  24.4  fall_rate=1.0  clipfrac=0.00  t= 380.1s
iter  146/146  step=  299008  ep_return=   -1.92  ep_len=  20.8  fall_rate=1.0  clipfrac=0.00  t= 383.0s
saved checkpoint -> /home/elida_sensoy/cara_robot/cara_robot/cara_description/runs/u21_ppo/ppo_seed2.pt
