iter    1/146  step=    2048  ep_return=  -17.12  ep_len=  21.9  fall_rate=1.0  clipfrac=0.17  t=   2.5s
iter    2/146  step=    4096  ep_return=  -15.84  ep_len=  22.7  fall_rate=1.0  clipfrac=0.17  t=   4.5s
iter    3/146  step=    6144  ep_return=  -11.37  ep_len=  21.6  fall_rate=1.0  clipfrac=0.15  t=   7.3s
iter    4/146  step=    8192  ep_return=   -8.75  ep_len=  21.9  fall_rate=1.0  clipfrac=0.15  t=   9.9s
iter    5/146  step=   10240  ep_return=  -11.52  ep_len=  20.6  fall_rate=1.0  clipfrac=0.14  t=  11.8s
iter    6/146  step=   12288  ep_return=  -11.84  ep_len=  23.5  fall_rate=1.0  clipfrac=0.16  t=  14.8s
iter    7/146  step=   14336  ep_return=  -10.07  ep_len=  21.4  fall_rate=1.0  clipfrac=0.16  t=  17.6s
iter    8/146  step=   16384  ep_return=   -9.55  ep_len=  21.7  fall_rate=1.0  clipfrac=0.15  t=  20.6s
iter    9/146  step=   18432  ep_return=  -13.15  ep_len=  22.4  fall_rate=1.0  clipfrac=0.17  t=  23.5s
iter   10/146  step=   20480  ep_return=   -6.39  ep_len=  18.8  fall_rate=1.0  clipfrac=0.16  t=  26.5s
iter   11/146  step=   22528  ep_return=   -6.75  ep_len=  21.4  fall_rate=1.0  clipfrac=0.18  t=  29.4s
iter   12/146  step=   24576  ep_return=   -7.60  ep_len=  23.4  fall_rate=1.0  clipfrac=0.15  t=  32.1s
iter   13/146  step=   26624  ep_return=   -6.69  ep_len=  21.6  fall_rate=1.0  clipfrac=0.17  t=  34.4s
iter   14/146  step=   28672  ep_return=   -5.49  ep_len=  20.9  fall_rate=1.0  clipfrac=0.15  t=  37.3s
iter   15/146  step=   30720  ep_return=   -4.63  ep_len=  19.9  fall_rate=1.0  clipfrac=0.17  t=  39.2s
iter   16/146  step=   32768  ep_return=  -10.07  ep_len=  22.9  fall_rate=1.0  clipfrac=0.14  t=  41.8s
iter   17/146  step=   34816  ep_return=   -5.00  ep_len=  19.1  fall_rate=1.0  clipfrac=0.16  t=  44.7s
iter   18/146  step=   36864  ep_return=   -7.41  ep_len=  20.2  fall_rate=1.0  clipfrac=0.17  t=  47.5s
iter   19/146  step=   38912  ep_return=   -6.56  ep_len=  22.1  fall_rate=1.0  clipfrac=0.18  t=  50.4s
iter   20/146  step=   40960  ep_return=   -3.56  ep_len=  20.9  fall_rate=1.0  clipfrac=0.18  t=  52.9s
iter   21/146  step=   43008  ep_return=   -1.79  ep_len=  20.0  fall_rate=1.0  clipfrac=0.17  t=  55.7s
iter   22/146  step=   45056  ep_return=   -3.59  ep_len=  19.9  fall_rate=1.0  clipfrac=0.17  t=  58.6s
iter   23/146  step=   47104  ep_return=   -3.78  ep_len=  19.4  fall_rate=1.0  clipfrac=0.15  t=  61.2s
iter   24/146  step=   49152  ep_return=   -3.01  ep_len=  18.4  fall_rate=1.0  clipfrac=0.20  t=  63.5s
iter   25/146  step=   51200  ep_return=   -3.38  ep_len=  19.6  fall_rate=1.0  clipfrac=0.19  t=  66.3s
iter   26/146  step=   53248  ep_return=   -5.75  ep_len=  21.9  fall_rate=1.0  clipfrac=0.16  t=  68.8s
iter   27/146  step=   55296  ep_return=   -3.00  ep_len=  21.1  fall_rate=1.0  clipfrac=0.18  t=  71.5s
iter   28/146  step=   57344  ep_return=   -3.52  ep_len=  21.6  fall_rate=1.0  clipfrac=0.15  t=  74.4s
iter   29/146  step=   59392  ep_return=   -3.17  ep_len=  19.1  fall_rate=1.0  clipfrac=0.15  t=  77.1s
iter   30/146  step=   61440  ep_return=   -3.07  ep_len=  18.8  fall_rate=1.0  clipfrac=0.16  t=  79.8s
iter   31/146  step=   63488  ep_return=   -3.63  ep_len=  19.8  fall_rate=1.0  clipfrac=0.18  t=  82.3s
iter   32/146  step=   65536  ep_return=   -1.16  ep_len=  20.4  fall_rate=1.0  clipfrac=0.17  t=  84.3s
iter   33/146  step=   67584  ep_return=   -5.52  ep_len=  19.6  fall_rate=1.0  clipfrac=0.14  t=  87.0s
iter   34/146  step=   69632  ep_return=   -3.79  ep_len=  18.4  fall_rate=1.0  clipfrac=0.18  t=  89.0s
iter   35/146  step=   71680  ep_return=   -1.63  ep_len=  18.9  fall_rate=1.0  clipfrac=0.16  t=  91.0s
iter   36/146  step=   73728  ep_return=   -3.03  ep_len=  19.2  fall_rate=1.0  clipfrac=0.19  t=  93.7s
iter   37/146  step=   75776  ep_return=   -2.17  ep_len=  20.8  fall_rate=1.0  clipfrac=0.17  t=  96.3s
iter   38/146  step=   77824  ep_return=   -4.41  ep_len=  21.5  fall_rate=1.0  clipfrac=0.16  t=  99.2s
iter   39/146  step=   79872  ep_return=   -4.73  ep_len=  22.6  fall_rate=1.0  clipfrac=0.17  t= 102.1s
iter   40/146  step=   81920  ep_return=   -2.98  ep_len=  20.6  fall_rate=1.0  clipfrac=0.19  t= 104.0s
iter   41/146  step=   83968  ep_return=   -2.70  ep_len=  20.4  fall_rate=1.0  clipfrac=0.16  t= 106.7s
iter   42/146  step=   86016  ep_return=   -5.14  ep_len=  18.5  fall_rate=1.0  clipfrac=0.17  t= 108.6s
iter   43/146  step=   88064  ep_return=   -4.33  ep_len=  20.1  fall_rate=1.0  clipfrac=0.17  t= 111.2s
iter   44/146  step=   90112  ep_return=   -4.29  ep_len=  18.6  fall_rate=1.0  clipfrac=0.17  t= 113.9s
iter   45/146  step=   92160  ep_return=   -2.34  ep_len=  20.1  fall_rate=1.0  clipfrac=0.18  t= 116.8s
iter   46/146  step=   94208  ep_return=   -3.69  ep_len=  21.1  fall_rate=1.0  clipfrac=0.16  t= 119.7s
iter   47/146  step=   96256  ep_return=   -3.74  ep_len=  18.3  fall_rate=1.0  clipfrac=0.18  t= 122.4s
iter   48/146  step=   98304  ep_return=   -1.94  ep_len=  21.6  fall_rate=1.0  clipfrac=0.15  t= 125.3s
iter   49/146  step=  100352  ep_return=   -2.24  ep_len=  20.9  fall_rate=1.0  clipfrac=0.19  t= 127.2s
iter   50/146  step=  102400  ep_return=   -4.32  ep_len=  18.9  fall_rate=1.0  clipfrac=0.16  t= 130.1s
iter   51/146  step=  104448  ep_return=   -2.07  ep_len=  19.8  fall_rate=1.0  clipfrac=0.18  t= 132.6s
iter   52/146  step=  106496  ep_return=   -3.20  ep_len=  19.8  fall_rate=1.0  clipfrac=0.16  t= 134.6s
iter   53/146  step=  108544  ep_return=   -2.54  ep_len=  19.2  fall_rate=1.0  clipfrac=0.15  t= 136.6s
iter   54/146  step=  110592  ep_return=   -6.04  ep_len=  19.6  fall_rate=1.0  clipfrac=0.13  t= 139.5s
iter   55/146  step=  112640  ep_return=   -4.13  ep_len=  18.6  fall_rate=1.0  clipfrac=0.18  t= 142.2s
iter   56/146  step=  114688  ep_return=   -2.49  ep_len=  22.5  fall_rate=1.0  clipfrac=0.15  t= 144.7s
iter   57/146  step=  116736  ep_return=   -2.38  ep_len=  19.0  fall_rate=1.0  clipfrac=0.16  t= 147.3s
iter   58/146  step=  118784  ep_return=   -2.47  ep_len=  19.9  fall_rate=1.0  clipfrac=0.14  t= 150.0s
iter   59/146  step=  120832  ep_return=   -3.97  ep_len=  20.2  fall_rate=1.0  clipfrac=0.08  t= 152.8s
iter   60/146  step=  122880  ep_return=   -2.42  ep_len=  19.8  fall_rate=1.0  clipfrac=0.17  t= 155.1s
iter   61/146  step=  124928  ep_return=   -0.68  ep_len=  19.8  fall_rate=1.0  clipfrac=0.15  t= 157.7s
iter   62/146  step=  126976  ep_return=   -0.75  ep_len=  20.8  fall_rate=1.0  clipfrac=0.17  t= 160.3s
iter   63/146  step=  129024  ep_return=   -4.76  ep_len=  19.2  fall_rate=1.0  clipfrac=0.15  t= 163.2s
iter   64/146  step=  131072  ep_return=   -2.45  ep_len=  20.7  fall_rate=1.0  clipfrac=0.15  t= 165.2s
iter   65/146  step=  133120  ep_return=   -3.88  ep_len=  19.8  fall_rate=1.0  clipfrac=0.12  t= 168.1s
iter   66/146  step=  135168  ep_return=   -2.22  ep_len=  20.1  fall_rate=1.0  clipfrac=0.15  t= 170.8s
iter   67/146  step=  137216  ep_return=   -1.43  ep_len=  20.2  fall_rate=1.0  clipfrac=0.15  t= 173.6s
iter   68/146  step=  139264  ep_return=   -3.54  ep_len=  21.1  fall_rate=1.0  clipfrac=0.12  t= 175.5s
iter   69/146  step=  141312  ep_return=   -5.30  ep_len=  21.1  fall_rate=1.0  clipfrac=0.14  t= 178.3s
iter   70/146  step=  143360  ep_return=   -4.48  ep_len=  20.9  fall_rate=1.0  clipfrac=0.14  t= 181.3s
iter   71/146  step=  145408  ep_return=   -4.03  ep_len=  22.3  fall_rate=1.0  clipfrac=0.13  t= 183.7s
iter   72/146  step=  147456  ep_return=   -2.47  ep_len=  18.5  fall_rate=1.0  clipfrac=0.14  t= 186.6s
iter   73/146  step=  149504  ep_return=   -3.30  ep_len=  20.3  fall_rate=1.0  clipfrac=0.15  t= 189.5s
iter   74/146  step=  151552  ep_return=   -3.00  ep_len=  18.9  fall_rate=1.0  clipfrac=0.14  t= 191.5s
iter   75/146  step=  153600  ep_return=   -1.59  ep_len=  20.1  fall_rate=1.0  clipfrac=0.13  t= 194.3s
iter   76/146  step=  155648  ep_return=   -2.48  ep_len=  19.6  fall_rate=1.0  clipfrac=0.14  t= 197.2s
iter   77/146  step=  157696  ep_return=   -1.32  ep_len=  19.6  fall_rate=1.0  clipfrac=0.14  t= 200.1s
iter   78/146  step=  159744  ep_return=   -2.86  ep_len=  22.4  fall_rate=1.0  clipfrac=0.13  t= 203.0s
iter   79/146  step=  161792  ep_return=   -2.32  ep_len=  18.7  fall_rate=1.0  clipfrac=0.14  t= 204.9s
iter   80/146  step=  163840  ep_return=   -4.36  ep_len=  22.5  fall_rate=1.0  clipfrac=0.11  t= 207.3s
iter   81/146  step=  165888  ep_return=   -1.23  ep_len=  18.2  fall_rate=1.0  clipfrac=0.12  t= 209.3s
iter   82/146  step=  167936  ep_return=   -2.06  ep_len=  19.4  fall_rate=1.0  clipfrac=0.13  t= 212.0s
iter   83/146  step=  169984  ep_return=   -2.38  ep_len=  18.1  fall_rate=1.0  clipfrac=0.13  t= 214.6s
iter   84/146  step=  172032  ep_return=   -0.44  ep_len=  20.2  fall_rate=1.0  clipfrac=0.13  t= 217.4s
iter   85/146  step=  174080  ep_return=   -1.90  ep_len=  20.4  fall_rate=1.0  clipfrac=0.14  t= 220.2s
iter   86/146  step=  176128  ep_return=   -0.31  ep_len=  20.9  fall_rate=1.0  clipfrac=0.09  t= 222.5s
iter   87/146  step=  178176  ep_return=   -2.45  ep_len=  18.2  fall_rate=1.0  clipfrac=0.11  t= 225.3s
iter   88/146  step=  180224  ep_return=   -1.80  ep_len=  21.8  fall_rate=1.0  clipfrac=0.11  t= 228.3s
iter   89/146  step=  182272  ep_return=   -4.06  ep_len=  21.1  fall_rate=1.0  clipfrac=0.10  t= 231.1s
iter   90/146  step=  184320  ep_return=    0.24  ep_len=  20.4  fall_rate=1.0  clipfrac=0.10  t= 234.1s
iter   91/146  step=  186368  ep_return=   -2.35  ep_len=  18.1  fall_rate=1.0  clipfrac=0.10  t= 237.0s
iter   92/146  step=  188416  ep_return=   -1.17  ep_len=  20.9  fall_rate=1.0  clipfrac=0.11  t= 240.0s
iter   93/146  step=  190464  ep_return=   -6.62  ep_len=  20.9  fall_rate=1.0  clipfrac=0.09  t= 241.8s
iter   94/146  step=  192512  ep_return=   -2.41  ep_len=  18.1  fall_rate=1.0  clipfrac=0.08  t= 243.8s
iter   95/146  step=  194560  ep_return=   -2.15  ep_len=  18.9  fall_rate=1.0  clipfrac=0.11  t= 246.6s
iter   96/146  step=  196608  ep_return=   -2.05  ep_len=  18.3  fall_rate=1.0  clipfrac=0.10  t= 249.3s
iter   97/146  step=  198656  ep_return=   -1.20  ep_len=  19.2  fall_rate=1.0  clipfrac=0.10  t= 251.2s
iter   98/146  step=  200704  ep_return=   -2.35  ep_len=  21.6  fall_rate=1.0  clipfrac=0.09  t= 253.9s
iter   99/146  step=  202752  ep_return=   -0.97  ep_len=  18.4  fall_rate=1.0  clipfrac=0.09  t= 256.8s
iter  100/146  step=  204800  ep_return=   -1.85  ep_len=  18.4  fall_rate=1.0  clipfrac=0.11  t= 259.7s
iter  101/146  step=  206848  ep_return=   -3.08  ep_len=  19.8  fall_rate=1.0  clipfrac=0.08  t= 262.6s
iter  102/146  step=  208896  ep_return=   -2.25  ep_len=  17.8  fall_rate=1.0  clipfrac=0.08  t= 265.4s
iter  103/146  step=  210944  ep_return=   -1.79  ep_len=  19.2  fall_rate=1.0  clipfrac=0.08  t= 268.3s
iter  104/146  step=  212992  ep_return=   -4.06  ep_len=  18.6  fall_rate=1.0  clipfrac=0.08  t= 271.2s
iter  105/146  step=  215040  ep_return=   -2.29  ep_len=  20.6  fall_rate=1.0  clipfrac=0.07  t= 274.2s
iter  106/146  step=  217088  ep_return=   -2.12  ep_len=  19.9  fall_rate=1.0  clipfrac=0.05  t= 276.6s
iter  107/146  step=  219136  ep_return=   -5.17  ep_len=  18.3  fall_rate=1.0  clipfrac=0.06  t= 279.5s
iter  108/146  step=  221184  ep_return=   -3.19  ep_len=  19.2  fall_rate=1.0  clipfrac=0.07  t= 282.6s
iter  109/146  step=  223232  ep_return=   -1.59  ep_len=  20.6  fall_rate=1.0  clipfrac=0.05  t= 285.6s
iter  110/146  step=  225280  ep_return=   -2.70  ep_len=  20.2  fall_rate=1.0  clipfrac=0.06  t= 288.5s
iter  111/146  step=  227328  ep_return=   -4.24  ep_len=  21.1  fall_rate=1.0  clipfrac=0.05  t= 291.4s
iter  112/146  step=  229376  ep_return=   -0.03  ep_len=  19.9  fall_rate=1.0  clipfrac=0.06  t= 293.9s
iter  113/146  step=  231424  ep_return=   -2.45  ep_len=  18.6  fall_rate=1.0  clipfrac=0.05  t= 296.7s
iter  114/146  step=  233472  ep_return=   -2.20  ep_len=  20.3  fall_rate=1.0  clipfrac=0.05  t= 299.0s
iter  115/146  step=  235520  ep_return=   -1.56  ep_len=  18.4  fall_rate=1.0  clipfrac=0.05  t= 300.9s
iter  116/146  step=  237568  ep_return=   -1.94  ep_len=  20.0  fall_rate=1.0  clipfrac=0.05  t= 302.8s
iter  117/146  step=  239616  ep_return=   -1.37  ep_len=  21.1  fall_rate=1.0  clipfrac=0.05  t= 305.1s
iter  118/146  step=  241664  ep_return=   -1.87  ep_len=  19.9  fall_rate=1.0  clipfrac=0.04  t= 307.3s
iter  119/146  step=  243712  ep_return=   -4.28  ep_len=  21.1  fall_rate=1.0  clipfrac=0.02  t= 310.2s
iter  120/146  step=  245760  ep_return=   -3.53  ep_len=  18.9  fall_rate=1.0  clipfrac=0.04  t= 313.1s
iter  121/146  step=  247808  ep_return=   -1.96  ep_len=  19.2  fall_rate=1.0  clipfrac=0.04  t= 315.9s
iter  122/146  step=  249856  ep_return=   -3.54  ep_len=  21.1  fall_rate=1.0  clipfrac=0.03  t= 318.8s
iter  123/146  step=  251904  ep_return=   -1.28  ep_len=  21.0  fall_rate=1.0  clipfrac=0.02  t= 321.6s
iter  124/146  step=  253952  ep_return=   -3.14  ep_len=  20.3  fall_rate=1.0  clipfrac=0.02  t= 324.6s
iter  125/146  step=  256000  ep_return=   -0.60  ep_len=  22.1  fall_rate=1.0  clipfrac=0.02  t= 327.4s
iter  126/146  step=  258048  ep_return=   -1.89  ep_len=  21.6  fall_rate=1.0  clipfrac=0.02  t= 330.3s
iter  127/146  step=  260096  ep_return=   -2.10  ep_len=  20.4  fall_rate=1.0  clipfrac=0.01  t= 333.4s
iter  128/146  step=  262144  ep_return=   -3.98  ep_len=  20.8  fall_rate=1.0  clipfrac=0.02  t= 336.3s
iter  129/146  step=  264192  ep_return=   -1.40  ep_len=  19.2  fall_rate=1.0  clipfrac=0.01  t= 339.0s
iter  130/146  step=  266240  ep_return=   -1.08  ep_len=  18.8  fall_rate=1.0  clipfrac=0.01  t= 341.8s
iter  131/146  step=  268288  ep_return=   -3.81  ep_len=  22.2  fall_rate=1.0  clipfrac=0.01  t= 344.5s
iter  132/146  step=  270336  ep_return=   -2.46  ep_len=  19.5  fall_rate=1.0  clipfrac=0.01  t= 347.4s
iter  133/146  step=  272384  ep_return=   -2.79  ep_len=  20.7  fall_rate=1.0  clipfrac=0.00  t= 350.1s
iter  134/146  step=  274432  ep_return=   -2.78  ep_len=  21.8  fall_rate=1.0  clipfrac=0.00  t= 352.9s
iter  135/146  step=  276480  ep_return=   -4.54  ep_len=  20.3  fall_rate=1.0  clipfrac=0.00  t= 355.2s
iter  136/146  step=  278528  ep_return=   -2.87  ep_len=  21.2  fall_rate=1.0  clipfrac=0.00  t= 358.0s
iter  137/146  step=  280576  ep_return=   -4.98  ep_len=  20.8  fall_rate=1.0  clipfrac=0.00  t= 361.0s
iter  138/146  step=  282624  ep_return=   -0.70  ep_len=  21.5  fall_rate=1.0  clipfrac=0.00  t= 363.0s
iter  139/146  step=  284672  ep_return=   -1.14  ep_len=  19.0  fall_rate=1.0  clipfrac=0.00  t= 365.8s
iter  140/146  step=  286720  ep_return=   -1.39  ep_len=  20.2  fall_rate=1.0  clipfrac=0.00  t= 368.5s
iter  141/146  step=  288768  ep_return=   -2.57  ep_len=  18.5  fall_rate=1.0  clipfrac=0.00  t= 371.3s
iter  142/146  step=  290816  ep_return=   -2.42  ep_len=  19.7  fall_rate=1.0  clipfrac=0.00  t= 374.2s
iter  143/146  step=  292864  ep_return=    0.04  ep_len=  19.6  fall_rate=1.0  clipfrac=0.00  t= 377.2s
iter  144/146  step=  294912  ep_return=   -0.72  ep_len=  18.0  fall_rate=1.0  clipfrac=0.00  t= 379.0s
iter  145/146  step=  296960  ep_return=   -1.44  ep_len=  20.8  fall_rate=1.0  clipfrac=0.00  t= 381.0s
iter  146/146  step=  299008  ep_return=   -1.74  ep_len=  21.3  fall_rate=1.0  clipfrac=0.00  t= 383.7s
saved checkpoint -> /home/elida_sensoy/cara_robot/cara_robot/cara_description/runs/u21_ppo/ppo_seed0.pt
