iter    1/146  step=    2048  ep_return=  -18.88  ep_len=  22.4  fall_rate=1.0  clipfrac=0.17  t=   2.8s
iter    2/146  step=    4096  ep_return=  -15.11  ep_len=  22.1  fall_rate=1.0  clipfrac=0.12  t=   5.0s
iter    3/146  step=    6144  ep_return=  -16.33  ep_len=  21.9  fall_rate=1.0  clipfrac=0.14  t=   7.7s
iter    4/146  step=    8192  ep_return=   -9.75  ep_len=  23.1  fall_rate=1.0  clipfrac=0.13  t=  10.5s
iter    5/146  step=   10240  ep_return=  -11.96  ep_len=  22.1  fall_rate=1.0  clipfrac=0.15  t=  12.8s
iter    6/146  step=   12288  ep_return=  -10.41  ep_len=  21.1  fall_rate=1.0  clipfrac=0.15  t=  15.5s
iter    7/146  step=   14336  ep_return=  -10.48  ep_len=  20.7  fall_rate=1.0  clipfrac=0.15  t=  18.3s
iter    8/146  step=   16384  ep_return=   -6.66  ep_len=  20.4  fall_rate=1.0  clipfrac=0.16  t=  21.2s
iter    9/146  step=   18432  ep_return=   -4.90  ep_len=  19.1  fall_rate=1.0  clipfrac=0.17  t=  24.0s
iter   10/146  step=   20480  ep_return=   -6.02  ep_len=  21.6  fall_rate=1.0  clipfrac=0.16  t=  26.3s
iter   11/146  step=   22528  ep_return=   -8.49  ep_len=  21.8  fall_rate=1.0  clipfrac=0.17  t=  29.2s
iter   12/146  step=   24576  ep_return=   -4.19  ep_len=  20.4  fall_rate=1.0  clipfrac=0.16  t=  31.8s
iter   13/146  step=   26624  ep_return=   -5.61  ep_len=  22.3  fall_rate=1.0  clipfrac=0.16  t=  34.6s
iter   14/146  step=   28672  ep_return=   -4.74  ep_len=  17.9  fall_rate=1.0  clipfrac=0.17  t=  36.9s
iter   15/146  step=   30720  ep_return=   -5.73  ep_len=  19.4  fall_rate=1.0  clipfrac=0.17  t=  39.0s
iter   16/146  step=   32768  ep_return=   -4.71  ep_len=  19.1  fall_rate=1.0  clipfrac=0.19  t=  41.1s
iter   17/146  step=   34816  ep_return=   -6.46  ep_len=  19.9  fall_rate=1.0  clipfrac=0.16  t=  43.1s
iter   18/146  step=   36864  ep_return=   -3.06  ep_len=  18.9  fall_rate=1.0  clipfrac=0.15  t=  45.5s
iter   19/146  step=   38912  ep_return=   -7.05  ep_len=  22.6  fall_rate=1.0  clipfrac=0.18  t=  47.9s
iter   20/146  step=   40960  ep_return=   -5.79  ep_len=  21.2  fall_rate=1.0  clipfrac=0.16  t=  50.4s
iter   21/146  step=   43008  ep_return=   -4.46  ep_len=  20.3  fall_rate=1.0  clipfrac=0.16  t=  53.3s
iter   22/146  step=   45056  ep_return=   -3.17  ep_len=  20.9  fall_rate=1.0  clipfrac=0.17  t=  56.1s
iter   23/146  step=   47104  ep_return=   -4.08  ep_len=  18.6  fall_rate=1.0  clipfrac=0.16  t=  58.8s
iter   24/146  step=   49152  ep_return=   -7.45  ep_len=  19.8  fall_rate=1.0  clipfrac=0.15  t=  61.6s
iter   25/146  step=   51200  ep_return=   -2.71  ep_len=  20.2  fall_rate=1.0  clipfrac=0.19  t=  63.7s
iter   26/146  step=   53248  ep_return=   -3.55  ep_len=  22.6  fall_rate=1.0  clipfrac=0.16  t=  66.6s
iter   27/146  step=   55296  ep_return=   -2.44  ep_len=  19.5  fall_rate=1.0  clipfrac=0.19  t=  68.8s
iter   28/146  step=   57344  ep_return=   -6.63  ep_len=  19.8  fall_rate=1.0  clipfrac=0.17  t=  70.8s
iter   29/146  step=   59392  ep_return=   -3.83  ep_len=  22.4  fall_rate=1.0  clipfrac=0.18  t=  73.7s
iter   30/146  step=   61440  ep_return=   -4.12  ep_len=  19.2  fall_rate=1.0  clipfrac=0.18  t=  76.6s
iter   31/146  step=   63488  ep_return=   -3.81  ep_len=  20.4  fall_rate=1.0  clipfrac=0.15  t=  78.7s
iter   32/146  step=   65536  ep_return=   -4.60  ep_len=  21.8  fall_rate=1.0  clipfrac=0.17  t=  81.1s
iter   33/146  step=   67584  ep_return=   -3.37  ep_len=  19.3  fall_rate=1.0  clipfrac=0.17  t=  83.9s
iter   34/146  step=   69632  ep_return=   -1.77  ep_len=  18.4  fall_rate=1.0  clipfrac=0.19  t=  86.8s
iter   35/146  step=   71680  ep_return=   -3.77  ep_len=  17.6  fall_rate=1.0  clipfrac=0.18  t=  89.8s
iter   36/146  step=   73728  ep_return=   -4.02  ep_len=  19.0  fall_rate=1.0  clipfrac=0.17  t=  92.7s
iter   37/146  step=   75776  ep_return=   -4.21  ep_len=  21.8  fall_rate=1.0  clipfrac=0.15  t=  95.3s
iter   38/146  step=   77824  ep_return=   -2.57  ep_len=  18.9  fall_rate=1.0  clipfrac=0.18  t=  97.2s
iter   39/146  step=   79872  ep_return=   -2.70  ep_len=  18.9  fall_rate=1.0  clipfrac=0.17  t= 100.0s
iter   40/146  step=   81920  ep_return=   -1.78  ep_len=  19.4  fall_rate=1.0  clipfrac=0.18  t= 102.6s
iter   41/146  step=   83968  ep_return=   -3.40  ep_len=  18.5  fall_rate=1.0  clipfrac=0.17  t= 105.5s
iter   42/146  step=   86016  ep_return=   -3.65  ep_len=  20.2  fall_rate=1.0  clipfrac=0.18  t= 108.2s
iter   43/146  step=   88064  ep_return=   -3.93  ep_len=  19.0  fall_rate=1.0  clipfrac=0.16  t= 110.4s
iter   44/146  step=   90112  ep_return=   -2.29  ep_len=  18.9  fall_rate=1.0  clipfrac=0.18  t= 112.6s
iter   45/146  step=   92160  ep_return=   -2.96  ep_len=  21.2  fall_rate=1.0  clipfrac=0.15  t= 114.8s
iter   46/146  step=   94208  ep_return=   -1.44  ep_len=  20.1  fall_rate=1.0  clipfrac=0.17  t= 117.6s
iter   47/146  step=   96256  ep_return=   -2.88  ep_len=  19.3  fall_rate=1.0  clipfrac=0.14  t= 119.8s
iter   48/146  step=   98304  ep_return=   -4.01  ep_len=  19.7  fall_rate=1.0  clipfrac=0.16  t= 122.6s
iter   49/146  step=  100352  ep_return=   -2.21  ep_len=  21.2  fall_rate=1.0  clipfrac=0.17  t= 125.5s
iter   50/146  step=  102400  ep_return=   -0.80  ep_len=  18.0  fall_rate=1.0  clipfrac=0.17  t= 127.9s
iter   51/146  step=  104448  ep_return=   -1.00  ep_len=  19.7  fall_rate=1.0  clipfrac=0.15  t= 130.7s
iter   52/146  step=  106496  ep_return=   -5.43  ep_len=  21.9  fall_rate=1.0  clipfrac=0.15  t= 133.5s
iter   53/146  step=  108544  ep_return=   -2.84  ep_len=  19.6  fall_rate=1.0  clipfrac=0.15  t= 135.6s
iter   54/146  step=  110592  ep_return=   -4.26  ep_len=  19.1  fall_rate=1.0  clipfrac=0.17  t= 137.7s
iter   55/146  step=  112640  ep_return=   -4.62  ep_len=  22.2  fall_rate=1.0  clipfrac=0.14  t= 139.9s
iter   56/146  step=  114688  ep_return=   -1.69  ep_len=  20.8  fall_rate=1.0  clipfrac=0.16  t= 141.8s
iter   57/146  step=  116736  ep_return=   -2.77  ep_len=  21.2  fall_rate=1.0  clipfrac=0.15  t= 144.6s
iter   58/146  step=  118784  ep_return=   -2.74  ep_len=  18.9  fall_rate=1.0  clipfrac=0.12  t= 147.4s
iter   59/146  step=  120832  ep_return=   -3.21  ep_len=  20.2  fall_rate=1.0  clipfrac=0.14  t= 150.2s
iter   60/146  step=  122880  ep_return=   -1.19  ep_len=  20.9  fall_rate=1.0  clipfrac=0.16  t= 153.1s
iter   61/146  step=  124928  ep_return=   -4.06  ep_len=  18.9  fall_rate=1.0  clipfrac=0.15  t= 155.5s
iter   62/146  step=  126976  ep_return=   -2.54  ep_len=  18.9  fall_rate=1.0  clipfrac=0.16  t= 157.5s
iter   63/146  step=  129024  ep_return=   -1.78  ep_len=  19.6  fall_rate=1.0  clipfrac=0.15  t= 159.7s
iter   64/146  step=  131072  ep_return=   -2.09  ep_len=  20.0  fall_rate=1.0  clipfrac=0.13  t= 162.1s
iter   65/146  step=  133120  ep_return=   -1.82  ep_len=  21.4  fall_rate=1.0  clipfrac=0.15  t= 164.5s
iter   66/146  step=  135168  ep_return=   -2.88  ep_len=  23.1  fall_rate=1.0  clipfrac=0.14  t= 167.3s
iter   67/146  step=  137216  ep_return=   -4.35  ep_len=  20.1  fall_rate=1.0  clipfrac=0.15  t= 169.6s
iter   68/146  step=  139264  ep_return=   -4.45  ep_len=  19.9  fall_rate=1.0  clipfrac=0.15  t= 171.5s
iter   69/146  step=  141312  ep_return=   -3.34  ep_len=  19.9  fall_rate=1.0  clipfrac=0.15  t= 174.4s
iter   70/146  step=  143360  ep_return=   -3.81  ep_len=  20.6  fall_rate=1.0  clipfrac=0.13  t= 177.3s
iter   71/146  step=  145408  ep_return=   -1.79  ep_len=  18.8  fall_rate=1.0  clipfrac=0.13  t= 179.8s
iter   72/146  step=  147456  ep_return=   -5.45  ep_len=  22.1  fall_rate=1.0  clipfrac=0.13  t= 182.8s
iter   73/146  step=  149504  ep_return=   -3.69  ep_len=  21.4  fall_rate=1.0  clipfrac=0.11  t= 185.6s
iter   74/146  step=  151552  ep_return=   -3.69  ep_len=  22.1  fall_rate=1.0  clipfrac=0.12  t= 188.4s
iter   75/146  step=  153600  ep_return=   -1.45  ep_len=  21.5  fall_rate=1.0  clipfrac=0.13  t= 191.4s
iter   76/146  step=  155648  ep_return=   -2.43  ep_len=  22.1  fall_rate=1.0  clipfrac=0.12  t= 194.2s
iter   77/146  step=  157696  ep_return=   -1.75  ep_len=  20.2  fall_rate=1.0  clipfrac=0.11  t= 197.1s
iter   78/146  step=  159744  ep_return=   -2.52  ep_len=  19.1  fall_rate=1.0  clipfrac=0.09  t= 200.0s
iter   79/146  step=  161792  ep_return=   -6.72  ep_len=  20.6  fall_rate=1.0  clipfrac=0.11  t= 202.7s
iter   80/146  step=  163840  ep_return=   -0.45  ep_len=  22.9  fall_rate=1.0  clipfrac=0.12  t= 204.6s
iter   81/146  step=  165888  ep_return=   -4.16  ep_len=  21.9  fall_rate=1.0  clipfrac=0.11  t= 207.2s
iter   82/146  step=  167936  ep_return=   -1.90  ep_len=  21.5  fall_rate=1.0  clipfrac=0.11  t= 210.0s
iter   83/146  step=  169984  ep_return=   -2.01  ep_len=  19.2  fall_rate=1.0  clipfrac=0.11  t= 212.6s
iter   84/146  step=  172032  ep_return=   -3.33  ep_len=  22.4  fall_rate=1.0  clipfrac=0.10  t= 214.5s
iter   85/146  step=  174080  ep_return=   -1.93  ep_len=  20.6  fall_rate=1.0  clipfrac=0.12  t= 216.4s
iter   86/146  step=  176128  ep_return=   -0.82  ep_len=  21.6  fall_rate=1.0  clipfrac=0.10  t= 219.1s
iter   87/146  step=  178176  ep_return=   -1.14  ep_len=  20.7  fall_rate=1.0  clipfrac=0.10  t= 221.1s
iter   88/146  step=  180224  ep_return=   -5.11  ep_len=  20.6  fall_rate=1.0  clipfrac=0.10  t= 223.7s
iter   89/146  step=  182272  ep_return=   -2.40  ep_len=  20.4  fall_rate=1.0  clipfrac=0.10  t= 225.7s
iter   90/146  step=  184320  ep_return=   -2.60  ep_len=  18.4  fall_rate=1.0  clipfrac=0.11  t= 228.4s
iter   91/146  step=  186368  ep_return=   -3.63  ep_len=  20.9  fall_rate=1.0  clipfrac=0.10  t= 231.4s
iter   92/146  step=  188416  ep_return=   -1.98  ep_len=  20.2  fall_rate=1.0  clipfrac=0.08  t= 233.3s
iter   93/146  step=  190464  ep_return=   -7.14  ep_len=  21.6  fall_rate=1.0  clipfrac=0.07  t= 236.2s
iter   94/146  step=  192512  ep_return=   -1.50  ep_len=  20.6  fall_rate=1.0  clipfrac=0.10  t= 238.9s
iter   95/146  step=  194560  ep_return=   -2.15  ep_len=  24.6  fall_rate=1.0  clipfrac=0.06  t= 241.5s
iter   96/146  step=  196608  ep_return=   -1.24  ep_len=  22.8  fall_rate=1.0  clipfrac=0.09  t= 244.3s
iter   97/146  step=  198656  ep_return=    0.03  ep_len=  20.5  fall_rate=1.0  clipfrac=0.05  t= 246.4s
iter   98/146  step=  200704  ep_return=   -3.60  ep_len=  21.4  fall_rate=1.0  clipfrac=0.07  t= 248.9s
iter   99/146  step=  202752  ep_return=   -2.06  ep_len=  22.7  fall_rate=1.0  clipfrac=0.09  t= 251.6s
iter  100/146  step=  204800  ep_return=   -1.95  ep_len=  21.1  fall_rate=1.0  clipfrac=0.09  t= 254.6s
iter  101/146  step=  206848  ep_return=   -3.73  ep_len=  22.4  fall_rate=1.0  clipfrac=0.08  t= 257.4s
iter  102/146  step=  208896  ep_return=   -3.23  ep_len=  21.6  fall_rate=1.0  clipfrac=0.05  t= 259.3s
iter  103/146  step=  210944  ep_return=   -3.76  ep_len=  24.9  fall_rate=1.0  clipfrac=0.07  t= 261.3s
iter  104/146  step=  212992  ep_return=   -6.05  ep_len=  24.4  fall_rate=1.0  clipfrac=0.04  t= 263.2s
iter  105/146  step=  215040  ep_return=   -0.03  ep_len=  21.9  fall_rate=1.0  clipfrac=0.07  t= 266.0s
iter  106/146  step=  217088  ep_return=   -0.89  ep_len=  24.1  fall_rate=1.0  clipfrac=0.05  t= 268.9s
iter  107/146  step=  219136  ep_return=   -1.17  ep_len=  21.9  fall_rate=1.0  clipfrac=0.05  t= 271.8s
iter  108/146  step=  221184  ep_return=   -4.79  ep_len=  20.9  fall_rate=1.0  clipfrac=0.07  t= 274.7s
iter  109/146  step=  223232  ep_return=   -1.56  ep_len=  21.0  fall_rate=1.0  clipfrac=0.07  t= 277.3s
iter  110/146  step=  225280  ep_return=   -1.93  ep_len=  23.1  fall_rate=1.0  clipfrac=0.05  t= 280.2s
iter  111/146  step=  227328  ep_return=   -2.10  ep_len=  21.4  fall_rate=1.0  clipfrac=0.07  t= 282.1s
iter  112/146  step=  229376  ep_return=   -1.33  ep_len=  20.6  fall_rate=1.0  clipfrac=0.06  t= 285.0s
iter  113/146  step=  231424  ep_return=   -0.91  ep_len=  20.5  fall_rate=1.0  clipfrac=0.06  t= 287.8s
iter  114/146  step=  233472  ep_return=   -0.80  ep_len=  21.0  fall_rate=1.0  clipfrac=0.05  t= 290.6s
iter  115/146  step=  235520  ep_return=   -0.37  ep_len=  22.9  fall_rate=1.0  clipfrac=0.06  t= 293.5s
iter  116/146  step=  237568  ep_return=    0.44  ep_len=  22.4  fall_rate=1.0  clipfrac=0.04  t= 296.4s
iter  117/146  step=  239616  ep_return=   -3.12  ep_len=  25.1  fall_rate=1.0  clipfrac=0.04  t= 298.3s
iter  118/146  step=  241664  ep_return=   -4.15  ep_len=  23.9  fall_rate=1.0  clipfrac=0.03  t= 301.1s
iter  119/146  step=  243712  ep_return=   -4.26  ep_len=  23.9  fall_rate=1.0  clipfrac=0.04  t= 303.9s
iter  120/146  step=  245760  ep_return=   -0.97  ep_len=  20.1  fall_rate=1.0  clipfrac=0.03  t= 305.8s
iter  121/146  step=  247808  ep_return=   -2.47  ep_len=  21.2  fall_rate=1.0  clipfrac=0.01  t= 308.6s
iter  122/146  step=  249856  ep_return=   -2.45  ep_len=  22.4  fall_rate=1.0  clipfrac=0.03  t= 311.4s
iter  123/146  step=  251904  ep_return=   -2.76  ep_len=  21.0  fall_rate=1.0  clipfrac=0.02  t= 314.3s
iter  124/146  step=  253952  ep_return=   -0.76  ep_len=  22.1  fall_rate=1.0  clipfrac=0.02  t= 317.2s
iter  125/146  step=  256000  ep_return=   -4.69  ep_len=  23.1  fall_rate=1.0  clipfrac=0.01  t= 320.0s
iter  126/146  step=  258048  ep_return=   -2.85  ep_len=  22.1  fall_rate=1.0  clipfrac=0.02  t= 322.9s
iter  127/146  step=  260096  ep_return=   -2.17  ep_len=  23.4  fall_rate=1.0  clipfrac=0.02  t= 325.7s
iter  128/146  step=  262144  ep_return=   -1.98  ep_len=  21.2  fall_rate=1.0  clipfrac=0.00  t= 328.4s
iter  129/146  step=  264192  ep_return=   -2.13  ep_len=  21.7  fall_rate=1.0  clipfrac=0.02  t= 330.5s
iter  130/146  step=  266240  ep_return=   -1.09  ep_len=  20.9  fall_rate=1.0  clipfrac=0.01  t= 332.5s
iter  131/146  step=  268288  ep_return=   -2.45  ep_len=  22.7  fall_rate=1.0  clipfrac=0.00  t= 334.9s
iter  132/146  step=  270336  ep_return=   -4.73  ep_len=  20.5  fall_rate=1.0  clipfrac=0.00  t= 337.7s
iter  133/146  step=  272384  ep_return=   -3.07  ep_len=  22.6  fall_rate=1.0  clipfrac=0.00  t= 340.4s
iter  134/146  step=  274432  ep_return=    0.07  ep_len=  22.9  fall_rate=1.0  clipfrac=0.00  t= 343.1s
iter  135/146  step=  276480  ep_return=   -1.09  ep_len=  24.4  fall_rate=1.0  clipfrac=0.00  t= 345.0s
iter  136/146  step=  278528  ep_return=   -0.44  ep_len=  23.6  fall_rate=1.0  clipfrac=0.00  t= 347.9s
iter  137/146  step=  280576  ep_return=   -2.71  ep_len=  22.9  fall_rate=1.0  clipfrac=0.00  t= 350.4s
iter  138/146  step=  282624  ep_return=   -0.14  ep_len=  23.2  fall_rate=1.0  clipfrac=0.00  t= 353.2s
iter  139/146  step=  284672  ep_return=   -2.63  ep_len=  22.1  fall_rate=1.0  clipfrac=0.00  t= 356.1s
iter  140/146  step=  286720  ep_return=   -2.76  ep_len=  23.0  fall_rate=1.0  clipfrac=0.00  t= 358.4s
iter  141/146  step=  288768  ep_return=   -1.79  ep_len=  23.5  fall_rate=1.0  clipfrac=0.00  t= 360.8s
iter  142/146  step=  290816  ep_return=   -2.23  ep_len=  22.4  fall_rate=1.0  clipfrac=0.00  t= 363.7s
iter  143/146  step=  292864  ep_return=   -3.66  ep_len=  22.7  fall_rate=1.0  clipfrac=0.00  t= 366.5s
iter  144/146  step=  294912  ep_return=   -1.35  ep_len=  21.2  fall_rate=1.0  clipfrac=0.00  t= 369.3s
iter  145/146  step=  296960  ep_return=   -2.33  ep_len=  22.0  fall_rate=1.0  clipfrac=0.00  t= 372.2s
iter  146/146  step=  299008  ep_return=   -3.42  ep_len=  19.6  fall_rate=1.0  clipfrac=0.00  t= 375.1s
saved checkpoint -> /home/elida_sensoy/cara_robot/cara_robot/cara_description/runs/u21_ppo/ppo_seed1.pt
