desired_vx MIXTURE ON: ((0.5, 0.0), (0.5, 0.03)) -- one drawn per episode, held constant within it.
desired_vx observation (index 30) given a FIXED scale of 0.5 m/s, overriding whatever the resumed obs_norm had for that dimension (U27-U29 checkpoints saw only desired_vx=0.0, so its learned variance is near the epsilon floor -- adaptive normalization there would saturate any nonzero command).
resumed from /home/elida_sensoy/cara_robot/cara_robot/cara_description/runs/u30_walk_command/u30_seed0.pt: actor_logstd=[-3.6014132 -3.4127893 -3.5538292 -3.6838598 -3.5900755 -3.4177995
 -3.4977555 -3.4630842 -3.5127504 -3.8192408 -3.606565  -3.2696843] (std=[0.02728513 0.03294917 0.02861486 0.02512581 0.02759625 0.0327845
 0.03026524 0.03133297 0.0298148  0.02194445 0.02714493 0.03801842]) -- --init-logstd=-0.5 was IGNORED since a checkpoint was loaded. optimizer state (Adam moments) restored -- this is an EXACT resumption.
iter    1/195  step=    2048  ep_return=  155.29  ep_len= 200.0  fall_rate=0.0  logstd=-3.538  moving_std=0.0440  clipfrac=0.63  t=   3.1s
iter    2/195  step=    4096  ep_return=  147.99  ep_len= 193.5  fall_rate=0.058823529411764705  logstd=-3.542  moving_std=0.0439  clipfrac=0.56  t=   5.2s
iter    3/195  step=    6144  ep_return=  147.77  ep_len= 194.8  fall_rate=0.05  logstd=-3.542  moving_std=0.0438  clipfrac=0.61  t=   7.9s
iter    4/195  step=    8192  ep_return=  157.48  ep_len= 201.0  fall_rate=0.0  logstd=-3.544  moving_std=0.0438  clipfrac=0.64  t=  10.9s
iter    5/195  step=   10240  ep_return=  159.49  ep_len= 201.0  fall_rate=0.0  logstd=-3.545  moving_std=0.0437  clipfrac=0.66  t=  13.9s
iter    6/195  step=   12288  ep_return=  161.40  ep_len= 201.0  fall_rate=0.0  logstd=-3.548  moving_std=0.0436  clipfrac=0.65  t=  16.0s
iter    7/195  step=   14336  ep_return=  162.17  ep_len= 201.0  fall_rate=0.0  logstd=-3.550  moving_std=0.0435  clipfrac=0.62  t=  18.9s
iter    8/195  step=   16384  ep_return=  161.59  ep_len= 201.0  fall_rate=0.0  logstd=-3.551  moving_std=0.0435  clipfrac=0.62  t=  21.0s
iter    9/195  step=   18432  ep_return=  149.19  ep_len= 193.8  fall_rate=0.05  logstd=-3.553  moving_std=0.0434  clipfrac=0.59  t=  24.1s
iter   10/195  step=   20480  ep_return=  151.41  ep_len= 193.8  fall_rate=0.05  logstd=-3.557  moving_std=0.0432  clipfrac=0.64  t=  26.1s  eval_steps=200  val_score=200.0 (NEW BEST)
iter   11/195  step=   22528  ep_return=  160.62  ep_len= 201.0  fall_rate=0.0  logstd=-3.558  moving_std=0.0432  clipfrac=0.59  t=  30.2s
iter   12/195  step=   24576  ep_return=  152.40  ep_len= 200.1  fall_rate=0.05  logstd=-3.559  moving_std=0.0431  clipfrac=0.59  t=  32.3s
iter   13/195  step=   26624  ep_return=  150.57  ep_len= 200.1  fall_rate=0.05  logstd=-3.558  moving_std=0.0432  clipfrac=0.66  t=  34.8s
iter   14/195  step=   28672  ep_return=  157.93  ep_len= 201.0  fall_rate=0.0  logstd=-3.559  moving_std=0.0431  clipfrac=0.62  t=  37.7s
iter   15/195  step=   30720  ep_return=  157.45  ep_len= 201.0  fall_rate=0.0  logstd=-3.561  moving_std=0.0431  clipfrac=0.67  t=  39.8s
iter   16/195  step=   32768  ep_return=  159.47  ep_len= 201.0  fall_rate=0.0  logstd=-3.562  moving_std=0.0431  clipfrac=0.63  t=  42.5s
iter   17/195  step=   34816  ep_return=  161.61  ep_len= 201.0  fall_rate=0.0  logstd=-3.564  moving_std=0.0429  clipfrac=0.65  t=  45.2s
iter   18/195  step=   36864  ep_return=  157.36  ep_len= 201.0  fall_rate=0.0  logstd=-3.565  moving_std=0.0429  clipfrac=0.62  t=  47.3s
iter   19/195  step=   38912  ep_return=  157.06  ep_len= 201.0  fall_rate=0.0  logstd=-3.567  moving_std=0.0428  clipfrac=0.61  t=  49.8s
iter   20/195  step=   40960  ep_return=  147.88  ep_len= 193.8  fall_rate=0.05  logstd=-3.570  moving_std=0.0427  clipfrac=0.58  t=  52.5s  eval_steps=200  val_score=200.0
iter   21/195  step=   43008  ep_return=  145.00  ep_len= 193.8  fall_rate=0.05  logstd=-3.570  moving_std=0.0427  clipfrac=0.62  t=  56.8s
iter   22/195  step=   45056  ep_return=  154.48  ep_len= 201.0  fall_rate=0.0  logstd=-3.573  moving_std=0.0426  clipfrac=0.61  t=  59.8s
iter   23/195  step=   47104  ep_return=  158.48  ep_len= 201.0  fall_rate=0.0  logstd=-3.575  moving_std=0.0425  clipfrac=0.64  t=  62.6s
iter   24/195  step=   49152  ep_return=  157.61  ep_len= 201.0  fall_rate=0.0  logstd=-3.577  moving_std=0.0424  clipfrac=0.62  t=  65.3s
iter   25/195  step=   51200  ep_return=  157.23  ep_len= 201.0  fall_rate=0.0  logstd=-3.580  moving_std=0.0423  clipfrac=0.62  t=  67.3s
iter   26/195  step=   53248  ep_return=  158.05  ep_len= 201.0  fall_rate=0.0  logstd=-3.582  moving_std=0.0422  clipfrac=0.63  t=  69.9s
iter   27/195  step=   55296  ep_return=  156.67  ep_len= 201.0  fall_rate=0.0  logstd=-3.585  moving_std=0.0420  clipfrac=0.59  t=  72.7s
iter   28/195  step=   57344  ep_return=  141.27  ep_len= 189.6  fall_rate=0.1  logstd=-3.590  moving_std=0.0419  clipfrac=0.56  t=  75.3s
iter   29/195  step=   59392  ep_return=  135.93  ep_len= 185.2  fall_rate=0.15  logstd=-3.592  moving_std=0.0418  clipfrac=0.60  t=  77.3s
iter   30/195  step=   61440  ep_return=  159.38  ep_len= 201.0  fall_rate=0.0  logstd=-3.595  moving_std=0.0416  clipfrac=0.59  t=  80.3s  eval_steps=200  val_score=200.0
iter   31/195  step=   63488  ep_return=  159.60  ep_len= 201.0  fall_rate=0.0  logstd=-3.596  moving_std=0.0416  clipfrac=0.67  t=  84.6s
iter   32/195  step=   65536  ep_return=  163.81  ep_len= 201.0  fall_rate=0.0  logstd=-3.597  moving_std=0.0415  clipfrac=0.63  t=  87.1s
iter   33/195  step=   67584  ep_return=  152.63  ep_len= 201.0  fall_rate=0.0  logstd=-3.600  moving_std=0.0414  clipfrac=0.59  t=  89.1s
iter   34/195  step=   69632  ep_return=  144.55  ep_len= 195.8  fall_rate=0.05  logstd=-3.599  moving_std=0.0415  clipfrac=0.61  t=  92.1s
iter   35/195  step=   71680  ep_return=  149.89  ep_len= 195.8  fall_rate=0.05  logstd=-3.599  moving_std=0.0415  clipfrac=0.60  t=  94.7s
iter   36/195  step=   73728  ep_return=  156.90  ep_len= 201.0  fall_rate=0.0  logstd=-3.601  moving_std=0.0414  clipfrac=0.57  t=  97.5s
iter   37/195  step=   75776  ep_return=  141.54  ep_len= 194.6  fall_rate=0.1  logstd=-3.602  moving_std=0.0413  clipfrac=0.58  t=  99.7s
iter   38/195  step=   77824  ep_return=  145.08  ep_len= 194.6  fall_rate=0.1  logstd=-3.606  moving_std=0.0412  clipfrac=0.61  t= 101.7s
iter   39/195  step=   79872  ep_return=  161.66  ep_len= 201.0  fall_rate=0.0  logstd=-3.606  moving_std=0.0412  clipfrac=0.64  t= 103.8s
iter   40/195  step=   81920  ep_return=  160.97  ep_len= 201.0  fall_rate=0.0  logstd=-3.606  moving_std=0.0412  clipfrac=0.61  t= 105.8s  eval_steps=200  val_score=200.0
iter   41/195  step=   83968  ep_return=  156.95  ep_len= 201.0  fall_rate=0.0  logstd=-3.609  moving_std=0.0411  clipfrac=0.61  t= 110.1s
iter   42/195  step=   86016  ep_return=  157.79  ep_len= 201.0  fall_rate=0.0  logstd=-3.610  moving_std=0.0410  clipfrac=0.63  t= 113.0s
iter   43/195  step=   88064  ep_return=  155.32  ep_len= 201.0  fall_rate=0.0  logstd=-3.612  moving_std=0.0409  clipfrac=0.63  t= 115.6s
iter   44/195  step=   90112  ep_return=  159.01  ep_len= 201.0  fall_rate=0.0  logstd=-3.613  moving_std=0.0409  clipfrac=0.61  t= 118.2s
iter   45/195  step=   92160  ep_return=  161.49  ep_len= 201.0  fall_rate=0.0  logstd=-3.615  moving_std=0.0408  clipfrac=0.62  t= 120.6s
iter   46/195  step=   94208  ep_return=  154.86  ep_len= 201.0  fall_rate=0.0  logstd=-3.616  moving_std=0.0408  clipfrac=0.60  t= 123.5s
iter   47/195  step=   96256  ep_return=  155.62  ep_len= 201.0  fall_rate=0.0  logstd=-3.617  moving_std=0.0408  clipfrac=0.63  t= 126.0s
iter   48/195  step=   98304  ep_return=  164.37  ep_len= 201.0  fall_rate=0.0  logstd=-3.619  moving_std=0.0407  clipfrac=0.62  t= 128.3s
iter   49/195  step=  100352  ep_return=  162.42  ep_len= 201.0  fall_rate=0.0  logstd=-3.620  moving_std=0.0406  clipfrac=0.63  t= 130.5s
iter   50/195  step=  102400  ep_return=  157.69  ep_len= 201.0  fall_rate=0.0  logstd=-3.621  moving_std=0.0406  clipfrac=0.61  t= 132.6s  eval_steps=200  val_score=200.0
iter   51/195  step=  104448  ep_return=  156.48  ep_len= 201.0  fall_rate=0.0  logstd=-3.622  moving_std=0.0405  clipfrac=0.60  t= 136.0s
iter   52/195  step=  106496  ep_return=  151.55  ep_len= 197.9  fall_rate=0.05  logstd=-3.623  moving_std=0.0405  clipfrac=0.59  t= 138.7s
iter   53/195  step=  108544  ep_return=  147.83  ep_len= 191.3  fall_rate=0.1  logstd=-3.623  moving_std=0.0405  clipfrac=0.61  t= 141.5s
iter   54/195  step=  110592  ep_return=  147.21  ep_len= 191.3  fall_rate=0.1  logstd=-3.625  moving_std=0.0404  clipfrac=0.54  t= 144.0s
iter   55/195  step=  112640  ep_return=  143.72  ep_len= 190.8  fall_rate=0.1  logstd=-3.625  moving_std=0.0404  clipfrac=0.52  t= 146.1s
iter   56/195  step=  114688  ep_return=  147.33  ep_len= 193.8  fall_rate=0.05  logstd=-3.625  moving_std=0.0404  clipfrac=0.59  t= 148.9s
iter   57/195  step=  116736  ep_return=  158.36  ep_len= 201.0  fall_rate=0.0  logstd=-3.624  moving_std=0.0405  clipfrac=0.58  t= 151.8s
iter   58/195  step=  118784  ep_return=  151.15  ep_len= 198.8  fall_rate=0.05  logstd=-3.627  moving_std=0.0404  clipfrac=0.56  t= 154.8s
iter   59/195  step=  120832  ep_return=  150.80  ep_len= 198.8  fall_rate=0.05  logstd=-3.628  moving_std=0.0403  clipfrac=0.63  t= 156.9s
iter   60/195  step=  122880  ep_return=  160.40  ep_len= 201.0  fall_rate=0.0  logstd=-3.629  moving_std=0.0403  clipfrac=0.61  t= 159.2s  eval_steps=200  val_score=200.0
iter   61/195  step=  124928  ep_return=  158.54  ep_len= 201.0  fall_rate=0.0  logstd=-3.631  moving_std=0.0402  clipfrac=0.58  t= 163.2s
iter   62/195  step=  126976  ep_return=  156.14  ep_len= 201.0  fall_rate=0.0  logstd=-3.632  moving_std=0.0402  clipfrac=0.56  t= 166.0s
iter   63/195  step=  129024  ep_return=  154.73  ep_len= 201.0  fall_rate=0.0  logstd=-3.633  moving_std=0.0401  clipfrac=0.58  t= 168.8s
iter   64/195  step=  131072  ep_return=  146.60  ep_len= 196.1  fall_rate=0.05  logstd=-3.634  moving_std=0.0401  clipfrac=0.55  t= 171.6s
iter   65/195  step=  133120  ep_return=  151.45  ep_len= 196.1  fall_rate=0.05  logstd=-3.637  moving_std=0.0400  clipfrac=0.56  t= 173.6s
iter   66/195  step=  135168  ep_return=  151.33  ep_len= 194.2  fall_rate=0.05  logstd=-3.640  moving_std=0.0399  clipfrac=0.55  t= 176.6s
iter   67/195  step=  137216  ep_return=  148.32  ep_len= 194.2  fall_rate=0.05  logstd=-3.642  moving_std=0.0398  clipfrac=0.56  t= 179.3s
iter   68/195  step=  139264  ep_return=  142.90  ep_len= 194.2  fall_rate=0.1  logstd=-3.644  moving_std=0.0397  clipfrac=0.55  t= 182.2s
iter   69/195  step=  141312  ep_return=  142.72  ep_len= 194.2  fall_rate=0.1  logstd=-3.647  moving_std=0.0396  clipfrac=0.60  t= 184.9s
iter   70/195  step=  143360  ep_return=  161.28  ep_len= 201.0  fall_rate=0.0  logstd=-3.648  moving_std=0.0395  clipfrac=0.60  t= 187.5s  eval_steps=200  val_score=200.0
iter   71/195  step=  145408  ep_return=  154.29  ep_len= 196.2  fall_rate=0.05  logstd=-3.649  moving_std=0.0395  clipfrac=0.53  t= 192.0s
iter   72/195  step=  147456  ep_return=  146.37  ep_len= 192.8  fall_rate=0.1  logstd=-3.652  moving_std=0.0394  clipfrac=0.52  t= 194.0s
iter   73/195  step=  149504  ep_return=  154.65  ep_len= 197.7  fall_rate=0.05  logstd=-3.653  moving_std=0.0394  clipfrac=0.59  t= 196.1s
iter   74/195  step=  151552  ep_return=  161.28  ep_len= 201.0  fall_rate=0.0  logstd=-3.654  moving_std=0.0393  clipfrac=0.60  t= 198.7s
iter   75/195  step=  153600  ep_return=  160.24  ep_len= 201.0  fall_rate=0.0  logstd=-3.656  moving_std=0.0392  clipfrac=0.58  t= 200.8s
iter   76/195  step=  155648  ep_return=  162.26  ep_len= 201.0  fall_rate=0.0  logstd=-3.656  moving_std=0.0393  clipfrac=0.59  t= 202.8s
iter   77/195  step=  157696  ep_return=  162.90  ep_len= 201.0  fall_rate=0.0  logstd=-3.657  moving_std=0.0392  clipfrac=0.55  t= 204.9s
iter   78/195  step=  159744  ep_return=  152.10  ep_len= 194.5  fall_rate=0.05  logstd=-3.658  moving_std=0.0391  clipfrac=0.54  t= 206.9s
iter   79/195  step=  161792  ep_return=  148.13  ep_len= 194.5  fall_rate=0.05  logstd=-3.660  moving_std=0.0391  clipfrac=0.56  t= 209.3s
iter   80/195  step=  163840  ep_return=  160.20  ep_len= 201.0  fall_rate=0.0  logstd=-3.661  moving_std=0.0390  clipfrac=0.57  t= 211.4s  eval_steps=200  val_score=200.0
iter   81/195  step=  165888  ep_return=  156.69  ep_len= 200.6  fall_rate=0.05  logstd=-3.663  moving_std=0.0389  clipfrac=0.51  t= 214.8s
iter   82/195  step=  167936  ep_return=  153.84  ep_len= 200.6  fall_rate=0.05  logstd=-3.665  moving_std=0.0389  clipfrac=0.57  t= 217.7s
iter   83/195  step=  169984  ep_return=  161.51  ep_len= 201.0  fall_rate=0.0  logstd=-3.667  moving_std=0.0388  clipfrac=0.58  t= 219.8s
iter   84/195  step=  172032  ep_return=  151.59  ep_len= 196.1  fall_rate=0.05  logstd=-3.668  moving_std=0.0388  clipfrac=0.56  t= 222.2s
iter   85/195  step=  174080  ep_return=  145.23  ep_len= 190.2  fall_rate=0.1  logstd=-3.670  moving_std=0.0387  clipfrac=0.50  t= 225.0s
iter   86/195  step=  176128  ep_return=  154.26  ep_len= 195.1  fall_rate=0.05  logstd=-3.672  moving_std=0.0386  clipfrac=0.56  t= 228.0s
iter   87/195  step=  178176  ep_return=  162.35  ep_len= 201.0  fall_rate=0.0  logstd=-3.673  moving_std=0.0386  clipfrac=0.57  t= 230.1s
iter   88/195  step=  180224  ep_return=  156.44  ep_len= 197.9  fall_rate=0.05  logstd=-3.674  moving_std=0.0385  clipfrac=0.53  t= 232.1s
iter   89/195  step=  182272  ep_return=  153.10  ep_len= 197.9  fall_rate=0.05  logstd=-3.675  moving_std=0.0385  clipfrac=0.48  t= 235.0s
iter   90/195  step=  184320  ep_return=  154.35  ep_len= 201.0  fall_rate=0.0  logstd=-3.677  moving_std=0.0384  clipfrac=0.47  t= 237.6s  eval_steps=200  val_score=200.0
iter   91/195  step=  186368  ep_return=  153.29  ep_len= 201.0  fall_rate=0.0  logstd=-3.679  moving_std=0.0384  clipfrac=0.56  t= 241.8s
iter   92/195  step=  188416  ep_return=  159.25  ep_len= 201.0  fall_rate=0.0  logstd=-3.680  moving_std=0.0383  clipfrac=0.58  t= 243.8s
iter   93/195  step=  190464  ep_return=  159.13  ep_len= 201.0  fall_rate=0.0  logstd=-3.681  moving_std=0.0383  clipfrac=0.55  t= 246.6s
iter   94/195  step=  192512  ep_return=  156.39  ep_len= 201.0  fall_rate=0.0  logstd=-3.683  moving_std=0.0382  clipfrac=0.55  t= 249.5s
iter   95/195  step=  194560  ep_return=  150.70  ep_len= 193.9  fall_rate=0.05  logstd=-3.685  moving_std=0.0381  clipfrac=0.48  t= 252.6s
iter   96/195  step=  196608  ep_return=  148.14  ep_len= 193.9  fall_rate=0.05  logstd=-3.685  moving_std=0.0381  clipfrac=0.52  t= 254.8s
iter   97/195  step=  198656  ep_return=  158.89  ep_len= 201.0  fall_rate=0.0  logstd=-3.685  moving_std=0.0381  clipfrac=0.55  t= 256.8s
iter   98/195  step=  200704  ep_return=  159.71  ep_len= 201.0  fall_rate=0.0  logstd=-3.685  moving_std=0.0381  clipfrac=0.54  t= 259.4s
iter   99/195  step=  202752  ep_return=  161.39  ep_len= 201.0  fall_rate=0.0  logstd=-3.686  moving_std=0.0381  clipfrac=0.55  t= 261.8s
iter  100/195  step=  204800  ep_return=  162.28  ep_len= 201.0  fall_rate=0.0  logstd=-3.689  moving_std=0.0380  clipfrac=0.54  t= 264.6s  eval_steps=200  val_score=200.0
iter  101/195  step=  206848  ep_return=  161.16  ep_len= 201.0  fall_rate=0.0  logstd=-3.690  moving_std=0.0379  clipfrac=0.56  t= 268.1s
iter  102/195  step=  208896  ep_return=  162.85  ep_len= 201.0  fall_rate=0.0  logstd=-3.692  moving_std=0.0379  clipfrac=0.51  t= 270.3s
iter  103/195  step=  210944  ep_return=  159.10  ep_len= 201.0  fall_rate=0.0  logstd=-3.692  moving_std=0.0378  clipfrac=0.52  t= 272.3s
iter  104/195  step=  212992  ep_return=  156.04  ep_len= 201.0  fall_rate=0.0  logstd=-3.693  moving_std=0.0378  clipfrac=0.51  t= 274.6s
iter  105/195  step=  215040  ep_return=  157.84  ep_len= 201.0  fall_rate=0.0  logstd=-3.695  moving_std=0.0377  clipfrac=0.49  t= 276.8s
iter  106/195  step=  217088  ep_return=  140.12  ep_len= 188.3  fall_rate=0.1  logstd=-3.697  moving_std=0.0377  clipfrac=0.45  t= 279.5s
iter  107/195  step=  219136  ep_return=  150.15  ep_len= 195.1  fall_rate=0.05  logstd=-3.697  moving_std=0.0377  clipfrac=0.45  t= 281.5s
iter  108/195  step=  221184  ep_return=  151.26  ep_len= 198.2  fall_rate=0.05  logstd=-3.698  moving_std=0.0376  clipfrac=0.47  t= 284.2s
iter  109/195  step=  223232  ep_return=  147.25  ep_len= 197.7  fall_rate=0.1  logstd=-3.699  moving_std=0.0376  clipfrac=0.51  t= 287.2s
iter  110/195  step=  225280  ep_return=  159.35  ep_len= 201.0  fall_rate=0.0  logstd=-3.699  moving_std=0.0376  clipfrac=0.54  t= 289.4s  eval_steps=200  val_score=200.0
iter  111/195  step=  227328  ep_return=  159.26  ep_len= 201.0  fall_rate=0.0  logstd=-3.699  moving_std=0.0376  clipfrac=0.50  t= 293.7s
iter  112/195  step=  229376  ep_return=  159.73  ep_len= 201.0  fall_rate=0.0  logstd=-3.699  moving_std=0.0376  clipfrac=0.52  t= 296.8s
iter  113/195  step=  231424  ep_return=  158.47  ep_len= 201.0  fall_rate=0.0  logstd=-3.699  moving_std=0.0376  clipfrac=0.51  t= 299.5s
iter  114/195  step=  233472  ep_return=  152.46  ep_len= 194.4  fall_rate=0.05  logstd=-3.701  moving_std=0.0375  clipfrac=0.46  t= 302.4s
iter  115/195  step=  235520  ep_return=  151.50  ep_len= 194.4  fall_rate=0.05  logstd=-3.701  moving_std=0.0375  clipfrac=0.49  t= 305.3s
iter  116/195  step=  237568  ep_return=  160.38  ep_len= 201.0  fall_rate=0.0  logstd=-3.701  moving_std=0.0375  clipfrac=0.44  t= 307.9s
iter  117/195  step=  239616  ep_return=  158.94  ep_len= 199.3  fall_rate=0.05  logstd=-3.701  moving_std=0.0375  clipfrac=0.50  t= 309.9s
iter  118/195  step=  241664  ep_return=  158.28  ep_len= 197.3  fall_rate=0.05  logstd=-3.703  moving_std=0.0375  clipfrac=0.49  t= 311.9s
iter  119/195  step=  243712  ep_return=  155.71  ep_len= 197.3  fall_rate=0.05  logstd=-3.703  moving_std=0.0374  clipfrac=0.50  t= 314.0s
iter  120/195  step=  245760  ep_return=  164.16  ep_len= 201.0  fall_rate=0.0  logstd=-3.704  moving_std=0.0374  clipfrac=0.51  t= 316.9s  eval_steps=200  val_score=200.0
iter  121/195  step=  247808  ep_return=  162.52  ep_len= 201.0  fall_rate=0.0  logstd=-3.704  moving_std=0.0374  clipfrac=0.50  t= 320.4s
iter  122/195  step=  249856  ep_return=  165.91  ep_len= 201.0  fall_rate=0.0  logstd=-3.705  moving_std=0.0374  clipfrac=0.48  t= 322.4s
iter  123/195  step=  251904  ep_return=  159.56  ep_len= 200.1  fall_rate=0.05  logstd=-3.706  moving_std=0.0373  clipfrac=0.40  t= 324.8s
iter  124/195  step=  253952  ep_return=  146.73  ep_len= 195.9  fall_rate=0.1  logstd=-3.707  moving_std=0.0373  clipfrac=0.47  t= 326.8s
iter  125/195  step=  256000  ep_return=  152.58  ep_len= 196.9  fall_rate=0.05  logstd=-3.707  moving_std=0.0373  clipfrac=0.46  t= 328.8s
iter  126/195  step=  258048  ep_return=  157.86  ep_len= 201.0  fall_rate=0.0  logstd=-3.708  moving_std=0.0373  clipfrac=0.49  t= 330.8s
iter  127/195  step=  260096  ep_return=  160.85  ep_len= 201.0  fall_rate=0.0  logstd=-3.708  moving_std=0.0373  clipfrac=0.46  t= 333.8s
iter  128/195  step=  262144  ep_return=  158.73  ep_len= 201.0  fall_rate=0.0  logstd=-3.708  moving_std=0.0373  clipfrac=0.44  t= 336.6s
iter  129/195  step=  264192  ep_return=  157.66  ep_len= 201.0  fall_rate=0.0  logstd=-3.710  moving_std=0.0372  clipfrac=0.44  t= 339.7s
iter  130/195  step=  266240  ep_return=  159.50  ep_len= 201.0  fall_rate=0.0  logstd=-3.710  moving_std=0.0372  clipfrac=0.48  t= 342.4s  eval_steps=200  val_score=200.0
iter  131/195  step=  268288  ep_return=  164.57  ep_len= 201.0  fall_rate=0.0  logstd=-3.710  moving_std=0.0372  clipfrac=0.44  t= 346.1s
iter  132/195  step=  270336  ep_return=  165.04  ep_len= 201.0  fall_rate=0.0  logstd=-3.711  moving_std=0.0372  clipfrac=0.45  t= 348.9s
iter  133/195  step=  272384  ep_return=  159.06  ep_len= 201.0  fall_rate=0.0  logstd=-3.712  moving_std=0.0371  clipfrac=0.41  t= 351.8s
iter  134/195  step=  274432  ep_return=  157.39  ep_len= 201.0  fall_rate=0.0  logstd=-3.712  moving_std=0.0371  clipfrac=0.49  t= 354.2s
iter  135/195  step=  276480  ep_return=  163.01  ep_len= 201.0  fall_rate=0.0  logstd=-3.713  moving_std=0.0371  clipfrac=0.46  t= 357.2s
iter  136/195  step=  278528  ep_return=  160.47  ep_len= 201.0  fall_rate=0.0  logstd=-3.712  moving_std=0.0371  clipfrac=0.47  t= 360.0s
iter  137/195  step=  280576  ep_return=  161.11  ep_len= 201.0  fall_rate=0.0  logstd=-3.713  moving_std=0.0371  clipfrac=0.43  t= 363.0s
iter  138/195  step=  282624  ep_return=  155.00  ep_len= 200.2  fall_rate=0.05  logstd=-3.714  moving_std=0.0371  clipfrac=0.37  t= 365.1s
iter  139/195  step=  284672  ep_return=  158.07  ep_len= 200.2  fall_rate=0.05  logstd=-3.714  moving_std=0.0370  clipfrac=0.42  t= 367.7s
iter  140/195  step=  286720  ep_return=  162.54  ep_len= 201.0  fall_rate=0.0  logstd=-3.715  moving_std=0.0370  clipfrac=0.43  t= 370.4s  eval_steps=200  val_score=200.0
iter  141/195  step=  288768  ep_return=  152.65  ep_len= 194.8  fall_rate=0.05  logstd=-3.715  moving_std=0.0370  clipfrac=0.37  t= 374.4s
iter  142/195  step=  290816  ep_return=  154.42  ep_len= 194.8  fall_rate=0.05  logstd=-3.716  moving_std=0.0370  clipfrac=0.43  t= 377.2s
iter  143/195  step=  292864  ep_return=  163.05  ep_len= 201.0  fall_rate=0.0  logstd=-3.716  moving_std=0.0370  clipfrac=0.41  t= 380.2s
iter  144/195  step=  294912  ep_return=  164.11  ep_len= 201.0  fall_rate=0.0  logstd=-3.717  moving_std=0.0369  clipfrac=0.44  t= 383.4s
iter  145/195  step=  296960  ep_return=  164.82  ep_len= 201.0  fall_rate=0.0  logstd=-3.717  moving_std=0.0369  clipfrac=0.43  t= 386.2s
iter  146/195  step=  299008  ep_return=  166.65  ep_len= 201.0  fall_rate=0.0  logstd=-3.718  moving_std=0.0369  clipfrac=0.44  t= 389.1s
iter  147/195  step=  301056  ep_return=  165.07  ep_len= 201.0  fall_rate=0.0  logstd=-3.719  moving_std=0.0369  clipfrac=0.40  t= 391.2s
iter  148/195  step=  303104  ep_return=  147.86  ep_len= 193.9  fall_rate=0.1  logstd=-3.720  moving_std=0.0368  clipfrac=0.36  t= 393.8s
iter  149/195  step=  305152  ep_return=  139.86  ep_len= 193.4  fall_rate=0.15  logstd=-3.720  moving_std=0.0368  clipfrac=0.35  t= 396.6s
iter  150/195  step=  307200  ep_return=  154.25  ep_len= 198.1  fall_rate=0.05  logstd=-3.720  moving_std=0.0368  clipfrac=0.39  t= 398.5s  eval_steps=200  val_score=200.0
iter  151/195  step=  309248  ep_return=  161.40  ep_len= 201.0  fall_rate=0.0  logstd=-3.720  moving_std=0.0368  clipfrac=0.39  t= 402.0s
iter  152/195  step=  311296  ep_return=  161.99  ep_len= 201.0  fall_rate=0.0  logstd=-3.721  moving_std=0.0368  clipfrac=0.40  t= 404.0s
iter  153/195  step=  313344  ep_return=  161.41  ep_len= 201.0  fall_rate=0.0  logstd=-3.721  moving_std=0.0368  clipfrac=0.38  t= 406.8s
iter  154/195  step=  315392  ep_return=  160.58  ep_len= 201.0  fall_rate=0.0  logstd=-3.721  moving_std=0.0368  clipfrac=0.36  t= 408.8s
iter  155/195  step=  317440  ep_return=  153.84  ep_len= 198.4  fall_rate=0.05  logstd=-3.722  moving_std=0.0368  clipfrac=0.30  t= 411.3s
iter  156/195  step=  319488  ep_return=  154.15  ep_len= 198.4  fall_rate=0.05  logstd=-3.723  moving_std=0.0367  clipfrac=0.39  t= 414.0s
iter  157/195  step=  321536  ep_return=  160.70  ep_len= 201.0  fall_rate=0.0  logstd=-3.723  moving_std=0.0367  clipfrac=0.37  t= 416.6s
iter  158/195  step=  323584  ep_return=  162.24  ep_len= 201.0  fall_rate=0.0  logstd=-3.724  moving_std=0.0367  clipfrac=0.36  t= 419.4s
iter  159/195  step=  325632  ep_return=  152.70  ep_len= 196.3  fall_rate=0.05  logstd=-3.724  moving_std=0.0367  clipfrac=0.34  t= 422.3s
iter  160/195  step=  327680  ep_return=  146.25  ep_len= 195.7  fall_rate=0.1  logstd=-3.724  moving_std=0.0367  clipfrac=0.30  t= 424.4s  eval_steps=200  val_score=200.0
iter  161/195  step=  329728  ep_return=  157.49  ep_len= 200.3  fall_rate=0.05  logstd=-3.724  moving_std=0.0367  clipfrac=0.34  t= 428.8s
iter  162/195  step=  331776  ep_return=  160.41  ep_len= 201.0  fall_rate=0.0  logstd=-3.724  moving_std=0.0367  clipfrac=0.30  t= 430.8s
iter  163/195  step=  333824  ep_return=  161.18  ep_len= 201.0  fall_rate=0.0  logstd=-3.725  moving_std=0.0367  clipfrac=0.37  t= 433.8s
iter  164/195  step=  335872  ep_return=  166.40  ep_len= 201.0  fall_rate=0.0  logstd=-3.725  moving_std=0.0367  clipfrac=0.28  t= 435.8s
iter  165/195  step=  337920  ep_return=  164.39  ep_len= 200.1  fall_rate=0.05  logstd=-3.725  moving_std=0.0367  clipfrac=0.34  t= 438.8s
iter  166/195  step=  339968  ep_return=  161.54  ep_len= 200.1  fall_rate=0.05  logstd=-3.725  moving_std=0.0366  clipfrac=0.30  t= 441.7s
iter  167/195  step=  342016  ep_return=  155.27  ep_len= 196.1  fall_rate=0.05  logstd=-3.726  moving_std=0.0366  clipfrac=0.26  t= 444.5s
iter  168/195  step=  344064  ep_return=  155.26  ep_len= 196.1  fall_rate=0.05  logstd=-3.727  moving_std=0.0366  clipfrac=0.30  t= 447.2s
iter  169/195  step=  346112  ep_return=  165.12  ep_len= 201.0  fall_rate=0.0  logstd=-3.728  moving_std=0.0366  clipfrac=0.32  t= 449.4s
iter  170/195  step=  348160  ep_return=  166.71  ep_len= 201.0  fall_rate=0.0  logstd=-3.729  moving_std=0.0365  clipfrac=0.26  t= 451.5s  eval_steps=200  val_score=200.0
iter  171/195  step=  350208  ep_return=  158.90  ep_len= 198.0  fall_rate=0.05  logstd=-3.729  moving_std=0.0365  clipfrac=0.24  t= 455.8s
iter  172/195  step=  352256  ep_return=  153.05  ep_len= 198.0  fall_rate=0.1  logstd=-3.729  moving_std=0.0365  clipfrac=0.28  t= 458.3s
iter  173/195  step=  354304  ep_return=  156.11  ep_len= 201.0  fall_rate=0.05  logstd=-3.729  moving_std=0.0365  clipfrac=0.28  t= 460.8s
iter  174/195  step=  356352  ep_return=  160.81  ep_len= 201.0  fall_rate=0.0  logstd=-3.730  moving_std=0.0365  clipfrac=0.29  t= 463.7s
iter  175/195  step=  358400  ep_return=  163.37  ep_len= 201.0  fall_rate=0.0  logstd=-3.730  moving_std=0.0365  clipfrac=0.26  t= 466.6s
iter  176/195  step=  360448  ep_return=  165.06  ep_len= 201.0  fall_rate=0.0  logstd=-3.730  moving_std=0.0365  clipfrac=0.26  t= 469.6s
iter  177/195  step=  362496  ep_return=  165.13  ep_len= 201.0  fall_rate=0.0  logstd=-3.730  moving_std=0.0365  clipfrac=0.28  t= 471.6s
iter  178/195  step=  364544  ep_return=  159.71  ep_len= 200.1  fall_rate=0.05  logstd=-3.730  moving_std=0.0365  clipfrac=0.23  t= 474.4s
iter  179/195  step=  366592  ep_return=  158.81  ep_len= 200.1  fall_rate=0.05  logstd=-3.730  moving_std=0.0365  clipfrac=0.26  t= 476.5s
iter  180/195  step=  368640  ep_return=  159.37  ep_len= 200.1  fall_rate=0.05  logstd=-3.731  moving_std=0.0365  clipfrac=0.27  t= 479.1s  eval_steps=200  val_score=200.0
iter  181/195  step=  370688  ep_return=  163.57  ep_len= 201.0  fall_rate=0.0  logstd=-3.731  moving_std=0.0365  clipfrac=0.23  t= 483.6s
iter  182/195  step=  372736  ep_return=  166.63  ep_len= 201.0  fall_rate=0.0  logstd=-3.731  moving_std=0.0365  clipfrac=0.19  t= 486.6s
iter  183/195  step=  374784  ep_return=  167.99  ep_len= 201.0  fall_rate=0.0  logstd=-3.731  moving_std=0.0365  clipfrac=0.21  t= 489.4s
iter  184/195  step=  376832  ep_return=  157.08  ep_len= 194.2  fall_rate=0.05  logstd=-3.731  moving_std=0.0364  clipfrac=0.18  t= 491.4s
iter  185/195  step=  378880  ep_return=  154.40  ep_len= 194.2  fall_rate=0.05  logstd=-3.731  moving_std=0.0364  clipfrac=0.23  t= 493.7s
iter  186/195  step=  380928  ep_return=  164.60  ep_len= 201.0  fall_rate=0.0  logstd=-3.732  moving_std=0.0364  clipfrac=0.17  t= 496.1s
iter  187/195  step=  382976  ep_return=  166.34  ep_len= 201.0  fall_rate=0.0  logstd=-3.732  moving_std=0.0364  clipfrac=0.15  t= 498.1s
iter  188/195  step=  385024  ep_return=  168.73  ep_len= 201.0  fall_rate=0.0  logstd=-3.732  moving_std=0.0364  clipfrac=0.16  t= 500.1s
iter  189/195  step=  387072  ep_return=  166.64  ep_len= 201.0  fall_rate=0.0  logstd=-3.732  moving_std=0.0364  clipfrac=0.15  t= 503.2s
iter  190/195  step=  389120  ep_return=  166.38  ep_len= 201.0  fall_rate=0.0  logstd=-3.732  moving_std=0.0364  clipfrac=0.12  t= 505.5s  eval_steps=200  val_score=200.0
iter  191/195  step=  391168  ep_return=  168.84  ep_len= 201.0  fall_rate=0.0  logstd=-3.732  moving_std=0.0364  clipfrac=0.10  t= 508.9s
iter  192/195  step=  393216  ep_return=  165.56  ep_len= 201.0  fall_rate=0.0  logstd=-3.732  moving_std=0.0364  clipfrac=0.05  t= 510.9s
iter  193/195  step=  395264  ep_return=  153.02  ep_len= 194.4  fall_rate=0.05  logstd=-3.732  moving_std=0.0364  clipfrac=0.03  t= 513.2s
iter  194/195  step=  397312  ep_return=  154.15  ep_len= 194.4  fall_rate=0.05  logstd=-3.732  moving_std=0.0364  clipfrac=0.02  t= 515.4s
iter  195/195  step=  399360  ep_return=  163.08  ep_len= 201.0  fall_rate=0.0  logstd=-3.732  moving_std=0.0364  clipfrac=0.00  t= 517.9s
saved checkpoint -> /home/elida_sensoy/cara_robot/cara_robot/cara_description/runs/u31_exploration_boost/u31_seed0.pt
