curriculum ON: stages=[0.0, 0.03, 0.06, 0.1]  advance when the last 30 episodes average >= 80% of 200 steps AND fall_rate <= 30%, after at least 100000 steps in the current stage.
resumed from /home/elida_sensoy/cara_robot/cara_robot/cara_description/runs/u24_ppo_lowstd/ppo_lowstd_seed0.pt: actor_logstd=[-1.4386221 -1.2079766 -1.547008  -1.1994969 -1.4487492 -1.2894099
 -1.2962264 -1.163842  -1.4507396 -1.3080544 -1.3527681 -1.3583325] (std=[0.23725444 0.2988013  0.21288395 0.3013458  0.23486388 0.27543327
 0.27356213 0.3122841  0.23439686 0.2703455  0.25852364 0.2570891 ]) -- --init-logstd=-0.5 was IGNORED since a checkpoint was loaded. optimizer state NOT restored (checkpoint predates optimizer-state saving) -- this is a WARM START, not an exact resumption.
iter    1/195  step=    2048  ep_return=    3.33  ep_len=  33.1  fall_rate=1.0  logstd=-1.340  clipfrac=0.39  t=   2.4s  stage=0(vx=0.00)
iter    2/195  step=    4096  ep_return=    5.83  ep_len=  35.1  fall_rate=1.0  logstd=-1.343  clipfrac=0.33  t=   4.4s  stage=0(vx=0.00)
iter    3/195  step=    6144  ep_return=    4.69  ep_len=  30.7  fall_rate=1.0  logstd=-1.347  clipfrac=0.37  t=   7.1s  stage=0(vx=0.00)
iter    4/195  step=    8192  ep_return=    3.57  ep_len=  34.8  fall_rate=1.0  logstd=-1.351  clipfrac=0.35  t=   9.6s  stage=0(vx=0.00)
iter    5/195  step=   10240  ep_return=    6.03  ep_len=  32.6  fall_rate=1.0  logstd=-1.353  clipfrac=0.35  t=  11.9s  stage=0(vx=0.00)
iter    6/195  step=   12288  ep_return=    4.88  ep_len=  30.7  fall_rate=1.0  logstd=-1.354  clipfrac=0.34  t=  14.3s  stage=0(vx=0.00)
iter    7/195  step=   14336  ep_return=    4.50  ep_len=  30.8  fall_rate=1.0  logstd=-1.355  clipfrac=0.35  t=  16.4s  stage=0(vx=0.00)
iter    8/195  step=   16384  ep_return=    4.51  ep_len=  32.0  fall_rate=1.0  logstd=-1.356  clipfrac=0.35  t=  19.1s  stage=0(vx=0.00)
iter    9/195  step=   18432  ep_return=    3.97  ep_len=  31.2  fall_rate=1.0  logstd=-1.357  clipfrac=0.33  t=  21.2s  stage=0(vx=0.00)
iter   10/195  step=   20480  ep_return=    8.06  ep_len=  34.6  fall_rate=1.0  logstd=-1.362  clipfrac=0.35  t=  23.3s  stage=0(vx=0.00)
iter   11/195  step=   22528  ep_return=    4.23  ep_len=  32.7  fall_rate=1.0  logstd=-1.363  clipfrac=0.35  t=  25.2s  stage=0(vx=0.00)
iter   12/195  step=   24576  ep_return=    5.10  ep_len=  32.2  fall_rate=1.0  logstd=-1.364  clipfrac=0.35  t=  27.3s  stage=0(vx=0.00)
iter   13/195  step=   26624  ep_return=    1.84  ep_len=  32.4  fall_rate=1.0  logstd=-1.367  clipfrac=0.33  t=  29.4s  stage=0(vx=0.00)
iter   14/195  step=   28672  ep_return=    3.94  ep_len=  34.1  fall_rate=1.0  logstd=-1.366  clipfrac=0.34  t=  31.8s  stage=0(vx=0.00)
iter   15/195  step=   30720  ep_return=    7.48  ep_len=  34.6  fall_rate=1.0  logstd=-1.366  clipfrac=0.35  t=  33.8s  stage=0(vx=0.00)
iter   16/195  step=   32768  ep_return=    6.23  ep_len=  32.5  fall_rate=1.0  logstd=-1.370  clipfrac=0.34  t=  35.8s  stage=0(vx=0.00)
iter   17/195  step=   34816  ep_return=    6.67  ep_len=  31.4  fall_rate=1.0  logstd=-1.374  clipfrac=0.32  t=  38.0s  stage=0(vx=0.00)
iter   18/195  step=   36864  ep_return=    2.20  ep_len=  30.3  fall_rate=1.0  logstd=-1.377  clipfrac=0.34  t=  40.0s  stage=0(vx=0.00)
iter   19/195  step=   38912  ep_return=    4.95  ep_len=  34.0  fall_rate=1.0  logstd=-1.377  clipfrac=0.34  t=  42.1s  stage=0(vx=0.00)
iter   20/195  step=   40960  ep_return=    6.14  ep_len=  30.7  fall_rate=1.0  logstd=-1.379  clipfrac=0.33  t=  44.7s  stage=0(vx=0.00)
iter   21/195  step=   43008  ep_return=    4.28  ep_len=  31.5  fall_rate=1.0  logstd=-1.381  clipfrac=0.34  t=  47.0s  stage=0(vx=0.00)
iter   22/195  step=   45056  ep_return=    5.71  ep_len=  33.6  fall_rate=1.0  logstd=-1.383  clipfrac=0.35  t=  49.3s  stage=0(vx=0.00)
iter   23/195  step=   47104  ep_return=    7.42  ep_len=  33.6  fall_rate=1.0  logstd=-1.386  clipfrac=0.33  t=  51.8s  stage=0(vx=0.00)
iter   24/195  step=   49152  ep_return=    6.38  ep_len=  31.1  fall_rate=1.0  logstd=-1.389  clipfrac=0.34  t=  53.8s  stage=0(vx=0.00)
iter   25/195  step=   51200  ep_return=    6.68  ep_len=  33.1  fall_rate=1.0  logstd=-1.393  clipfrac=0.34  t=  56.1s  stage=0(vx=0.00)
iter   26/195  step=   53248  ep_return=    6.21  ep_len=  32.2  fall_rate=1.0  logstd=-1.392  clipfrac=0.35  t=  58.3s  stage=0(vx=0.00)
iter   27/195  step=   55296  ep_return=    6.35  ep_len=  34.7  fall_rate=1.0  logstd=-1.393  clipfrac=0.36  t=  60.8s  stage=0(vx=0.00)
iter   28/195  step=   57344  ep_return=    6.11  ep_len=  34.6  fall_rate=1.0  logstd=-1.397  clipfrac=0.34  t=  63.3s  stage=0(vx=0.00)
iter   29/195  step=   59392  ep_return=    3.91  ep_len=  34.1  fall_rate=1.0  logstd=-1.399  clipfrac=0.33  t=  65.6s  stage=0(vx=0.00)
iter   30/195  step=   61440  ep_return=    4.35  ep_len=  32.8  fall_rate=1.0  logstd=-1.399  clipfrac=0.34  t=  67.8s  stage=0(vx=0.00)
iter   31/195  step=   63488  ep_return=    5.89  ep_len=  31.6  fall_rate=1.0  logstd=-1.400  clipfrac=0.34  t=  70.3s  stage=0(vx=0.00)
iter   32/195  step=   65536  ep_return=    4.62  ep_len=  30.4  fall_rate=1.0  logstd=-1.405  clipfrac=0.33  t=  73.0s  stage=0(vx=0.00)
iter   33/195  step=   67584  ep_return=    6.12  ep_len=  33.7  fall_rate=1.0  logstd=-1.410  clipfrac=0.35  t=  75.2s  stage=0(vx=0.00)
iter   34/195  step=   69632  ep_return=    4.68  ep_len=  33.9  fall_rate=1.0  logstd=-1.413  clipfrac=0.31  t=  77.3s  stage=0(vx=0.00)
iter   35/195  step=   71680  ep_return=    5.69  ep_len=  34.5  fall_rate=1.0  logstd=-1.415  clipfrac=0.33  t=  79.8s  stage=0(vx=0.00)
iter   36/195  step=   73728  ep_return=    5.13  ep_len=  33.4  fall_rate=1.0  logstd=-1.414  clipfrac=0.31  t=  81.9s  stage=0(vx=0.00)
iter   37/195  step=   75776  ep_return=    5.75  ep_len=  31.2  fall_rate=1.0  logstd=-1.415  clipfrac=0.33  t=  84.1s  stage=0(vx=0.00)
iter   38/195  step=   77824  ep_return=    2.73  ep_len=  29.5  fall_rate=1.0  logstd=-1.415  clipfrac=0.33  t=  86.3s  stage=0(vx=0.00)
iter   39/195  step=   79872  ep_return=    8.57  ep_len=  31.4  fall_rate=1.0  logstd=-1.418  clipfrac=0.33  t=  88.9s  stage=0(vx=0.00)
iter   40/195  step=   81920  ep_return=    5.55  ep_len=  31.9  fall_rate=1.0  logstd=-1.419  clipfrac=0.31  t=  90.9s  stage=0(vx=0.00)
iter   41/195  step=   83968  ep_return=    3.86  ep_len=  29.9  fall_rate=1.0  logstd=-1.422  clipfrac=0.34  t=  93.6s  stage=0(vx=0.00)
iter   42/195  step=   86016  ep_return=    6.96  ep_len=  33.9  fall_rate=1.0  logstd=-1.422  clipfrac=0.32  t=  95.9s  stage=0(vx=0.00)
iter   43/195  step=   88064  ep_return=    4.80  ep_len=  33.2  fall_rate=1.0  logstd=-1.423  clipfrac=0.31  t=  98.4s  stage=0(vx=0.00)
iter   44/195  step=   90112  ep_return=    6.79  ep_len=  31.8  fall_rate=1.0  logstd=-1.425  clipfrac=0.32  t= 101.4s  stage=0(vx=0.00)
iter   45/195  step=   92160  ep_return=    6.37  ep_len=  30.9  fall_rate=1.0  logstd=-1.428  clipfrac=0.32  t= 104.1s  stage=0(vx=0.00)
iter   46/195  step=   94208  ep_return=    5.86  ep_len=  33.4  fall_rate=1.0  logstd=-1.430  clipfrac=0.32  t= 107.0s  stage=0(vx=0.00)
iter   47/195  step=   96256  ep_return=    6.97  ep_len=  33.3  fall_rate=1.0  logstd=-1.432  clipfrac=0.30  t= 109.3s  stage=0(vx=0.00)
iter   48/195  step=   98304  ep_return=    4.22  ep_len=  32.3  fall_rate=1.0  logstd=-1.434  clipfrac=0.32  t= 111.8s  stage=0(vx=0.00)
iter   49/195  step=  100352  ep_return=    4.74  ep_len=  32.7  fall_rate=1.0  logstd=-1.434  clipfrac=0.32  t= 114.5s  stage=0(vx=0.00)
iter   50/195  step=  102400  ep_return=    4.19  ep_len=  30.8  fall_rate=1.0  logstd=-1.437  clipfrac=0.31  t= 116.8s  stage=0(vx=0.00)
iter   51/195  step=  104448  ep_return=    7.19  ep_len=  32.6  fall_rate=1.0  logstd=-1.437  clipfrac=0.29  t= 118.9s  stage=0(vx=0.00)
iter   52/195  step=  106496  ep_return=    5.40  ep_len=  31.8  fall_rate=1.0  logstd=-1.440  clipfrac=0.29  t= 121.4s  stage=0(vx=0.00)
iter   53/195  step=  108544  ep_return=    6.13  ep_len=  32.0  fall_rate=1.0  logstd=-1.440  clipfrac=0.31  t= 124.1s  stage=0(vx=0.00)
iter   54/195  step=  110592  ep_return=    7.34  ep_len=  33.2  fall_rate=1.0  logstd=-1.441  clipfrac=0.33  t= 126.4s  stage=0(vx=0.00)
iter   55/195  step=  112640  ep_return=    6.59  ep_len=  35.0  fall_rate=1.0  logstd=-1.442  clipfrac=0.32  t= 128.5s  stage=0(vx=0.00)
iter   56/195  step=  114688  ep_return=    5.94  ep_len=  33.7  fall_rate=1.0  logstd=-1.445  clipfrac=0.32  t= 131.1s  stage=0(vx=0.00)
iter   57/195  step=  116736  ep_return=    5.29  ep_len=  32.6  fall_rate=1.0  logstd=-1.449  clipfrac=0.30  t= 133.7s  stage=0(vx=0.00)
iter   58/195  step=  118784  ep_return=    6.00  ep_len=  33.6  fall_rate=1.0  logstd=-1.449  clipfrac=0.32  t= 136.0s  stage=0(vx=0.00)
iter   59/195  step=  120832  ep_return=    6.76  ep_len=  30.7  fall_rate=1.0  logstd=-1.452  clipfrac=0.31  t= 138.4s  stage=0(vx=0.00)
iter   60/195  step=  122880  ep_return=    7.19  ep_len=  33.3  fall_rate=1.0  logstd=-1.455  clipfrac=0.28  t= 141.1s  stage=0(vx=0.00)
iter   61/195  step=  124928  ep_return=    5.47  ep_len=  36.6  fall_rate=1.0  logstd=-1.458  clipfrac=0.31  t= 143.8s  stage=0(vx=0.00)
iter   62/195  step=  126976  ep_return=    4.71  ep_len=  31.3  fall_rate=1.0  logstd=-1.460  clipfrac=0.31  t= 146.6s  stage=0(vx=0.00)
iter   63/195  step=  129024  ep_return=    8.03  ep_len=  34.6  fall_rate=1.0  logstd=-1.462  clipfrac=0.30  t= 149.1s  stage=0(vx=0.00)
iter   64/195  step=  131072  ep_return=    2.63  ep_len=  32.4  fall_rate=1.0  logstd=-1.464  clipfrac=0.30  t= 151.3s  stage=0(vx=0.00)
iter   65/195  step=  133120  ep_return=    4.06  ep_len=  34.2  fall_rate=1.0  logstd=-1.465  clipfrac=0.29  t= 153.9s  stage=0(vx=0.00)
iter   66/195  step=  135168  ep_return=    6.98  ep_len=  34.6  fall_rate=1.0  logstd=-1.466  clipfrac=0.27  t= 156.8s  stage=0(vx=0.00)
iter   67/195  step=  137216  ep_return=    7.55  ep_len=  32.5  fall_rate=1.0  logstd=-1.466  clipfrac=0.31  t= 159.0s  stage=0(vx=0.00)
iter   68/195  step=  139264  ep_return=    4.73  ep_len=  30.7  fall_rate=1.0  logstd=-1.464  clipfrac=0.30  t= 161.8s  stage=0(vx=0.00)
iter   69/195  step=  141312  ep_return=    4.81  ep_len=  32.1  fall_rate=1.0  logstd=-1.465  clipfrac=0.29  t= 164.4s  stage=0(vx=0.00)
iter   70/195  step=  143360  ep_return=    5.69  ep_len=  32.2  fall_rate=1.0  logstd=-1.465  clipfrac=0.30  t= 166.8s  stage=0(vx=0.00)
iter   71/195  step=  145408  ep_return=    3.71  ep_len=  35.8  fall_rate=1.0  logstd=-1.465  clipfrac=0.29  t= 169.3s  stage=0(vx=0.00)
iter   72/195  step=  147456  ep_return=    7.90  ep_len=  35.3  fall_rate=1.0  logstd=-1.466  clipfrac=0.29  t= 171.8s  stage=0(vx=0.00)
iter   73/195  step=  149504  ep_return=    6.23  ep_len=  35.5  fall_rate=1.0  logstd=-1.470  clipfrac=0.31  t= 174.2s  stage=0(vx=0.00)
iter   74/195  step=  151552  ep_return=    7.71  ep_len=  35.3  fall_rate=1.0  logstd=-1.470  clipfrac=0.28  t= 176.6s  stage=0(vx=0.00)
iter   75/195  step=  153600  ep_return=    6.98  ep_len=  34.3  fall_rate=1.0  logstd=-1.472  clipfrac=0.31  t= 178.9s  stage=0(vx=0.00)
iter   76/195  step=  155648  ep_return=    6.33  ep_len=  33.1  fall_rate=1.0  logstd=-1.475  clipfrac=0.31  t= 181.1s  stage=0(vx=0.00)
iter   77/195  step=  157696  ep_return=    6.07  ep_len=  36.2  fall_rate=1.0  logstd=-1.475  clipfrac=0.31  t= 183.9s  stage=0(vx=0.00)
iter   78/195  step=  159744  ep_return=    7.64  ep_len=  33.3  fall_rate=1.0  logstd=-1.477  clipfrac=0.27  t= 186.2s  stage=0(vx=0.00)
iter   79/195  step=  161792  ep_return=    8.47  ep_len=  37.0  fall_rate=1.0  logstd=-1.479  clipfrac=0.30  t= 188.3s  stage=0(vx=0.00)
iter   80/195  step=  163840  ep_return=    4.28  ep_len=  34.6  fall_rate=1.0  logstd=-1.482  clipfrac=0.27  t= 190.9s  stage=0(vx=0.00)
iter   81/195  step=  165888  ep_return=    6.61  ep_len=  34.0  fall_rate=1.0  logstd=-1.483  clipfrac=0.27  t= 193.2s  stage=0(vx=0.00)
iter   82/195  step=  167936  ep_return=    2.95  ep_len=  32.3  fall_rate=1.0  logstd=-1.485  clipfrac=0.27  t= 195.8s  stage=0(vx=0.00)
iter   83/195  step=  169984  ep_return=    6.26  ep_len=  31.9  fall_rate=1.0  logstd=-1.488  clipfrac=0.30  t= 198.3s  stage=0(vx=0.00)
iter   84/195  step=  172032  ep_return=    4.13  ep_len=  31.6  fall_rate=1.0  logstd=-1.487  clipfrac=0.27  t= 200.5s  stage=0(vx=0.00)
iter   85/195  step=  174080  ep_return=    7.71  ep_len=  31.7  fall_rate=1.0  logstd=-1.488  clipfrac=0.28  t= 202.7s  stage=0(vx=0.00)
iter   86/195  step=  176128  ep_return=    2.00  ep_len=  31.0  fall_rate=1.0  logstd=-1.489  clipfrac=0.27  t= 204.8s  stage=0(vx=0.00)
iter   87/195  step=  178176  ep_return=    6.44  ep_len=  33.5  fall_rate=1.0  logstd=-1.490  clipfrac=0.29  t= 207.0s  stage=0(vx=0.00)
iter   88/195  step=  180224  ep_return=    5.91  ep_len=  33.0  fall_rate=1.0  logstd=-1.491  clipfrac=0.25  t= 209.2s  stage=0(vx=0.00)
iter   89/195  step=  182272  ep_return=    4.82  ep_len=  32.5  fall_rate=1.0  logstd=-1.491  clipfrac=0.28  t= 211.7s  stage=0(vx=0.00)
iter   90/195  step=  184320  ep_return=    6.55  ep_len=  36.4  fall_rate=1.0  logstd=-1.493  clipfrac=0.27  t= 213.9s  stage=0(vx=0.00)
iter   91/195  step=  186368  ep_return=    5.58  ep_len=  33.0  fall_rate=1.0  logstd=-1.495  clipfrac=0.28  t= 216.6s  stage=0(vx=0.00)
iter   92/195  step=  188416  ep_return=    4.06  ep_len=  34.2  fall_rate=1.0  logstd=-1.495  clipfrac=0.25  t= 219.1s  stage=0(vx=0.00)
iter   93/195  step=  190464  ep_return=    8.77  ep_len=  40.2  fall_rate=1.0  logstd=-1.495  clipfrac=0.28  t= 221.6s  stage=0(vx=0.00)
iter   94/195  step=  192512  ep_return=    2.74  ep_len=  35.5  fall_rate=1.0  logstd=-1.495  clipfrac=0.25  t= 223.7s  stage=0(vx=0.00)
iter   95/195  step=  194560  ep_return=    8.50  ep_len=  34.1  fall_rate=1.0  logstd=-1.497  clipfrac=0.26  t= 226.0s  stage=0(vx=0.00)
iter   96/195  step=  196608  ep_return=    5.55  ep_len=  34.3  fall_rate=1.0  logstd=-1.498  clipfrac=0.25  t= 228.4s  stage=0(vx=0.00)
iter   97/195  step=  198656  ep_return=    6.79  ep_len=  36.4  fall_rate=1.0  logstd=-1.498  clipfrac=0.27  t= 230.7s  stage=0(vx=0.00)
iter   98/195  step=  200704  ep_return=    5.49  ep_len=  34.6  fall_rate=1.0  logstd=-1.498  clipfrac=0.27  t= 233.2s  stage=0(vx=0.00)
iter   99/195  step=  202752  ep_return=    7.61  ep_len=  37.1  fall_rate=1.0  logstd=-1.499  clipfrac=0.26  t= 235.5s  stage=0(vx=0.00)
iter  100/195  step=  204800  ep_return=    4.73  ep_len=  33.8  fall_rate=1.0  logstd=-1.501  clipfrac=0.27  t= 238.1s  stage=0(vx=0.00)
iter  101/195  step=  206848  ep_return=    5.67  ep_len=  32.3  fall_rate=1.0  logstd=-1.503  clipfrac=0.26  t= 240.3s  stage=0(vx=0.00)
iter  102/195  step=  208896  ep_return=    6.56  ep_len=  37.5  fall_rate=1.0  logstd=-1.504  clipfrac=0.27  t= 242.8s  stage=0(vx=0.00)
iter  103/195  step=  210944  ep_return=    5.80  ep_len=  35.5  fall_rate=1.0  logstd=-1.504  clipfrac=0.28  t= 245.2s  stage=0(vx=0.00)
iter  104/195  step=  212992  ep_return=    7.71  ep_len=  35.1  fall_rate=1.0  logstd=-1.505  clipfrac=0.26  t= 247.5s  stage=0(vx=0.00)
iter  105/195  step=  215040  ep_return=    8.06  ep_len=  34.5  fall_rate=1.0  logstd=-1.506  clipfrac=0.26  t= 249.9s  stage=0(vx=0.00)
iter  106/195  step=  217088  ep_return=    3.92  ep_len=  34.3  fall_rate=1.0  logstd=-1.509  clipfrac=0.25  t= 252.7s  stage=0(vx=0.00)
iter  107/195  step=  219136  ep_return=    7.09  ep_len=  34.8  fall_rate=1.0  logstd=-1.510  clipfrac=0.24  t= 255.2s  stage=0(vx=0.00)
iter  108/195  step=  221184  ep_return=    7.28  ep_len=  34.2  fall_rate=1.0  logstd=-1.510  clipfrac=0.25  t= 257.6s  stage=0(vx=0.00)
iter  109/195  step=  223232  ep_return=    7.40  ep_len=  36.3  fall_rate=1.0  logstd=-1.512  clipfrac=0.23  t= 260.3s  stage=0(vx=0.00)
iter  110/195  step=  225280  ep_return=    5.81  ep_len=  33.6  fall_rate=1.0  logstd=-1.512  clipfrac=0.26  t= 262.6s  stage=0(vx=0.00)
iter  111/195  step=  227328  ep_return=    7.00  ep_len=  31.5  fall_rate=1.0  logstd=-1.512  clipfrac=0.25  t= 264.9s  stage=0(vx=0.00)
iter  112/195  step=  229376  ep_return=    5.71  ep_len=  35.5  fall_rate=1.0  logstd=-1.513  clipfrac=0.24  t= 267.5s  stage=0(vx=0.00)
iter  113/195  step=  231424  ep_return=    5.87  ep_len=  34.6  fall_rate=1.0  logstd=-1.513  clipfrac=0.20  t= 270.1s  stage=0(vx=0.00)
iter  114/195  step=  233472  ep_return=    3.88  ep_len=  34.4  fall_rate=1.0  logstd=-1.514  clipfrac=0.23  t= 272.3s  stage=0(vx=0.00)
iter  115/195  step=  235520  ep_return=    6.94  ep_len=  34.5  fall_rate=1.0  logstd=-1.514  clipfrac=0.23  t= 274.7s  stage=0(vx=0.00)
iter  116/195  step=  237568  ep_return=    7.44  ep_len=  36.1  fall_rate=1.0  logstd=-1.515  clipfrac=0.23  t= 277.3s  stage=0(vx=0.00)
iter  117/195  step=  239616  ep_return=    7.59  ep_len=  37.2  fall_rate=1.0  logstd=-1.514  clipfrac=0.23  t= 279.9s  stage=0(vx=0.00)
iter  118/195  step=  241664  ep_return=    7.33  ep_len=  34.6  fall_rate=1.0  logstd=-1.516  clipfrac=0.23  t= 282.5s  stage=0(vx=0.00)
iter  119/195  step=  243712  ep_return=    5.68  ep_len=  34.9  fall_rate=1.0  logstd=-1.517  clipfrac=0.22  t= 284.7s  stage=0(vx=0.00)
iter  120/195  step=  245760  ep_return=    5.92  ep_len=  33.4  fall_rate=1.0  logstd=-1.518  clipfrac=0.25  t= 287.4s  stage=0(vx=0.00)
iter  121/195  step=  247808  ep_return=    8.51  ep_len=  33.7  fall_rate=1.0  logstd=-1.519  clipfrac=0.24  t= 289.8s  stage=0(vx=0.00)
iter  122/195  step=  249856  ep_return=    6.74  ep_len=  34.0  fall_rate=1.0  logstd=-1.520  clipfrac=0.22  t= 291.9s  stage=0(vx=0.00)
iter  123/195  step=  251904  ep_return=    7.18  ep_len=  37.4  fall_rate=1.0  logstd=-1.522  clipfrac=0.22  t= 294.0s  stage=0(vx=0.00)
iter  124/195  step=  253952  ep_return=    6.19  ep_len=  33.5  fall_rate=1.0  logstd=-1.522  clipfrac=0.22  t= 296.1s  stage=0(vx=0.00)
iter  125/195  step=  256000  ep_return=    6.54  ep_len=  34.5  fall_rate=1.0  logstd=-1.524  clipfrac=0.23  t= 298.5s  stage=0(vx=0.00)
iter  126/195  step=  258048  ep_return=    6.22  ep_len=  33.4  fall_rate=1.0  logstd=-1.524  clipfrac=0.23  t= 300.7s  stage=0(vx=0.00)
iter  127/195  step=  260096  ep_return=    7.93  ep_len=  36.7  fall_rate=1.0  logstd=-1.526  clipfrac=0.24  t= 303.5s  stage=0(vx=0.00)
iter  128/195  step=  262144  ep_return=    5.56  ep_len=  34.5  fall_rate=1.0  logstd=-1.527  clipfrac=0.22  t= 306.0s  stage=0(vx=0.00)
iter  129/195  step=  264192  ep_return=    6.62  ep_len=  33.1  fall_rate=1.0  logstd=-1.528  clipfrac=0.24  t= 308.9s  stage=0(vx=0.00)
iter  130/195  step=  266240  ep_return=    7.11  ep_len=  34.6  fall_rate=1.0  logstd=-1.529  clipfrac=0.21  t= 311.4s  stage=0(vx=0.00)
iter  131/195  step=  268288  ep_return=    4.97  ep_len=  32.2  fall_rate=1.0  logstd=-1.529  clipfrac=0.23  t= 314.0s  stage=0(vx=0.00)
iter  132/195  step=  270336  ep_return=    4.47  ep_len=  35.2  fall_rate=1.0  logstd=-1.529  clipfrac=0.22  t= 316.9s  stage=0(vx=0.00)
iter  133/195  step=  272384  ep_return=    6.84  ep_len=  37.8  fall_rate=1.0  logstd=-1.530  clipfrac=0.21  t= 319.2s  stage=0(vx=0.00)
iter  134/195  step=  274432  ep_return=    9.43  ep_len=  33.5  fall_rate=1.0  logstd=-1.531  clipfrac=0.20  t= 321.5s  stage=0(vx=0.00)
iter  135/195  step=  276480  ep_return=    6.43  ep_len=  32.6  fall_rate=1.0  logstd=-1.531  clipfrac=0.19  t= 323.9s  stage=0(vx=0.00)
iter  136/195  step=  278528  ep_return=    6.17  ep_len=  32.1  fall_rate=1.0  logstd=-1.532  clipfrac=0.20  t= 326.2s  stage=0(vx=0.00)
iter  137/195  step=  280576  ep_return=    4.33  ep_len=  31.3  fall_rate=1.0  logstd=-1.532  clipfrac=0.20  t= 328.5s  stage=0(vx=0.00)
iter  138/195  step=  282624  ep_return=    6.07  ep_len=  35.7  fall_rate=1.0  logstd=-1.533  clipfrac=0.20  t= 330.7s  stage=0(vx=0.00)
iter  139/195  step=  284672  ep_return=    4.77  ep_len=  34.3  fall_rate=1.0  logstd=-1.533  clipfrac=0.18  t= 333.3s  stage=0(vx=0.00)
iter  140/195  step=  286720  ep_return=    5.76  ep_len=  35.8  fall_rate=1.0  logstd=-1.534  clipfrac=0.19  t= 336.1s  stage=0(vx=0.00)
iter  141/195  step=  288768  ep_return=    8.63  ep_len=  34.6  fall_rate=1.0  logstd=-1.534  clipfrac=0.20  t= 338.5s  stage=0(vx=0.00)
iter  142/195  step=  290816  ep_return=    9.33  ep_len=  36.4  fall_rate=1.0  logstd=-1.534  clipfrac=0.21  t= 340.8s  stage=0(vx=0.00)
iter  143/195  step=  292864  ep_return=    5.12  ep_len=  32.2  fall_rate=1.0  logstd=-1.535  clipfrac=0.16  t= 343.4s  stage=0(vx=0.00)
iter  144/195  step=  294912  ep_return=    6.68  ep_len=  34.4  fall_rate=1.0  logstd=-1.535  clipfrac=0.16  t= 345.5s  stage=0(vx=0.00)
iter  145/195  step=  296960  ep_return=    7.26  ep_len=  33.2  fall_rate=1.0  logstd=-1.536  clipfrac=0.17  t= 347.7s  stage=0(vx=0.00)
iter  146/195  step=  299008  ep_return=    8.65  ep_len=  36.0  fall_rate=1.0  logstd=-1.536  clipfrac=0.17  t= 349.9s  stage=0(vx=0.00)
iter  147/195  step=  301056  ep_return=    7.11  ep_len=  36.1  fall_rate=1.0  logstd=-1.537  clipfrac=0.18  t= 352.4s  stage=0(vx=0.00)
iter  148/195  step=  303104  ep_return=    7.52  ep_len=  36.6  fall_rate=1.0  logstd=-1.537  clipfrac=0.16  t= 355.0s  stage=0(vx=0.00)
iter  149/195  step=  305152  ep_return=    4.70  ep_len=  35.0  fall_rate=1.0  logstd=-1.538  clipfrac=0.17  t= 357.6s  stage=0(vx=0.00)
iter  150/195  step=  307200  ep_return=    7.14  ep_len=  34.3  fall_rate=1.0  logstd=-1.539  clipfrac=0.16  t= 360.2s  stage=0(vx=0.00)
iter  151/195  step=  309248  ep_return=    7.54  ep_len=  33.7  fall_rate=1.0  logstd=-1.540  clipfrac=0.14  t= 362.5s  stage=0(vx=0.00)
iter  152/195  step=  311296  ep_return=    2.70  ep_len=  34.2  fall_rate=1.0  logstd=-1.540  clipfrac=0.15  t= 364.8s  stage=0(vx=0.00)
iter  153/195  step=  313344  ep_return=    5.39  ep_len=  34.5  fall_rate=1.0  logstd=-1.541  clipfrac=0.16  t= 367.0s  stage=0(vx=0.00)
iter  154/195  step=  315392  ep_return=    6.65  ep_len=  37.1  fall_rate=1.0  logstd=-1.542  clipfrac=0.15  t= 369.3s  stage=0(vx=0.00)
iter  155/195  step=  317440  ep_return=    6.56  ep_len=  35.4  fall_rate=1.0  logstd=-1.542  clipfrac=0.15  t= 371.6s  stage=0(vx=0.00)
iter  156/195  step=  319488  ep_return=    8.36  ep_len=  33.5  fall_rate=1.0  logstd=-1.541  clipfrac=0.14  t= 373.9s  stage=0(vx=0.00)
iter  157/195  step=  321536  ep_return=    8.71  ep_len=  33.7  fall_rate=1.0  logstd=-1.542  clipfrac=0.13  t= 376.4s  stage=0(vx=0.00)
iter  158/195  step=  323584  ep_return=    6.53  ep_len=  35.1  fall_rate=1.0  logstd=-1.542  clipfrac=0.15  t= 378.8s  stage=0(vx=0.00)
iter  159/195  step=  325632  ep_return=    5.52  ep_len=  35.0  fall_rate=1.0  logstd=-1.543  clipfrac=0.14  t= 381.1s  stage=0(vx=0.00)
iter  160/195  step=  327680  ep_return=    9.90  ep_len=  34.3  fall_rate=1.0  logstd=-1.543  clipfrac=0.14  t= 384.0s  stage=0(vx=0.00)
iter  161/195  step=  329728  ep_return=    6.54  ep_len=  36.5  fall_rate=1.0  logstd=-1.543  clipfrac=0.13  t= 386.4s  stage=0(vx=0.00)
iter  162/195  step=  331776  ep_return=    7.39  ep_len=  35.2  fall_rate=1.0  logstd=-1.542  clipfrac=0.14  t= 388.9s  stage=0(vx=0.00)
iter  163/195  step=  333824  ep_return=    6.50  ep_len=  34.0  fall_rate=1.0  logstd=-1.543  clipfrac=0.14  t= 391.0s  stage=0(vx=0.00)
iter  164/195  step=  335872  ep_return=    8.52  ep_len=  34.9  fall_rate=1.0  logstd=-1.543  clipfrac=0.12  t= 393.2s  stage=0(vx=0.00)
iter  165/195  step=  337920  ep_return=    8.03  ep_len=  32.6  fall_rate=1.0  logstd=-1.543  clipfrac=0.12  t= 395.5s  stage=0(vx=0.00)
iter  166/195  step=  339968  ep_return=    6.67  ep_len=  35.3  fall_rate=1.0  logstd=-1.543  clipfrac=0.11  t= 397.7s  stage=0(vx=0.00)
iter  167/195  step=  342016  ep_return=    9.21  ep_len=  36.2  fall_rate=1.0  logstd=-1.544  clipfrac=0.13  t= 399.9s  stage=0(vx=0.00)
iter  168/195  step=  344064  ep_return=    5.85  ep_len=  34.6  fall_rate=1.0  logstd=-1.544  clipfrac=0.11  t= 402.2s  stage=0(vx=0.00)
iter  169/195  step=  346112  ep_return=    8.70  ep_len=  34.2  fall_rate=1.0  logstd=-1.544  clipfrac=0.14  t= 404.5s  stage=0(vx=0.00)
iter  170/195  step=  348160  ep_return=   10.71  ep_len=  36.4  fall_rate=1.0  logstd=-1.544  clipfrac=0.08  t= 407.0s  stage=0(vx=0.00)
iter  171/195  step=  350208  ep_return=    7.82  ep_len=  31.3  fall_rate=1.0  logstd=-1.544  clipfrac=0.10  t= 409.5s  stage=0(vx=0.00)
iter  172/195  step=  352256  ep_return=    7.44  ep_len=  34.0  fall_rate=1.0  logstd=-1.544  clipfrac=0.07  t= 412.0s  stage=0(vx=0.00)
iter  173/195  step=  354304  ep_return=    6.29  ep_len=  34.2  fall_rate=1.0  logstd=-1.544  clipfrac=0.08  t= 414.4s  stage=0(vx=0.00)
iter  174/195  step=  356352  ep_return=    9.25  ep_len=  36.0  fall_rate=1.0  logstd=-1.545  clipfrac=0.08  t= 416.7s  stage=0(vx=0.00)
iter  175/195  step=  358400  ep_return=    9.25  ep_len=  35.7  fall_rate=1.0  logstd=-1.546  clipfrac=0.09  t= 419.1s  stage=0(vx=0.00)
iter  176/195  step=  360448  ep_return=    7.80  ep_len=  35.5  fall_rate=1.0  logstd=-1.546  clipfrac=0.09  t= 421.3s  stage=0(vx=0.00)
iter  177/195  step=  362496  ep_return=    4.83  ep_len=  35.5  fall_rate=1.0  logstd=-1.546  clipfrac=0.07  t= 423.5s  stage=0(vx=0.00)
iter  178/195  step=  364544  ep_return=    8.99  ep_len=  37.9  fall_rate=1.0  logstd=-1.546  clipfrac=0.07  t= 426.1s  stage=0(vx=0.00)
iter  179/195  step=  366592  ep_return=    7.03  ep_len=  35.8  fall_rate=1.0  logstd=-1.547  clipfrac=0.06  t= 428.4s  stage=0(vx=0.00)
iter  180/195  step=  368640  ep_return=    5.32  ep_len=  36.2  fall_rate=1.0  logstd=-1.547  clipfrac=0.05  t= 431.1s  stage=0(vx=0.00)
iter  181/195  step=  370688  ep_return=    6.24  ep_len=  36.7  fall_rate=1.0  logstd=-1.547  clipfrac=0.05  t= 433.9s  stage=0(vx=0.00)
iter  182/195  step=  372736  ep_return=    7.14  ep_len=  36.9  fall_rate=1.0  logstd=-1.547  clipfrac=0.05  t= 436.6s  stage=0(vx=0.00)
iter  183/195  step=  374784  ep_return=    6.78  ep_len=  35.5  fall_rate=1.0  logstd=-1.547  clipfrac=0.04  t= 439.4s  stage=0(vx=0.00)
iter  184/195  step=  376832  ep_return=    6.36  ep_len=  33.7  fall_rate=1.0  logstd=-1.547  clipfrac=0.04  t= 441.6s  stage=0(vx=0.00)
iter  185/195  step=  378880  ep_return=    8.90  ep_len=  36.8  fall_rate=1.0  logstd=-1.548  clipfrac=0.04  t= 444.1s  stage=0(vx=0.00)
iter  186/195  step=  380928  ep_return=    8.69  ep_len=  37.0  fall_rate=1.0  logstd=-1.548  clipfrac=0.02  t= 446.8s  stage=0(vx=0.00)
iter  187/195  step=  382976  ep_return=    8.57  ep_len=  34.1  fall_rate=1.0  logstd=-1.548  clipfrac=0.03  t= 448.9s  stage=0(vx=0.00)
iter  188/195  step=  385024  ep_return=    6.25  ep_len=  38.0  fall_rate=1.0  logstd=-1.548  clipfrac=0.02  t= 451.1s  stage=0(vx=0.00)
iter  189/195  step=  387072  ep_return=    8.95  ep_len=  35.8  fall_rate=1.0  logstd=-1.548  clipfrac=0.01  t= 453.2s  stage=0(vx=0.00)
iter  190/195  step=  389120  ep_return=    7.79  ep_len=  35.0  fall_rate=1.0  logstd=-1.548  clipfrac=0.01  t= 455.5s  stage=0(vx=0.00)
iter  191/195  step=  391168  ep_return=    7.46  ep_len=  34.9  fall_rate=1.0  logstd=-1.548  clipfrac=0.00  t= 458.3s  stage=0(vx=0.00)
iter  192/195  step=  393216  ep_return=    6.96  ep_len=  33.6  fall_rate=1.0  logstd=-1.548  clipfrac=0.00  t= 460.6s  stage=0(vx=0.00)
iter  193/195  step=  395264  ep_return=    8.70  ep_len=  34.8  fall_rate=1.0  logstd=-1.548  clipfrac=0.00  t= 463.2s  stage=0(vx=0.00)
iter  194/195  step=  397312  ep_return=    7.81  ep_len=  34.1  fall_rate=1.0  logstd=-1.548  clipfrac=0.00  t= 465.3s  stage=0(vx=0.00)
iter  195/195  step=  399360  ep_return=    8.03  ep_len=  33.9  fall_rate=1.0  logstd=-1.548  clipfrac=0.00  t= 467.5s  stage=0(vx=0.00)

CURRICULUM DID NOT COMPLETE: stuck at stage 0 (desired_vx=0.000) of 4 stages after the full 400000 step budget. This is itself the result -- report where it got stuck, not just whether it finished.
saved checkpoint -> /home/elida_sensoy/cara_robot/cara_robot/cara_description/runs/u26_reward_comparison/branchA_unchanged.pt
