curriculum ON: stages=[0.0, 0.03, 0.06, 0.1]  advance when the last 30 episodes average >= 80% of 200 steps AND fall_rate <= 30%, after at least 100000 steps in the current stage.
iter    1/390  step=    2048  ep_return=   -2.48  ep_len=  23.5  fall_rate=1.0  clipfrac=0.24  t=   2.9s  stage=0(vx=0.00)
iter    2/390  step=    4096  ep_return=   -2.65  ep_len=  26.3  fall_rate=1.0  clipfrac=0.20  t=   5.7s  stage=0(vx=0.00)
iter    3/390  step=    6144  ep_return=    0.18  ep_len=  24.2  fall_rate=1.0  clipfrac=0.20  t=   8.3s  stage=0(vx=0.00)
iter    4/390  step=    8192  ep_return=   -2.02  ep_len=  26.6  fall_rate=1.0  clipfrac=0.20  t=  11.2s  stage=0(vx=0.00)
iter    5/390  step=   10240  ep_return=   -4.38  ep_len=  25.5  fall_rate=1.0  clipfrac=0.22  t=  13.2s  stage=0(vx=0.00)
iter    6/390  step=   12288  ep_return=   -2.19  ep_len=  27.0  fall_rate=1.0  clipfrac=0.21  t=  15.6s  stage=0(vx=0.00)
iter    7/390  step=   14336  ep_return=   -2.40  ep_len=  25.9  fall_rate=1.0  clipfrac=0.22  t=  18.5s  stage=0(vx=0.00)
iter    8/390  step=   16384  ep_return=   -1.33  ep_len=  25.4  fall_rate=1.0  clipfrac=0.22  t=  20.7s  stage=0(vx=0.00)
iter    9/390  step=   18432  ep_return=   -2.44  ep_len=  24.8  fall_rate=1.0  clipfrac=0.23  t=  23.1s  stage=0(vx=0.00)
iter   10/390  step=   20480  ep_return=   -1.29  ep_len=  26.5  fall_rate=1.0  clipfrac=0.23  t=  25.7s  stage=0(vx=0.00)
iter   11/390  step=   22528  ep_return=   -0.13  ep_len=  26.8  fall_rate=1.0  clipfrac=0.22  t=  28.7s  stage=0(vx=0.00)
iter   12/390  step=   24576  ep_return=   -2.03  ep_len=  24.8  fall_rate=1.0  clipfrac=0.24  t=  30.7s  stage=0(vx=0.00)
iter   13/390  step=   26624  ep_return=   -3.71  ep_len=  24.4  fall_rate=1.0  clipfrac=0.23  t=  33.3s  stage=0(vx=0.00)
iter   14/390  step=   28672  ep_return=   -1.70  ep_len=  24.2  fall_rate=1.0  clipfrac=0.23  t=  35.7s  stage=0(vx=0.00)
iter   15/390  step=   30720  ep_return=   -3.39  ep_len=  25.9  fall_rate=1.0  clipfrac=0.22  t=  37.7s  stage=0(vx=0.00)
iter   16/390  step=   32768  ep_return=   -1.01  ep_len=  23.9  fall_rate=1.0  clipfrac=0.21  t=  39.8s  stage=0(vx=0.00)
iter   17/390  step=   34816  ep_return=   -2.67  ep_len=  24.3  fall_rate=1.0  clipfrac=0.23  t=  42.6s  stage=0(vx=0.00)
iter   18/390  step=   36864  ep_return=   -0.78  ep_len=  25.7  fall_rate=1.0  clipfrac=0.23  t=  45.9s  stage=0(vx=0.00)
iter   19/390  step=   38912  ep_return=   -1.69  ep_len=  25.7  fall_rate=1.0  clipfrac=0.23  t=  48.3s  stage=0(vx=0.00)
iter   20/390  step=   40960  ep_return=   -0.07  ep_len=  24.8  fall_rate=1.0  clipfrac=0.23  t=  50.6s  stage=0(vx=0.00)
iter   21/390  step=   43008  ep_return=    0.05  ep_len=  25.2  fall_rate=1.0  clipfrac=0.23  t=  52.7s  stage=0(vx=0.00)
iter   22/390  step=   45056  ep_return=   -0.20  ep_len=  25.3  fall_rate=1.0  clipfrac=0.22  t=  55.2s  stage=0(vx=0.00)
iter   23/390  step=   47104  ep_return=   -0.82  ep_len=  24.6  fall_rate=1.0  clipfrac=0.22  t=  58.1s  stage=0(vx=0.00)
iter   24/390  step=   49152  ep_return=   -2.27  ep_len=  27.1  fall_rate=1.0  clipfrac=0.24  t=  60.2s  stage=0(vx=0.00)
iter   25/390  step=   51200  ep_return=   -3.24  ep_len=  26.4  fall_rate=1.0  clipfrac=0.25  t=  62.2s  stage=0(vx=0.00)
iter   26/390  step=   53248  ep_return=   -1.11  ep_len=  24.8  fall_rate=1.0  clipfrac=0.26  t=  64.3s  stage=0(vx=0.00)
iter   27/390  step=   55296  ep_return=   -3.24  ep_len=  24.7  fall_rate=1.0  clipfrac=0.23  t=  66.3s  stage=0(vx=0.00)
iter   28/390  step=   57344  ep_return=   -0.59  ep_len=  24.9  fall_rate=1.0  clipfrac=0.26  t=  68.8s  stage=0(vx=0.00)
iter   29/390  step=   59392  ep_return=    0.43  ep_len=  25.6  fall_rate=1.0  clipfrac=0.25  t=  71.2s  stage=0(vx=0.00)
iter   30/390  step=   61440  ep_return=   -2.24  ep_len=  24.7  fall_rate=1.0  clipfrac=0.24  t=  73.5s  stage=0(vx=0.00)
iter   31/390  step=   63488  ep_return=   -2.16  ep_len=  25.1  fall_rate=1.0  clipfrac=0.24  t=  76.3s  stage=0(vx=0.00)
iter   32/390  step=   65536  ep_return=   -2.49  ep_len=  24.5  fall_rate=1.0  clipfrac=0.23  t=  78.4s  stage=0(vx=0.00)
iter   33/390  step=   67584  ep_return=   -2.59  ep_len=  25.1  fall_rate=1.0  clipfrac=0.27  t=  80.8s  stage=0(vx=0.00)
iter   34/390  step=   69632  ep_return=    1.30  ep_len=  26.4  fall_rate=1.0  clipfrac=0.23  t=  82.9s  stage=0(vx=0.00)
iter   35/390  step=   71680  ep_return=    0.59  ep_len=  26.9  fall_rate=1.0  clipfrac=0.25  t=  85.4s  stage=0(vx=0.00)
iter   36/390  step=   73728  ep_return=   -1.08  ep_len=  27.2  fall_rate=1.0  clipfrac=0.26  t=  87.4s  stage=0(vx=0.00)
iter   37/390  step=   75776  ep_return=   -1.63  ep_len=  24.8  fall_rate=1.0  clipfrac=0.24  t=  89.5s  stage=0(vx=0.00)
iter   38/390  step=   77824  ep_return=   -2.13  ep_len=  26.7  fall_rate=1.0  clipfrac=0.24  t=  91.9s  stage=0(vx=0.00)
iter   39/390  step=   79872  ep_return=   -0.35  ep_len=  26.0  fall_rate=1.0  clipfrac=0.24  t=  94.6s  stage=0(vx=0.00)
iter   40/390  step=   81920  ep_return=   -1.75  ep_len=  26.8  fall_rate=1.0  clipfrac=0.24  t=  96.7s  stage=0(vx=0.00)
iter   41/390  step=   83968  ep_return=    0.11  ep_len=  28.1  fall_rate=1.0  clipfrac=0.24  t=  99.1s  stage=0(vx=0.00)
iter   42/390  step=   86016  ep_return=   -1.13  ep_len=  26.2  fall_rate=1.0  clipfrac=0.24  t= 101.4s  stage=0(vx=0.00)
iter   43/390  step=   88064  ep_return=   -0.54  ep_len=  25.2  fall_rate=1.0  clipfrac=0.24  t= 104.0s  stage=0(vx=0.00)
iter   44/390  step=   90112  ep_return=   -1.65  ep_len=  25.5  fall_rate=1.0  clipfrac=0.21  t= 106.3s  stage=0(vx=0.00)
iter   45/390  step=   92160  ep_return=   -0.10  ep_len=  25.9  fall_rate=1.0  clipfrac=0.26  t= 109.1s  stage=0(vx=0.00)
iter   46/390  step=   94208  ep_return=   -1.53  ep_len=  25.9  fall_rate=1.0  clipfrac=0.21  t= 112.2s  stage=0(vx=0.00)
iter   47/390  step=   96256  ep_return=   -1.11  ep_len=  27.6  fall_rate=1.0  clipfrac=0.27  t= 114.6s  stage=0(vx=0.00)
iter   48/390  step=   98304  ep_return=   -0.14  ep_len=  24.6  fall_rate=1.0  clipfrac=0.25  t= 117.2s  stage=0(vx=0.00)
iter   49/390  step=  100352  ep_return=   -3.84  ep_len=  23.2  fall_rate=1.0  clipfrac=0.27  t= 119.3s  stage=0(vx=0.00)
iter   50/390  step=  102400  ep_return=   -0.43  ep_len=  25.0  fall_rate=1.0  clipfrac=0.26  t= 121.3s  stage=0(vx=0.00)
iter   51/390  step=  104448  ep_return=   -0.60  ep_len=  27.3  fall_rate=1.0  clipfrac=0.26  t= 124.0s  stage=0(vx=0.00)
iter   52/390  step=  106496  ep_return=   -1.73  ep_len=  27.9  fall_rate=1.0  clipfrac=0.25  t= 126.6s  stage=0(vx=0.00)
iter   53/390  step=  108544  ep_return=   -1.68  ep_len=  27.6  fall_rate=1.0  clipfrac=0.23  t= 128.4s  stage=0(vx=0.00)
iter   54/390  step=  110592  ep_return=   -1.94  ep_len=  25.7  fall_rate=1.0  clipfrac=0.23  t= 130.7s  stage=0(vx=0.00)
iter   55/390  step=  112640  ep_return=   -2.80  ep_len=  24.2  fall_rate=1.0  clipfrac=0.23  t= 133.0s  stage=0(vx=0.00)
iter   56/390  step=  114688  ep_return=    0.58  ep_len=  27.8  fall_rate=1.0  clipfrac=0.28  t= 135.0s  stage=0(vx=0.00)
iter   57/390  step=  116736  ep_return=    0.28  ep_len=  27.3  fall_rate=1.0  clipfrac=0.27  t= 137.5s  stage=0(vx=0.00)
iter   58/390  step=  118784  ep_return=   -1.94  ep_len=  26.5  fall_rate=1.0  clipfrac=0.26  t= 139.7s  stage=0(vx=0.00)
iter   59/390  step=  120832  ep_return=   -2.85  ep_len=  24.4  fall_rate=1.0  clipfrac=0.26  t= 142.0s  stage=0(vx=0.00)
iter   60/390  step=  122880  ep_return=    1.20  ep_len=  28.4  fall_rate=1.0  clipfrac=0.26  t= 144.3s  stage=0(vx=0.00)
iter   61/390  step=  124928  ep_return=   -0.96  ep_len=  27.1  fall_rate=1.0  clipfrac=0.26  t= 147.0s  stage=0(vx=0.00)
iter   62/390  step=  126976  ep_return=   -0.09  ep_len=  26.0  fall_rate=1.0  clipfrac=0.27  t= 149.9s  stage=0(vx=0.00)
iter   63/390  step=  129024  ep_return=   -1.40  ep_len=  26.8  fall_rate=1.0  clipfrac=0.29  t= 152.6s  stage=0(vx=0.00)
iter   64/390  step=  131072  ep_return=    0.19  ep_len=  28.6  fall_rate=1.0  clipfrac=0.29  t= 158.4s  stage=0(vx=0.00)
iter   65/390  step=  133120  ep_return=    1.50  ep_len=  27.8  fall_rate=1.0  clipfrac=0.25  t= 160.6s  stage=0(vx=0.00)
iter   66/390  step=  135168  ep_return=    1.38  ep_len=  27.1  fall_rate=1.0  clipfrac=0.23  t= 162.8s  stage=0(vx=0.00)
iter   67/390  step=  137216  ep_return=    0.31  ep_len=  25.6  fall_rate=1.0  clipfrac=0.27  t= 165.7s  stage=0(vx=0.00)
iter   68/390  step=  139264  ep_return=   -0.47  ep_len=  25.5  fall_rate=1.0  clipfrac=0.25  t= 168.2s  stage=0(vx=0.00)
iter   69/390  step=  141312  ep_return=   -0.28  ep_len=  27.9  fall_rate=1.0  clipfrac=0.29  t= 170.7s  stage=0(vx=0.00)
iter   70/390  step=  143360  ep_return=   -0.58  ep_len=  27.8  fall_rate=1.0  clipfrac=0.25  t= 173.2s  stage=0(vx=0.00)
iter   71/390  step=  145408  ep_return=    0.33  ep_len=  29.8  fall_rate=1.0  clipfrac=0.26  t= 175.7s  stage=0(vx=0.00)
iter   72/390  step=  147456  ep_return=    2.00  ep_len=  26.9  fall_rate=1.0  clipfrac=0.26  t= 178.6s  stage=0(vx=0.00)
iter   73/390  step=  149504  ep_return=    0.53  ep_len=  26.7  fall_rate=1.0  clipfrac=0.28  t= 181.3s  stage=0(vx=0.00)
iter   74/390  step=  151552  ep_return=   -0.62  ep_len=  27.1  fall_rate=1.0  clipfrac=0.25  t= 183.4s  stage=0(vx=0.00)
iter   75/390  step=  153600  ep_return=   -1.25  ep_len=  27.8  fall_rate=1.0  clipfrac=0.27  t= 186.0s  stage=0(vx=0.00)
iter   76/390  step=  155648  ep_return=   -0.81  ep_len=  27.2  fall_rate=1.0  clipfrac=0.25  t= 187.9s  stage=0(vx=0.00)
iter   77/390  step=  157696  ep_return=    1.23  ep_len=  26.5  fall_rate=1.0  clipfrac=0.26  t= 190.6s  stage=0(vx=0.00)
iter   78/390  step=  159744  ep_return=    2.68  ep_len=  28.1  fall_rate=1.0  clipfrac=0.27  t= 192.8s  stage=0(vx=0.00)
iter   79/390  step=  161792  ep_return=    0.61  ep_len=  26.7  fall_rate=1.0  clipfrac=0.25  t= 195.1s  stage=0(vx=0.00)
iter   80/390  step=  163840  ep_return=   -0.11  ep_len=  27.4  fall_rate=1.0  clipfrac=0.27  t= 197.8s  stage=0(vx=0.00)
iter   81/390  step=  165888  ep_return=    0.55  ep_len=  30.9  fall_rate=1.0  clipfrac=0.24  t= 200.0s  stage=0(vx=0.00)
iter   82/390  step=  167936  ep_return=    0.97  ep_len=  26.1  fall_rate=1.0  clipfrac=0.28  t= 202.3s  stage=0(vx=0.00)
iter   83/390  step=  169984  ep_return=    0.44  ep_len=  26.3  fall_rate=1.0  clipfrac=0.26  t= 204.8s  stage=0(vx=0.00)
iter   84/390  step=  172032  ep_return=    3.05  ep_len=  26.5  fall_rate=1.0  clipfrac=0.25  t= 206.8s  stage=0(vx=0.00)
iter   85/390  step=  174080  ep_return=   -1.23  ep_len=  26.9  fall_rate=1.0  clipfrac=0.24  t= 208.7s  stage=0(vx=0.00)
iter   86/390  step=  176128  ep_return=    0.14  ep_len=  26.6  fall_rate=1.0  clipfrac=0.24  t= 210.7s  stage=0(vx=0.00)
iter   87/390  step=  178176  ep_return=    1.14  ep_len=  28.1  fall_rate=1.0  clipfrac=0.26  t= 212.7s  stage=0(vx=0.00)
iter   88/390  step=  180224  ep_return=   -1.67  ep_len=  26.7  fall_rate=1.0  clipfrac=0.26  t= 215.0s  stage=0(vx=0.00)
iter   89/390  step=  182272  ep_return=   -0.62  ep_len=  27.8  fall_rate=1.0  clipfrac=0.26  t= 217.4s  stage=0(vx=0.00)
iter   90/390  step=  184320  ep_return=   -0.01  ep_len=  29.7  fall_rate=1.0  clipfrac=0.24  t= 219.4s  stage=0(vx=0.00)
iter   91/390  step=  186368  ep_return=    2.86  ep_len=  30.0  fall_rate=1.0  clipfrac=0.25  t= 222.0s  stage=0(vx=0.00)
iter   92/390  step=  188416  ep_return=   -0.78  ep_len=  27.7  fall_rate=1.0  clipfrac=0.24  t= 224.8s  stage=0(vx=0.00)
iter   93/390  step=  190464  ep_return=   -3.57  ep_len=  26.4  fall_rate=1.0  clipfrac=0.29  t= 227.2s  stage=0(vx=0.00)
iter   94/390  step=  192512  ep_return=   -1.48  ep_len=  28.5  fall_rate=1.0  clipfrac=0.27  t= 230.0s  stage=0(vx=0.00)
iter   95/390  step=  194560  ep_return=    0.29  ep_len=  26.6  fall_rate=1.0  clipfrac=0.25  t= 232.2s  stage=0(vx=0.00)
iter   96/390  step=  196608  ep_return=    2.58  ep_len=  28.0  fall_rate=1.0  clipfrac=0.25  t= 234.5s  stage=0(vx=0.00)
iter   97/390  step=  198656  ep_return=   -0.08  ep_len=  28.7  fall_rate=1.0  clipfrac=0.25  t= 237.2s  stage=0(vx=0.00)
iter   98/390  step=  200704  ep_return=   -0.55  ep_len=  27.5  fall_rate=1.0  clipfrac=0.24  t= 240.2s  stage=0(vx=0.00)
iter   99/390  step=  202752  ep_return=   -0.22  ep_len=  29.6  fall_rate=1.0  clipfrac=0.23  t= 242.3s  stage=0(vx=0.00)
iter  100/390  step=  204800  ep_return=   -2.00  ep_len=  26.5  fall_rate=1.0  clipfrac=0.25  t= 244.5s  stage=0(vx=0.00)
iter  101/390  step=  206848  ep_return=    0.24  ep_len=  29.1  fall_rate=1.0  clipfrac=0.28  t= 247.1s  stage=0(vx=0.00)
iter  102/390  step=  208896  ep_return=    1.15  ep_len=  28.4  fall_rate=1.0  clipfrac=0.24  t= 249.6s  stage=0(vx=0.00)
iter  103/390  step=  210944  ep_return=    1.77  ep_len=  27.5  fall_rate=1.0  clipfrac=0.27  t= 252.2s  stage=0(vx=0.00)
iter  104/390  step=  212992  ep_return=    0.17  ep_len=  28.7  fall_rate=1.0  clipfrac=0.24  t= 254.9s  stage=0(vx=0.00)
iter  105/390  step=  215040  ep_return=    1.48  ep_len=  25.7  fall_rate=1.0  clipfrac=0.28  t= 257.5s  stage=0(vx=0.00)
iter  106/390  step=  217088  ep_return=    1.75  ep_len=  30.1  fall_rate=1.0  clipfrac=0.24  t= 259.7s  stage=0(vx=0.00)
iter  107/390  step=  219136  ep_return=    0.25  ep_len=  27.1  fall_rate=1.0  clipfrac=0.27  t= 262.5s  stage=0(vx=0.00)
iter  108/390  step=  221184  ep_return=    1.60  ep_len=  26.4  fall_rate=1.0  clipfrac=0.27  t= 264.8s  stage=0(vx=0.00)
iter  109/390  step=  223232  ep_return=    1.64  ep_len=  27.6  fall_rate=1.0  clipfrac=0.26  t= 267.2s  stage=0(vx=0.00)
iter  110/390  step=  225280  ep_return=    4.48  ep_len=  28.0  fall_rate=1.0  clipfrac=0.28  t= 269.9s  stage=0(vx=0.00)
iter  111/390  step=  227328  ep_return=    2.39  ep_len=  27.3  fall_rate=1.0  clipfrac=0.27  t= 272.9s  stage=0(vx=0.00)
iter  112/390  step=  229376  ep_return=    2.58  ep_len=  26.2  fall_rate=1.0  clipfrac=0.28  t= 275.3s  stage=0(vx=0.00)
iter  113/390  step=  231424  ep_return=   -1.74  ep_len=  27.4  fall_rate=1.0  clipfrac=0.27  t= 277.8s  stage=0(vx=0.00)
iter  114/390  step=  233472  ep_return=    1.23  ep_len=  27.8  fall_rate=1.0  clipfrac=0.25  t= 280.7s  stage=0(vx=0.00)
iter  115/390  step=  235520  ep_return=    2.23  ep_len=  29.2  fall_rate=1.0  clipfrac=0.24  t= 282.7s  stage=0(vx=0.00)
iter  116/390  step=  237568  ep_return=    0.48  ep_len=  25.6  fall_rate=1.0  clipfrac=0.26  t= 285.6s  stage=0(vx=0.00)
iter  117/390  step=  239616  ep_return=    2.62  ep_len=  28.2  fall_rate=1.0  clipfrac=0.25  t= 287.9s  stage=0(vx=0.00)
iter  118/390  step=  241664  ep_return=    0.19  ep_len=  26.9  fall_rate=1.0  clipfrac=0.26  t= 290.6s  stage=0(vx=0.00)
iter  119/390  step=  243712  ep_return=    1.86  ep_len=  28.0  fall_rate=1.0  clipfrac=0.24  t= 293.3s  stage=0(vx=0.00)
iter  120/390  step=  245760  ep_return=    1.91  ep_len=  29.2  fall_rate=1.0  clipfrac=0.27  t= 296.0s  stage=0(vx=0.00)
iter  121/390  step=  247808  ep_return=    3.41  ep_len=  29.2  fall_rate=1.0  clipfrac=0.26  t= 299.0s  stage=0(vx=0.00)
iter  122/390  step=  249856  ep_return=    0.72  ep_len=  28.2  fall_rate=1.0  clipfrac=0.27  t= 301.8s  stage=0(vx=0.00)
iter  123/390  step=  251904  ep_return=    2.13  ep_len=  27.5  fall_rate=1.0  clipfrac=0.27  t= 304.6s  stage=0(vx=0.00)
iter  124/390  step=  253952  ep_return=    0.98  ep_len=  28.0  fall_rate=1.0  clipfrac=0.25  t= 307.5s  stage=0(vx=0.00)
iter  125/390  step=  256000  ep_return=   -0.13  ep_len=  27.3  fall_rate=1.0  clipfrac=0.24  t= 309.6s  stage=0(vx=0.00)
iter  126/390  step=  258048  ep_return=   -1.04  ep_len=  26.3  fall_rate=1.0  clipfrac=0.24  t= 312.3s  stage=0(vx=0.00)
iter  127/390  step=  260096  ep_return=    4.18  ep_len=  30.4  fall_rate=1.0  clipfrac=0.25  t= 314.4s  stage=0(vx=0.00)
iter  128/390  step=  262144  ep_return=    1.70  ep_len=  26.8  fall_rate=1.0  clipfrac=0.25  t= 316.4s  stage=0(vx=0.00)
iter  129/390  step=  264192  ep_return=    5.01  ep_len=  30.2  fall_rate=1.0  clipfrac=0.26  t= 318.2s  stage=0(vx=0.00)
iter  130/390  step=  266240  ep_return=    1.52  ep_len=  28.1  fall_rate=1.0  clipfrac=0.26  t= 320.2s  stage=0(vx=0.00)
iter  131/390  step=  268288  ep_return=    1.25  ep_len=  26.3  fall_rate=1.0  clipfrac=0.25  t= 322.4s  stage=0(vx=0.00)
iter  132/390  step=  270336  ep_return=    0.70  ep_len=  26.2  fall_rate=1.0  clipfrac=0.25  t= 324.4s  stage=0(vx=0.00)
iter  133/390  step=  272384  ep_return=    2.48  ep_len=  27.7  fall_rate=1.0  clipfrac=0.25  t= 326.4s  stage=0(vx=0.00)
iter  134/390  step=  274432  ep_return=   -0.47  ep_len=  24.9  fall_rate=1.0  clipfrac=0.24  t= 329.4s  stage=0(vx=0.00)
iter  135/390  step=  276480  ep_return=    1.62  ep_len=  25.3  fall_rate=1.0  clipfrac=0.26  t= 331.3s  stage=0(vx=0.00)
iter  136/390  step=  278528  ep_return=    1.24  ep_len=  27.6  fall_rate=1.0  clipfrac=0.25  t= 333.3s  stage=0(vx=0.00)
iter  137/390  step=  280576  ep_return=    2.04  ep_len=  27.5  fall_rate=1.0  clipfrac=0.27  t= 336.2s  stage=0(vx=0.00)
iter  138/390  step=  282624  ep_return=    1.24  ep_len=  25.5  fall_rate=1.0  clipfrac=0.24  t= 338.4s  stage=0(vx=0.00)
iter  139/390  step=  284672  ep_return=    2.58  ep_len=  26.0  fall_rate=1.0  clipfrac=0.26  t= 340.8s  stage=0(vx=0.00)
iter  140/390  step=  286720  ep_return=    2.51  ep_len=  27.2  fall_rate=1.0  clipfrac=0.25  t= 343.1s  stage=0(vx=0.00)
iter  141/390  step=  288768  ep_return=   -1.68  ep_len=  28.4  fall_rate=1.0  clipfrac=0.24  t= 346.0s  stage=0(vx=0.00)
iter  142/390  step=  290816  ep_return=    2.29  ep_len=  29.6  fall_rate=1.0  clipfrac=0.27  t= 348.0s  stage=0(vx=0.00)
iter  143/390  step=  292864  ep_return=    3.32  ep_len=  30.4  fall_rate=1.0  clipfrac=0.25  t= 350.4s  stage=0(vx=0.00)
iter  144/390  step=  294912  ep_return=    1.98  ep_len=  30.2  fall_rate=1.0  clipfrac=0.24  t= 353.3s  stage=0(vx=0.00)
iter  145/390  step=  296960  ep_return=    2.42  ep_len=  28.6  fall_rate=1.0  clipfrac=0.23  t= 355.5s  stage=0(vx=0.00)
iter  146/390  step=  299008  ep_return=    0.94  ep_len=  28.1  fall_rate=1.0  clipfrac=0.24  t= 357.6s  stage=0(vx=0.00)
iter  147/390  step=  301056  ep_return=    3.60  ep_len=  27.6  fall_rate=1.0  clipfrac=0.26  t= 360.2s  stage=0(vx=0.00)
iter  148/390  step=  303104  ep_return=   -0.96  ep_len=  27.9  fall_rate=1.0  clipfrac=0.25  t= 363.0s  stage=0(vx=0.00)
iter  149/390  step=  305152  ep_return=   -0.39  ep_len=  29.5  fall_rate=1.0  clipfrac=0.24  t= 366.0s  stage=0(vx=0.00)
iter  150/390  step=  307200  ep_return=    2.01  ep_len=  26.9  fall_rate=1.0  clipfrac=0.24  t= 368.8s  stage=0(vx=0.00)
iter  151/390  step=  309248  ep_return=    2.35  ep_len=  30.4  fall_rate=1.0  clipfrac=0.23  t= 370.8s  stage=0(vx=0.00)
iter  152/390  step=  311296  ep_return=    3.17  ep_len=  27.7  fall_rate=1.0  clipfrac=0.26  t= 373.1s  stage=0(vx=0.00)
iter  153/390  step=  313344  ep_return=    1.92  ep_len=  27.3  fall_rate=1.0  clipfrac=0.24  t= 375.6s  stage=0(vx=0.00)
iter  154/390  step=  315392  ep_return=    1.27  ep_len=  28.9  fall_rate=1.0  clipfrac=0.25  t= 377.5s  stage=0(vx=0.00)
iter  155/390  step=  317440  ep_return=    2.61  ep_len=  27.1  fall_rate=1.0  clipfrac=0.26  t= 380.0s  stage=0(vx=0.00)
iter  156/390  step=  319488  ep_return=    1.70  ep_len=  28.9  fall_rate=1.0  clipfrac=0.25  t= 382.6s  stage=0(vx=0.00)
iter  157/390  step=  321536  ep_return=    1.81  ep_len=  31.5  fall_rate=1.0  clipfrac=0.22  t= 385.3s  stage=0(vx=0.00)
iter  158/390  step=  323584  ep_return=    2.30  ep_len=  26.3  fall_rate=1.0  clipfrac=0.23  t= 388.0s  stage=0(vx=0.00)
iter  159/390  step=  325632  ep_return=    4.02  ep_len=  29.2  fall_rate=1.0  clipfrac=0.23  t= 390.9s  stage=0(vx=0.00)
iter  160/390  step=  327680  ep_return=    2.96  ep_len=  29.8  fall_rate=1.0  clipfrac=0.23  t= 393.1s  stage=0(vx=0.00)
iter  161/390  step=  329728  ep_return=    0.64  ep_len=  29.0  fall_rate=1.0  clipfrac=0.22  t= 396.0s  stage=0(vx=0.00)
iter  162/390  step=  331776  ep_return=    3.06  ep_len=  30.0  fall_rate=1.0  clipfrac=0.27  t= 398.6s  stage=0(vx=0.00)
iter  163/390  step=  333824  ep_return=    3.69  ep_len=  29.9  fall_rate=1.0  clipfrac=0.24  t= 401.6s  stage=0(vx=0.00)
iter  164/390  step=  335872  ep_return=    0.06  ep_len=  28.4  fall_rate=1.0  clipfrac=0.24  t= 404.0s  stage=0(vx=0.00)
iter  165/390  step=  337920  ep_return=    2.56  ep_len=  27.3  fall_rate=1.0  clipfrac=0.26  t= 406.8s  stage=0(vx=0.00)
iter  166/390  step=  339968  ep_return=    0.51  ep_len=  30.1  fall_rate=1.0  clipfrac=0.23  t= 408.7s  stage=0(vx=0.00)
iter  167/390  step=  342016  ep_return=    1.72  ep_len=  28.4  fall_rate=1.0  clipfrac=0.23  t= 411.4s  stage=0(vx=0.00)
iter  168/390  step=  344064  ep_return=    2.51  ep_len=  30.4  fall_rate=1.0  clipfrac=0.24  t= 414.2s  stage=0(vx=0.00)
iter  169/390  step=  346112  ep_return=    1.95  ep_len=  29.8  fall_rate=1.0  clipfrac=0.24  t= 416.8s  stage=0(vx=0.00)
iter  170/390  step=  348160  ep_return=    1.92  ep_len=  27.8  fall_rate=1.0  clipfrac=0.24  t= 419.5s  stage=0(vx=0.00)
iter  171/390  step=  350208  ep_return=    2.07  ep_len=  28.7  fall_rate=1.0  clipfrac=0.23  t= 421.5s  stage=0(vx=0.00)
iter  172/390  step=  352256  ep_return=    2.06  ep_len=  29.7  fall_rate=1.0  clipfrac=0.21  t= 423.6s  stage=0(vx=0.00)
iter  173/390  step=  354304  ep_return=    3.03  ep_len=  29.0  fall_rate=1.0  clipfrac=0.23  t= 425.7s  stage=0(vx=0.00)
iter  174/390  step=  356352  ep_return=    1.17  ep_len=  26.9  fall_rate=1.0  clipfrac=0.25  t= 427.6s  stage=0(vx=0.00)
iter  175/390  step=  358400  ep_return=   -1.52  ep_len=  30.6  fall_rate=1.0  clipfrac=0.22  t= 430.4s  stage=0(vx=0.00)
iter  176/390  step=  360448  ep_return=    2.33  ep_len=  30.5  fall_rate=1.0  clipfrac=0.24  t= 432.4s  stage=0(vx=0.00)
iter  177/390  step=  362496  ep_return=    0.25  ep_len=  30.2  fall_rate=1.0  clipfrac=0.24  t= 435.4s  stage=0(vx=0.00)
iter  178/390  step=  364544  ep_return=    4.34  ep_len=  29.4  fall_rate=1.0  clipfrac=0.22  t= 438.3s  stage=0(vx=0.00)
iter  179/390  step=  366592  ep_return=    1.28  ep_len=  29.7  fall_rate=1.0  clipfrac=0.24  t= 440.9s  stage=0(vx=0.00)
iter  180/390  step=  368640  ep_return=    1.74  ep_len=  29.8  fall_rate=1.0  clipfrac=0.23  t= 443.4s  stage=0(vx=0.00)
iter  181/390  step=  370688  ep_return=    4.99  ep_len=  29.5  fall_rate=1.0  clipfrac=0.24  t= 445.7s  stage=0(vx=0.00)
iter  182/390  step=  372736  ep_return=    3.81  ep_len=  30.6  fall_rate=1.0  clipfrac=0.22  t= 448.5s  stage=0(vx=0.00)
iter  183/390  step=  374784  ep_return=    2.07  ep_len=  28.9  fall_rate=1.0  clipfrac=0.26  t= 451.2s  stage=0(vx=0.00)
iter  184/390  step=  376832  ep_return=    3.91  ep_len=  32.7  fall_rate=1.0  clipfrac=0.24  t= 454.1s  stage=0(vx=0.00)
iter  185/390  step=  378880  ep_return=    2.01  ep_len=  28.8  fall_rate=1.0  clipfrac=0.24  t= 456.8s  stage=0(vx=0.00)
iter  186/390  step=  380928  ep_return=    2.66  ep_len=  31.7  fall_rate=1.0  clipfrac=0.22  t= 458.7s  stage=0(vx=0.00)
iter  187/390  step=  382976  ep_return=    1.04  ep_len=  29.2  fall_rate=1.0  clipfrac=0.20  t= 461.6s  stage=0(vx=0.00)
iter  188/390  step=  385024  ep_return=    2.42  ep_len=  29.6  fall_rate=1.0  clipfrac=0.22  t= 463.7s  stage=0(vx=0.00)
iter  189/390  step=  387072  ep_return=    4.31  ep_len=  33.2  fall_rate=1.0  clipfrac=0.23  t= 466.6s  stage=0(vx=0.00)
iter  190/390  step=  389120  ep_return=    0.45  ep_len=  29.5  fall_rate=1.0  clipfrac=0.22  t= 469.4s  stage=0(vx=0.00)
iter  191/390  step=  391168  ep_return=    2.48  ep_len=  28.4  fall_rate=1.0  clipfrac=0.23  t= 472.3s  stage=0(vx=0.00)
iter  192/390  step=  393216  ep_return=    5.34  ep_len=  32.6  fall_rate=1.0  clipfrac=0.23  t= 475.2s  stage=0(vx=0.00)
iter  193/390  step=  395264  ep_return=    0.84  ep_len=  27.5  fall_rate=1.0  clipfrac=0.24  t= 477.1s  stage=0(vx=0.00)
iter  194/390  step=  397312  ep_return=    0.19  ep_len=  31.4  fall_rate=1.0  clipfrac=0.22  t= 479.8s  stage=0(vx=0.00)
iter  195/390  step=  399360  ep_return=    3.29  ep_len=  29.8  fall_rate=1.0  clipfrac=0.23  t= 482.6s  stage=0(vx=0.00)
iter  196/390  step=  401408  ep_return=    2.69  ep_len=  28.8  fall_rate=1.0  clipfrac=0.21  t= 485.5s  stage=0(vx=0.00)
iter  197/390  step=  403456  ep_return=    2.60  ep_len=  31.6  fall_rate=1.0  clipfrac=0.24  t= 488.1s  stage=0(vx=0.00)
iter  198/390  step=  405504  ep_return=    1.26  ep_len=  30.8  fall_rate=1.0  clipfrac=0.22  t= 490.0s  stage=0(vx=0.00)
iter  199/390  step=  407552  ep_return=    2.87  ep_len=  29.4  fall_rate=1.0  clipfrac=0.22  t= 492.7s  stage=0(vx=0.00)
iter  200/390  step=  409600  ep_return=    2.79  ep_len=  29.4  fall_rate=1.0  clipfrac=0.24  t= 495.5s  stage=0(vx=0.00)
iter  201/390  step=  411648  ep_return=    4.22  ep_len=  30.9  fall_rate=1.0  clipfrac=0.23  t= 498.4s  stage=0(vx=0.00)
iter  202/390  step=  413696  ep_return=    2.78  ep_len=  28.8  fall_rate=1.0  clipfrac=0.20  t= 501.4s  stage=0(vx=0.00)
iter  203/390  step=  415744  ep_return=    2.81  ep_len=  29.4  fall_rate=1.0  clipfrac=0.23  t= 503.2s  stage=0(vx=0.00)
iter  204/390  step=  417792  ep_return=    2.52  ep_len=  29.7  fall_rate=1.0  clipfrac=0.22  t= 506.0s  stage=0(vx=0.00)
iter  205/390  step=  419840  ep_return=    4.85  ep_len=  30.1  fall_rate=1.0  clipfrac=0.24  t= 508.7s  stage=0(vx=0.00)
iter  206/390  step=  421888  ep_return=    2.51  ep_len=  28.4  fall_rate=1.0  clipfrac=0.23  t= 511.6s  stage=0(vx=0.00)
iter  207/390  step=  423936  ep_return=    4.36  ep_len=  31.9  fall_rate=1.0  clipfrac=0.22  t= 514.1s  stage=0(vx=0.00)
iter  208/390  step=  425984  ep_return=    2.78  ep_len=  30.0  fall_rate=1.0  clipfrac=0.21  t= 516.9s  stage=0(vx=0.00)
iter  209/390  step=  428032  ep_return=    0.47  ep_len=  27.8  fall_rate=1.0  clipfrac=0.20  t= 519.8s  stage=0(vx=0.00)
iter  210/390  step=  430080  ep_return=    2.98  ep_len=  28.4  fall_rate=1.0  clipfrac=0.20  t= 522.8s  stage=0(vx=0.00)
iter  211/390  step=  432128  ep_return=    2.48  ep_len=  31.1  fall_rate=1.0  clipfrac=0.22  t= 525.7s  stage=0(vx=0.00)
iter  212/390  step=  434176  ep_return=    2.01  ep_len=  29.5  fall_rate=1.0  clipfrac=0.22  t= 527.7s  stage=0(vx=0.00)
iter  213/390  step=  436224  ep_return=    3.41  ep_len=  27.5  fall_rate=1.0  clipfrac=0.22  t= 530.4s  stage=0(vx=0.00)
iter  214/390  step=  438272  ep_return=    2.95  ep_len=  29.9  fall_rate=1.0  clipfrac=0.23  t= 533.4s  stage=0(vx=0.00)
iter  215/390  step=  440320  ep_return=    4.38  ep_len=  30.2  fall_rate=1.0  clipfrac=0.21  t= 536.3s  stage=0(vx=0.00)
iter  216/390  step=  442368  ep_return=    3.51  ep_len=  29.5  fall_rate=1.0  clipfrac=0.21  t= 539.2s  stage=0(vx=0.00)
iter  217/390  step=  444416  ep_return=    4.14  ep_len=  29.6  fall_rate=1.0  clipfrac=0.23  t= 542.1s  stage=0(vx=0.00)
iter  218/390  step=  446464  ep_return=    1.12  ep_len=  30.2  fall_rate=1.0  clipfrac=0.22  t= 545.1s  stage=0(vx=0.00)
iter  219/390  step=  448512  ep_return=    2.33  ep_len=  30.3  fall_rate=1.0  clipfrac=0.24  t= 548.0s  stage=0(vx=0.00)
iter  220/390  step=  450560  ep_return=    5.17  ep_len=  32.0  fall_rate=1.0  clipfrac=0.19  t= 550.9s  stage=0(vx=0.00)
iter  221/390  step=  452608  ep_return=    3.20  ep_len=  28.0  fall_rate=1.0  clipfrac=0.21  t= 553.8s  stage=0(vx=0.00)
iter  222/390  step=  454656  ep_return=    4.45  ep_len=  28.8  fall_rate=1.0  clipfrac=0.21  t= 556.7s  stage=0(vx=0.00)
iter  223/390  step=  456704  ep_return=    3.61  ep_len=  29.6  fall_rate=1.0  clipfrac=0.22  t= 558.6s  stage=0(vx=0.00)
iter  224/390  step=  458752  ep_return=    4.33  ep_len=  31.1  fall_rate=1.0  clipfrac=0.20  t= 560.9s  stage=0(vx=0.00)
iter  225/390  step=  460800  ep_return=    1.68  ep_len=  29.6  fall_rate=1.0  clipfrac=0.18  t= 563.0s  stage=0(vx=0.00)
iter  226/390  step=  462848  ep_return=    3.74  ep_len=  31.2  fall_rate=1.0  clipfrac=0.21  t= 565.8s  stage=0(vx=0.00)
iter  227/390  step=  464896  ep_return=    4.09  ep_len=  31.2  fall_rate=1.0  clipfrac=0.20  t= 567.7s  stage=0(vx=0.00)
iter  228/390  step=  466944  ep_return=    5.10  ep_len=  30.3  fall_rate=1.0  clipfrac=0.21  t= 570.1s  stage=0(vx=0.00)
iter  229/390  step=  468992  ep_return=    0.67  ep_len=  30.7  fall_rate=1.0  clipfrac=0.21  t= 572.9s  stage=0(vx=0.00)
iter  230/390  step=  471040  ep_return=    3.18  ep_len=  30.8  fall_rate=1.0  clipfrac=0.22  t= 575.7s  stage=0(vx=0.00)
iter  231/390  step=  473088  ep_return=    3.11  ep_len=  28.8  fall_rate=1.0  clipfrac=0.21  t= 577.6s  stage=0(vx=0.00)
iter  232/390  step=  475136  ep_return=    3.39  ep_len=  31.6  fall_rate=1.0  clipfrac=0.20  t= 579.5s  stage=0(vx=0.00)
iter  233/390  step=  477184  ep_return=    0.85  ep_len=  29.2  fall_rate=1.0  clipfrac=0.20  t= 582.2s  stage=0(vx=0.00)
iter  234/390  step=  479232  ep_return=    0.46  ep_len=  28.9  fall_rate=1.0  clipfrac=0.19  t= 584.8s  stage=0(vx=0.00)
iter  235/390  step=  481280  ep_return=    3.54  ep_len=  30.8  fall_rate=1.0  clipfrac=0.20  t= 587.7s  stage=0(vx=0.00)
iter  236/390  step=  483328  ep_return=    0.36  ep_len=  29.2  fall_rate=1.0  clipfrac=0.19  t= 590.6s  stage=0(vx=0.00)
iter  237/390  step=  485376  ep_return=    1.21  ep_len=  30.3  fall_rate=1.0  clipfrac=0.20  t= 593.5s  stage=0(vx=0.00)
iter  238/390  step=  487424  ep_return=    0.82  ep_len=  31.5  fall_rate=1.0  clipfrac=0.21  t= 595.4s  stage=0(vx=0.00)
iter  239/390  step=  489472  ep_return=    3.85  ep_len=  30.4  fall_rate=1.0  clipfrac=0.19  t= 598.2s  stage=0(vx=0.00)
iter  240/390  step=  491520  ep_return=    1.87  ep_len=  27.9  fall_rate=1.0  clipfrac=0.19  t= 600.8s  stage=0(vx=0.00)
iter  241/390  step=  493568  ep_return=    3.30  ep_len=  31.0  fall_rate=1.0  clipfrac=0.20  t= 603.0s  stage=0(vx=0.00)
iter  242/390  step=  495616  ep_return=    0.67  ep_len=  31.3  fall_rate=1.0  clipfrac=0.19  t= 605.9s  stage=0(vx=0.00)
iter  243/390  step=  497664  ep_return=    4.50  ep_len=  29.7  fall_rate=1.0  clipfrac=0.19  t= 608.3s  stage=0(vx=0.00)
iter  244/390  step=  499712  ep_return=    3.58  ep_len=  31.0  fall_rate=1.0  clipfrac=0.19  t= 611.1s  stage=0(vx=0.00)
iter  245/390  step=  501760  ep_return=    3.47  ep_len=  31.1  fall_rate=1.0  clipfrac=0.19  t= 614.0s  stage=0(vx=0.00)
iter  246/390  step=  503808  ep_return=    0.71  ep_len=  30.9  fall_rate=1.0  clipfrac=0.19  t= 616.2s  stage=0(vx=0.00)
iter  247/390  step=  505856  ep_return=    3.96  ep_len=  30.0  fall_rate=1.0  clipfrac=0.21  t= 619.0s  stage=0(vx=0.00)
iter  248/390  step=  507904  ep_return=    5.48  ep_len=  30.6  fall_rate=1.0  clipfrac=0.17  t= 621.9s  stage=0(vx=0.00)
iter  249/390  step=  509952  ep_return=    1.27  ep_len=  29.9  fall_rate=1.0  clipfrac=0.19  t= 623.8s  stage=0(vx=0.00)
iter  250/390  step=  512000  ep_return=    4.02  ep_len=  29.5  fall_rate=1.0  clipfrac=0.17  t= 626.5s  stage=0(vx=0.00)
iter  251/390  step=  514048  ep_return=    3.40  ep_len=  28.9  fall_rate=1.0  clipfrac=0.19  t= 628.5s  stage=0(vx=0.00)
iter  252/390  step=  516096  ep_return=    3.41  ep_len=  30.7  fall_rate=1.0  clipfrac=0.18  t= 631.1s  stage=0(vx=0.00)
iter  253/390  step=  518144  ep_return=    4.21  ep_len=  27.9  fall_rate=1.0  clipfrac=0.17  t= 633.9s  stage=0(vx=0.00)
iter  254/390  step=  520192  ep_return=    1.01  ep_len=  28.8  fall_rate=1.0  clipfrac=0.17  t= 636.7s  stage=0(vx=0.00)
iter  255/390  step=  522240  ep_return=    3.44  ep_len=  31.7  fall_rate=1.0  clipfrac=0.17  t= 638.7s  stage=0(vx=0.00)
iter  256/390  step=  524288  ep_return=    2.45  ep_len=  33.7  fall_rate=1.0  clipfrac=0.19  t= 641.6s  stage=0(vx=0.00)
iter  257/390  step=  526336  ep_return=    4.18  ep_len=  30.4  fall_rate=1.0  clipfrac=0.17  t= 644.5s  stage=0(vx=0.00)
iter  258/390  step=  528384  ep_return=    2.50  ep_len=  28.5  fall_rate=1.0  clipfrac=0.21  t= 646.8s  stage=0(vx=0.00)
iter  259/390  step=  530432  ep_return=    4.59  ep_len=  32.2  fall_rate=1.0  clipfrac=0.19  t= 649.6s  stage=0(vx=0.00)
iter  260/390  step=  532480  ep_return=    2.61  ep_len=  30.4  fall_rate=1.0  clipfrac=0.18  t= 651.8s  stage=0(vx=0.00)
iter  261/390  step=  534528  ep_return=    4.17  ep_len=  29.5  fall_rate=1.0  clipfrac=0.18  t= 654.7s  stage=0(vx=0.00)
iter  262/390  step=  536576  ep_return=    5.60  ep_len=  29.4  fall_rate=1.0  clipfrac=0.17  t= 657.6s  stage=0(vx=0.00)
iter  263/390  step=  538624  ep_return=    2.72  ep_len=  30.2  fall_rate=1.0  clipfrac=0.16  t= 660.2s  stage=0(vx=0.00)
iter  264/390  step=  540672  ep_return=    4.31  ep_len=  30.2  fall_rate=1.0  clipfrac=0.16  t= 662.9s  stage=0(vx=0.00)
iter  265/390  step=  542720  ep_return=    6.50  ep_len=  33.8  fall_rate=1.0  clipfrac=0.17  t= 665.2s  stage=0(vx=0.00)
iter  266/390  step=  544768  ep_return=    0.24  ep_len=  30.9  fall_rate=1.0  clipfrac=0.17  t= 667.6s  stage=0(vx=0.00)
iter  267/390  step=  546816  ep_return=    4.01  ep_len=  29.8  fall_rate=1.0  clipfrac=0.17  t= 669.9s  stage=0(vx=0.00)
iter  268/390  step=  548864  ep_return=    3.13  ep_len=  28.0  fall_rate=1.0  clipfrac=0.18  t= 671.9s  stage=0(vx=0.00)
iter  269/390  step=  550912  ep_return=    4.47  ep_len=  30.9  fall_rate=1.0  clipfrac=0.15  t= 674.8s  stage=0(vx=0.00)
iter  270/390  step=  552960  ep_return=    4.57  ep_len=  30.3  fall_rate=1.0  clipfrac=0.16  t= 677.5s  stage=0(vx=0.00)
iter  271/390  step=  555008  ep_return=    5.39  ep_len=  31.7  fall_rate=1.0  clipfrac=0.16  t= 680.3s  stage=0(vx=0.00)
iter  272/390  step=  557056  ep_return=    4.78  ep_len=  30.0  fall_rate=1.0  clipfrac=0.15  t= 683.1s  stage=0(vx=0.00)
iter  273/390  step=  559104  ep_return=    2.48  ep_len=  29.4  fall_rate=1.0  clipfrac=0.16  t= 685.7s  stage=0(vx=0.00)
iter  274/390  step=  561152  ep_return=    3.88  ep_len=  30.5  fall_rate=1.0  clipfrac=0.16  t= 687.6s  stage=0(vx=0.00)
iter  275/390  step=  563200  ep_return=    4.24  ep_len=  31.0  fall_rate=1.0  clipfrac=0.16  t= 690.3s  stage=0(vx=0.00)
iter  276/390  step=  565248  ep_return=    4.22  ep_len=  28.7  fall_rate=1.0  clipfrac=0.17  t= 693.2s  stage=0(vx=0.00)
iter  277/390  step=  567296  ep_return=    3.05  ep_len=  31.2  fall_rate=1.0  clipfrac=0.17  t= 696.1s  stage=0(vx=0.00)
iter  278/390  step=  569344  ep_return=    5.24  ep_len=  34.5  fall_rate=1.0  clipfrac=0.16  t= 698.6s  stage=0(vx=0.00)
iter  279/390  step=  571392  ep_return=    4.37  ep_len=  30.7  fall_rate=1.0  clipfrac=0.17  t= 701.4s  stage=0(vx=0.00)
iter  280/390  step=  573440  ep_return=    5.34  ep_len=  31.0  fall_rate=1.0  clipfrac=0.14  t= 704.1s  stage=0(vx=0.00)
iter  281/390  step=  575488  ep_return=    6.64  ep_len=  31.5  fall_rate=1.0  clipfrac=0.14  t= 706.7s  stage=0(vx=0.00)
iter  282/390  step=  577536  ep_return=    2.32  ep_len=  29.4  fall_rate=1.0  clipfrac=0.14  t= 709.5s  stage=0(vx=0.00)
iter  283/390  step=  579584  ep_return=    6.21  ep_len=  31.8  fall_rate=1.0  clipfrac=0.18  t= 712.3s  stage=0(vx=0.00)
iter  284/390  step=  581632  ep_return=    4.34  ep_len=  32.2  fall_rate=1.0  clipfrac=0.18  t= 715.1s  stage=0(vx=0.00)
iter  285/390  step=  583680  ep_return=    4.11  ep_len=  30.4  fall_rate=1.0  clipfrac=0.14  t= 717.8s  stage=0(vx=0.00)
iter  286/390  step=  585728  ep_return=    4.87  ep_len=  30.9  fall_rate=1.0  clipfrac=0.16  t= 720.5s  stage=0(vx=0.00)
iter  287/390  step=  587776  ep_return=   -0.19  ep_len=  28.8  fall_rate=1.0  clipfrac=0.16  t= 723.2s  stage=0(vx=0.00)
iter  288/390  step=  589824  ep_return=    6.42  ep_len=  31.2  fall_rate=1.0  clipfrac=0.14  t= 726.1s  stage=0(vx=0.00)
iter  289/390  step=  591872  ep_return=    4.83  ep_len=  31.2  fall_rate=1.0  clipfrac=0.15  t= 728.6s  stage=0(vx=0.00)
iter  290/390  step=  593920  ep_return=    5.92  ep_len=  29.9  fall_rate=1.0  clipfrac=0.14  t= 731.5s  stage=0(vx=0.00)
iter  291/390  step=  595968  ep_return=    4.07  ep_len=  31.4  fall_rate=1.0  clipfrac=0.14  t= 734.1s  stage=0(vx=0.00)
iter  292/390  step=  598016  ep_return=    5.48  ep_len=  32.3  fall_rate=1.0  clipfrac=0.14  t= 736.1s  stage=0(vx=0.00)
iter  293/390  step=  600064  ep_return=    4.19  ep_len=  30.4  fall_rate=1.0  clipfrac=0.17  t= 738.7s  stage=0(vx=0.00)
iter  294/390  step=  602112  ep_return=    3.39  ep_len=  30.1  fall_rate=1.0  clipfrac=0.14  t= 741.1s  stage=0(vx=0.00)
iter  295/390  step=  604160  ep_return=    3.55  ep_len=  27.8  fall_rate=1.0  clipfrac=0.12  t= 743.9s  stage=0(vx=0.00)
iter  296/390  step=  606208  ep_return=    5.37  ep_len=  32.2  fall_rate=1.0  clipfrac=0.14  t= 746.8s  stage=0(vx=0.00)
iter  297/390  step=  608256  ep_return=    6.17  ep_len=  30.3  fall_rate=1.0  clipfrac=0.14  t= 749.7s  stage=0(vx=0.00)
iter  298/390  step=  610304  ep_return=    2.18  ep_len=  29.8  fall_rate=1.0  clipfrac=0.13  t= 752.4s  stage=0(vx=0.00)
iter  299/390  step=  612352  ep_return=    4.37  ep_len=  28.7  fall_rate=1.0  clipfrac=0.13  t= 755.1s  stage=0(vx=0.00)
iter  300/390  step=  614400  ep_return=    3.85  ep_len=  31.9  fall_rate=1.0  clipfrac=0.12  t= 758.1s  stage=0(vx=0.00)
iter  301/390  step=  616448  ep_return=    4.01  ep_len=  29.3  fall_rate=1.0  clipfrac=0.13  t= 760.4s  stage=0(vx=0.00)
iter  302/390  step=  618496  ep_return=    4.52  ep_len=  30.0  fall_rate=1.0  clipfrac=0.15  t= 762.3s  stage=0(vx=0.00)
iter  303/390  step=  620544  ep_return=    3.28  ep_len=  28.0  fall_rate=1.0  clipfrac=0.13  t= 764.2s  stage=0(vx=0.00)
iter  304/390  step=  622592  ep_return=    2.18  ep_len=  32.3  fall_rate=1.0  clipfrac=0.13  t= 767.1s  stage=0(vx=0.00)
iter  305/390  step=  624640  ep_return=    4.44  ep_len=  34.6  fall_rate=1.0  clipfrac=0.12  t= 769.8s  stage=0(vx=0.00)
iter  306/390  step=  626688  ep_return=    3.11  ep_len=  29.3  fall_rate=1.0  clipfrac=0.13  t= 772.5s  stage=0(vx=0.00)
iter  307/390  step=  628736  ep_return=    5.57  ep_len=  32.0  fall_rate=1.0  clipfrac=0.11  t= 775.4s  stage=0(vx=0.00)
iter  308/390  step=  630784  ep_return=    3.32  ep_len=  32.5  fall_rate=1.0  clipfrac=0.12  t= 778.3s  stage=0(vx=0.00)
iter  309/390  step=  632832  ep_return=    3.18  ep_len=  33.0  fall_rate=1.0  clipfrac=0.12  t= 781.3s  stage=0(vx=0.00)
iter  310/390  step=  634880  ep_return=    4.27  ep_len=  29.5  fall_rate=1.0  clipfrac=0.12  t= 784.0s  stage=0(vx=0.00)
iter  311/390  step=  636928  ep_return=    4.17  ep_len=  30.9  fall_rate=1.0  clipfrac=0.11  t= 786.9s  stage=0(vx=0.00)
iter  312/390  step=  638976  ep_return=    4.42  ep_len=  31.8  fall_rate=1.0  clipfrac=0.10  t= 788.9s  stage=0(vx=0.00)
iter  313/390  step=  641024  ep_return=    3.62  ep_len=  31.0  fall_rate=1.0  clipfrac=0.14  t= 790.8s  stage=0(vx=0.00)
iter  314/390  step=  643072  ep_return=    4.29  ep_len=  31.8  fall_rate=1.0  clipfrac=0.11  t= 793.7s  stage=0(vx=0.00)
iter  315/390  step=  645120  ep_return=    2.43  ep_len=  31.9  fall_rate=1.0  clipfrac=0.12  t= 796.5s  stage=0(vx=0.00)
iter  316/390  step=  647168  ep_return=    1.82  ep_len=  36.2  fall_rate=1.0  clipfrac=0.09  t= 799.2s  stage=0(vx=0.00)
iter  317/390  step=  649216  ep_return=    7.27  ep_len=  33.3  fall_rate=1.0  clipfrac=0.10  t= 802.1s  stage=0(vx=0.00)
iter  318/390  step=  651264  ep_return=    5.19  ep_len=  35.2  fall_rate=1.0  clipfrac=0.11  t= 804.6s  stage=0(vx=0.00)
iter  319/390  step=  653312  ep_return=    6.25  ep_len=  30.5  fall_rate=1.0  clipfrac=0.09  t= 807.4s  stage=0(vx=0.00)
iter  320/390  step=  655360  ep_return=    5.43  ep_len=  34.9  fall_rate=1.0  clipfrac=0.10  t= 810.2s  stage=0(vx=0.00)
iter  321/390  step=  657408  ep_return=    4.64  ep_len=  31.7  fall_rate=1.0  clipfrac=0.11  t= 812.7s  stage=0(vx=0.00)
iter  322/390  step=  659456  ep_return=    6.71  ep_len=  34.8  fall_rate=1.0  clipfrac=0.12  t= 815.7s  stage=0(vx=0.00)
iter  323/390  step=  661504  ep_return=    5.04  ep_len=  31.6  fall_rate=1.0  clipfrac=0.11  t= 818.2s  stage=0(vx=0.00)
iter  324/390  step=  663552  ep_return=    4.18  ep_len=  31.8  fall_rate=1.0  clipfrac=0.08  t= 821.4s  stage=0(vx=0.00)
iter  325/390  step=  665600  ep_return=    3.13  ep_len=  30.7  fall_rate=1.0  clipfrac=0.09  t= 824.2s  stage=0(vx=0.00)
iter  326/390  step=  667648  ep_return=    5.07  ep_len=  31.2  fall_rate=1.0  clipfrac=0.10  t= 827.0s  stage=0(vx=0.00)
iter  327/390  step=  669696  ep_return=    3.86  ep_len=  30.9  fall_rate=1.0  clipfrac=0.10  t= 828.9s  stage=0(vx=0.00)
iter  328/390  step=  671744  ep_return=    2.90  ep_len=  33.2  fall_rate=1.0  clipfrac=0.09  t= 831.7s  stage=0(vx=0.00)
iter  329/390  step=  673792  ep_return=    2.26  ep_len=  32.2  fall_rate=1.0  clipfrac=0.09  t= 834.5s  stage=0(vx=0.00)
iter  330/390  step=  675840  ep_return=    7.64  ep_len=  33.7  fall_rate=1.0  clipfrac=0.08  t= 837.4s  stage=0(vx=0.00)
iter  331/390  step=  677888  ep_return=    3.65  ep_len=  33.1  fall_rate=1.0  clipfrac=0.09  t= 840.3s  stage=0(vx=0.00)
iter  332/390  step=  679936  ep_return=    2.72  ep_len=  31.1  fall_rate=1.0  clipfrac=0.07  t= 842.3s  stage=0(vx=0.00)
iter  333/390  step=  681984  ep_return=    3.80  ep_len=  31.1  fall_rate=1.0  clipfrac=0.09  t= 845.2s  stage=0(vx=0.00)
iter  334/390  step=  684032  ep_return=    4.80  ep_len=  29.9  fall_rate=1.0  clipfrac=0.07  t= 848.0s  stage=0(vx=0.00)
iter  335/390  step=  686080  ep_return=    4.88  ep_len=  31.5  fall_rate=1.0  clipfrac=0.07  t= 850.2s  stage=0(vx=0.00)
iter  336/390  step=  688128  ep_return=    8.11  ep_len=  32.8  fall_rate=1.0  clipfrac=0.08  t= 853.0s  stage=0(vx=0.00)
iter  337/390  step=  690176  ep_return=    4.25  ep_len=  34.0  fall_rate=1.0  clipfrac=0.08  t= 855.8s  stage=0(vx=0.00)
iter  338/390  step=  692224  ep_return=    6.47  ep_len=  33.2  fall_rate=1.0  clipfrac=0.08  t= 858.8s  stage=0(vx=0.00)
iter  339/390  step=  694272  ep_return=    4.81  ep_len=  30.4  fall_rate=1.0  clipfrac=0.08  t= 861.7s  stage=0(vx=0.00)
iter  340/390  step=  696320  ep_return=    4.75  ep_len=  28.0  fall_rate=1.0  clipfrac=0.09  t= 863.6s  stage=0(vx=0.00)
iter  341/390  step=  698368  ep_return=    4.61  ep_len=  30.0  fall_rate=1.0  clipfrac=0.09  t= 865.7s  stage=0(vx=0.00)
iter  342/390  step=  700416  ep_return=    4.00  ep_len=  31.8  fall_rate=1.0  clipfrac=0.07  t= 867.7s  stage=0(vx=0.00)
iter  343/390  step=  702464  ep_return=    7.29  ep_len=  32.7  fall_rate=1.0  clipfrac=0.07  t= 870.5s  stage=0(vx=0.00)
iter  344/390  step=  704512  ep_return=    2.97  ep_len=  33.1  fall_rate=1.0  clipfrac=0.06  t= 872.4s  stage=0(vx=0.00)
iter  345/390  step=  706560  ep_return=    4.99  ep_len=  36.4  fall_rate=1.0  clipfrac=0.07  t= 875.3s  stage=0(vx=0.00)
iter  346/390  step=  708608  ep_return=    5.97  ep_len=  31.0  fall_rate=1.0  clipfrac=0.04  t= 877.2s  stage=0(vx=0.00)
iter  347/390  step=  710656  ep_return=    3.16  ep_len=  30.1  fall_rate=1.0  clipfrac=0.06  t= 880.1s  stage=0(vx=0.00)
iter  348/390  step=  712704  ep_return=    5.11  ep_len=  31.7  fall_rate=1.0  clipfrac=0.07  t= 882.7s  stage=0(vx=0.00)
iter  349/390  step=  714752  ep_return=    3.86  ep_len=  29.1  fall_rate=1.0  clipfrac=0.06  t= 885.8s  stage=0(vx=0.00)
iter  350/390  step=  716800  ep_return=    4.96  ep_len=  29.9  fall_rate=1.0  clipfrac=0.05  t= 888.7s  stage=0(vx=0.00)
iter  351/390  step=  718848  ep_return=    3.32  ep_len=  31.2  fall_rate=1.0  clipfrac=0.05  t= 891.7s  stage=0(vx=0.00)
iter  352/390  step=  720896  ep_return=    4.24  ep_len=  30.5  fall_rate=1.0  clipfrac=0.06  t= 894.6s  stage=0(vx=0.00)
iter  353/390  step=  722944  ep_return=    3.58  ep_len=  32.3  fall_rate=1.0  clipfrac=0.06  t= 896.8s  stage=0(vx=0.00)
iter  354/390  step=  724992  ep_return=    7.26  ep_len=  30.6  fall_rate=1.0  clipfrac=0.04  t= 899.3s  stage=0(vx=0.00)
iter  355/390  step=  727040  ep_return=    4.57  ep_len=  31.5  fall_rate=1.0  clipfrac=0.05  t= 902.1s  stage=0(vx=0.00)
iter  356/390  step=  729088  ep_return=    4.01  ep_len=  33.1  fall_rate=1.0  clipfrac=0.05  t= 904.7s  stage=0(vx=0.00)
iter  357/390  step=  731136  ep_return=    5.16  ep_len=  31.1  fall_rate=1.0  clipfrac=0.07  t= 906.6s  stage=0(vx=0.00)
iter  358/390  step=  733184  ep_return=    6.38  ep_len=  33.9  fall_rate=1.0  clipfrac=0.03  t= 909.0s  stage=0(vx=0.00)
iter  359/390  step=  735232  ep_return=    3.47  ep_len=  30.5  fall_rate=1.0  clipfrac=0.05  t= 911.1s  stage=0(vx=0.00)
iter  360/390  step=  737280  ep_return=    4.16  ep_len=  31.9  fall_rate=1.0  clipfrac=0.04  t= 913.1s  stage=0(vx=0.00)
iter  361/390  step=  739328  ep_return=    3.06  ep_len=  31.5  fall_rate=1.0  clipfrac=0.02  t= 915.8s  stage=0(vx=0.00)
iter  362/390  step=  741376  ep_return=    7.37  ep_len=  32.0  fall_rate=1.0  clipfrac=0.02  t= 918.7s  stage=0(vx=0.00)
iter  363/390  step=  743424  ep_return=    4.99  ep_len=  29.9  fall_rate=1.0  clipfrac=0.04  t= 921.7s  stage=0(vx=0.00)
iter  364/390  step=  745472  ep_return=    5.67  ep_len=  31.6  fall_rate=1.0  clipfrac=0.02  t= 924.2s  stage=0(vx=0.00)
iter  365/390  step=  747520  ep_return=    6.80  ep_len=  34.6  fall_rate=1.0  clipfrac=0.01  t= 927.2s  stage=0(vx=0.00)
iter  366/390  step=  749568  ep_return=    3.29  ep_len=  31.4  fall_rate=1.0  clipfrac=0.02  t= 930.2s  stage=0(vx=0.00)
iter  367/390  step=  751616  ep_return=    4.09  ep_len=  30.1  fall_rate=1.0  clipfrac=0.02  t= 933.0s  stage=0(vx=0.00)
iter  368/390  step=  753664  ep_return=    6.25  ep_len=  32.8  fall_rate=1.0  clipfrac=0.01  t= 935.2s  stage=0(vx=0.00)
iter  369/390  step=  755712  ep_return=    5.88  ep_len=  32.2  fall_rate=1.0  clipfrac=0.01  t= 938.1s  stage=0(vx=0.00)
iter  370/390  step=  757760  ep_return=    4.09  ep_len=  31.6  fall_rate=1.0  clipfrac=0.01  t= 940.5s  stage=0(vx=0.00)
iter  371/390  step=  759808  ep_return=    5.66  ep_len=  32.0  fall_rate=1.0  clipfrac=0.01  t= 943.0s  stage=0(vx=0.00)
iter  372/390  step=  761856  ep_return=    4.92  ep_len=  32.6  fall_rate=1.0  clipfrac=0.01  t= 945.6s  stage=0(vx=0.00)
iter  373/390  step=  763904  ep_return=    5.62  ep_len=  32.7  fall_rate=1.0  clipfrac=0.01  t= 948.5s  stage=0(vx=0.00)
iter  374/390  step=  765952  ep_return=    7.42  ep_len=  34.7  fall_rate=1.0  clipfrac=0.01  t= 951.3s  stage=0(vx=0.00)
iter  375/390  step=  768000  ep_return=    2.89  ep_len=  30.9  fall_rate=1.0  clipfrac=0.00  t= 954.2s  stage=0(vx=0.00)
iter  376/390  step=  770048  ep_return=    4.42  ep_len=  31.9  fall_rate=1.0  clipfrac=0.00  t= 957.0s  stage=0(vx=0.00)
iter  377/390  step=  772096  ep_return=    4.99  ep_len=  31.0  fall_rate=1.0  clipfrac=0.00  t= 959.0s  stage=0(vx=0.00)
iter  378/390  step=  774144  ep_return=    2.83  ep_len=  31.6  fall_rate=1.0  clipfrac=0.00  t= 961.6s  stage=0(vx=0.00)
iter  379/390  step=  776192  ep_return=    5.63  ep_len=  33.1  fall_rate=1.0  clipfrac=0.00  t= 964.3s  stage=0(vx=0.00)
iter  380/390  step=  778240  ep_return=    6.67  ep_len=  33.2  fall_rate=1.0  clipfrac=0.00  t= 967.2s  stage=0(vx=0.00)
iter  381/390  step=  780288  ep_return=    4.43  ep_len=  31.9  fall_rate=1.0  clipfrac=0.00  t= 970.1s  stage=0(vx=0.00)
iter  382/390  step=  782336  ep_return=    6.58  ep_len=  32.2  fall_rate=1.0  clipfrac=0.00  t= 973.0s  stage=0(vx=0.00)
iter  383/390  step=  784384  ep_return=    3.18  ep_len=  29.2  fall_rate=1.0  clipfrac=0.00  t= 975.9s  stage=0(vx=0.00)
iter  384/390  step=  786432  ep_return=    4.00  ep_len=  32.7  fall_rate=1.0  clipfrac=0.00  t= 978.8s  stage=0(vx=0.00)
iter  385/390  step=  788480  ep_return=    2.44  ep_len=  30.6  fall_rate=1.0  clipfrac=0.00  t= 981.8s  stage=0(vx=0.00)
iter  386/390  step=  790528  ep_return=    5.86  ep_len=  30.0  fall_rate=1.0  clipfrac=0.00  t= 984.1s  stage=0(vx=0.00)
iter  387/390  step=  792576  ep_return=    5.52  ep_len=  33.6  fall_rate=1.0  clipfrac=0.00  t= 987.0s  stage=0(vx=0.00)
iter  388/390  step=  794624  ep_return=    1.94  ep_len=  33.6  fall_rate=1.0  clipfrac=0.00  t= 989.8s  stage=0(vx=0.00)
iter  389/390  step=  796672  ep_return=    4.56  ep_len=  32.4  fall_rate=1.0  clipfrac=0.00  t= 992.7s  stage=0(vx=0.00)
iter  390/390  step=  798720  ep_return=    7.17  ep_len=  34.8  fall_rate=1.0  clipfrac=0.00  t= 995.2s  stage=0(vx=0.00)

CURRICULUM DID NOT COMPLETE: stuck at stage 0 (desired_vx=0.000) of 4 stages after the full 800000 step budget. This is itself the result -- report where it got stuck, not just whether it finished.
saved checkpoint -> /home/elida_sensoy/cara_robot/cara_robot/cara_description/runs/u24_ppo_lowstd/ppo_lowstd_seed0.pt
