iter    1/195  step=    2048  ep_return=   70.20  ep_len= 176.4  fall_rate=0.4444444444444444  logstd=-3.002  clipfrac=0.58  t=   2.0s
iter    2/195  step=    4096  ep_return=   94.49  ep_len= 186.8  fall_rate=0.29411764705882354  logstd=-3.004  clipfrac=0.48  t=   4.3s
iter    3/195  step=    6144  ep_return=   78.96  ep_len= 174.9  fall_rate=0.45  logstd=-3.006  clipfrac=0.49  t=   6.3s
iter    4/195  step=    8192  ep_return=   80.59  ep_len= 183.9  fall_rate=0.35  logstd=-3.008  clipfrac=0.50  t=   9.2s
iter    5/195  step=   10240  ep_return=  104.36  ep_len= 198.8  fall_rate=0.05  logstd=-3.010  clipfrac=0.51  t=  11.3s  eval_steps=200  val_score=200.0 (NEW BEST)
iter    6/195  step=   12288  ep_return=  109.16  ep_len= 193.9  fall_rate=0.15  logstd=-3.011  clipfrac=0.50  t=  14.9s
iter    7/195  step=   14336  ep_return=  100.19  ep_len= 189.9  fall_rate=0.25  logstd=-3.014  clipfrac=0.48  t=  17.7s
iter    8/195  step=   16384  ep_return=   94.18  ep_len= 190.1  fall_rate=0.25  logstd=-3.014  clipfrac=0.50  t=  20.7s
iter    9/195  step=   18432  ep_return=   96.13  ep_len= 193.0  fall_rate=0.25  logstd=-3.016  clipfrac=0.51  t=  22.7s
iter   10/195  step=   20480  ep_return=  100.38  ep_len= 186.3  fall_rate=0.2  logstd=-3.017  clipfrac=0.49  t=  25.0s  eval_steps=200  val_score=191.5
iter   11/195  step=   22528  ep_return=   93.96  ep_len= 184.8  fall_rate=0.25  logstd=-3.019  clipfrac=0.50  t=  29.2s
iter   12/195  step=   24576  ep_return=  105.29  ep_len= 193.2  fall_rate=0.2  logstd=-3.021  clipfrac=0.48  t=  31.7s
iter   13/195  step=   26624  ep_return=  123.22  ep_len= 200.8  fall_rate=0.1  logstd=-3.023  clipfrac=0.49  t=  33.9s
iter   14/195  step=   28672  ep_return=  125.08  ep_len= 200.9  fall_rate=0.05  logstd=-3.026  clipfrac=0.50  t=  36.6s
iter   15/195  step=   30720  ep_return=  121.20  ep_len= 198.3  fall_rate=0.1  logstd=-3.028  clipfrac=0.48  t=  39.3s  eval_steps=200  val_score=200.0
iter   16/195  step=   32768  ep_return=  123.98  ep_len= 198.3  fall_rate=0.1  logstd=-3.028  clipfrac=0.51  t=  43.3s
iter   17/195  step=   34816  ep_return=  132.47  ep_len= 201.0  fall_rate=0.0  logstd=-3.030  clipfrac=0.50  t=  45.3s
iter   18/195  step=   36864  ep_return=  136.86  ep_len= 201.0  fall_rate=0.0  logstd=-3.031  clipfrac=0.50  t=  48.2s
iter   19/195  step=   38912  ep_return=  140.06  ep_len= 201.0  fall_rate=0.0  logstd=-3.032  clipfrac=0.51  t=  50.8s
iter   20/195  step=   40960  ep_return=  138.70  ep_len= 201.0  fall_rate=0.0  logstd=-3.035  clipfrac=0.50  t=  53.0s  eval_steps=200  val_score=188.9
iter   21/195  step=   43008  ep_return=  137.53  ep_len= 201.0  fall_rate=0.0  logstd=-3.037  clipfrac=0.48  t=  57.2s
iter   22/195  step=   45056  ep_return=  139.37  ep_len= 201.0  fall_rate=0.0  logstd=-3.041  clipfrac=0.49  t=  59.6s
iter   23/195  step=   47104  ep_return=  140.73  ep_len= 201.0  fall_rate=0.0  logstd=-3.044  clipfrac=0.50  t=  61.7s
iter   24/195  step=   49152  ep_return=  134.86  ep_len= 201.0  fall_rate=0.0  logstd=-3.047  clipfrac=0.51  t=  64.0s
iter   25/195  step=   51200  ep_return=  118.87  ep_len= 197.4  fall_rate=0.1  logstd=-3.050  clipfrac=0.50  t=  66.2s  eval_steps=200  val_score=200.0
iter   26/195  step=   53248  ep_return=  128.30  ep_len= 197.4  fall_rate=0.1  logstd=-3.052  clipfrac=0.49  t=  69.7s
iter   27/195  step=   55296  ep_return=  133.94  ep_len= 199.4  fall_rate=0.05  logstd=-3.054  clipfrac=0.50  t=  72.2s
iter   28/195  step=   57344  ep_return=  130.95  ep_len= 199.4  fall_rate=0.05  logstd=-3.055  clipfrac=0.48  t=  74.4s
iter   29/195  step=   59392  ep_return=  144.07  ep_len= 201.0  fall_rate=0.0  logstd=-3.059  clipfrac=0.50  t=  76.7s
iter   30/195  step=   61440  ep_return=  147.52  ep_len= 201.0  fall_rate=0.0  logstd=-3.062  clipfrac=0.50  t=  78.8s  eval_steps=200  val_score=200.0
iter   31/195  step=   63488  ep_return=  145.69  ep_len= 201.0  fall_rate=0.0  logstd=-3.063  clipfrac=0.50  t=  83.1s
iter   32/195  step=   65536  ep_return=  142.01  ep_len= 201.0  fall_rate=0.0  logstd=-3.066  clipfrac=0.49  t=  85.4s
iter   33/195  step=   67584  ep_return=  142.06  ep_len= 201.0  fall_rate=0.0  logstd=-3.067  clipfrac=0.49  t=  87.4s
iter   34/195  step=   69632  ep_return=  136.98  ep_len= 201.0  fall_rate=0.0  logstd=-3.068  clipfrac=0.49  t=  89.4s
iter   35/195  step=   71680  ep_return=  137.77  ep_len= 201.0  fall_rate=0.0  logstd=-3.070  clipfrac=0.50  t=  91.8s  eval_steps=200  val_score=200.0
iter   36/195  step=   73728  ep_return=  140.92  ep_len= 201.0  fall_rate=0.0  logstd=-3.071  clipfrac=0.50  t=  95.9s
iter   37/195  step=   75776  ep_return=  145.42  ep_len= 201.0  fall_rate=0.0  logstd=-3.074  clipfrac=0.50  t=  97.9s
iter   38/195  step=   77824  ep_return=  150.66  ep_len= 201.0  fall_rate=0.0  logstd=-3.076  clipfrac=0.49  t= 100.2s
iter   39/195  step=   79872  ep_return=  148.99  ep_len= 201.0  fall_rate=0.0  logstd=-3.077  clipfrac=0.49  t= 102.8s
iter   40/195  step=   81920  ep_return=  147.69  ep_len= 201.0  fall_rate=0.0  logstd=-3.081  clipfrac=0.50  t= 105.7s  eval_steps=200  val_score=200.0
iter   41/195  step=   83968  ep_return=  148.77  ep_len= 201.0  fall_rate=0.0  logstd=-3.082  clipfrac=0.50  t= 109.5s
iter   42/195  step=   86016  ep_return=  147.62  ep_len= 201.0  fall_rate=0.0  logstd=-3.086  clipfrac=0.48  t= 112.5s
iter   43/195  step=   88064  ep_return=  144.65  ep_len= 198.4  fall_rate=0.05  logstd=-3.089  clipfrac=0.48  t= 115.4s
iter   44/195  step=   90112  ep_return=  144.98  ep_len= 198.4  fall_rate=0.05  logstd=-3.089  clipfrac=0.49  t= 118.1s
iter   45/195  step=   92160  ep_return=  151.07  ep_len= 201.0  fall_rate=0.0  logstd=-3.090  clipfrac=0.48  t= 120.9s  eval_steps=200  val_score=200.0
iter   46/195  step=   94208  ep_return=  152.83  ep_len= 201.0  fall_rate=0.0  logstd=-3.091  clipfrac=0.49  t= 125.3s
iter   47/195  step=   96256  ep_return=  152.70  ep_len= 201.0  fall_rate=0.0  logstd=-3.094  clipfrac=0.49  t= 127.8s
iter   48/195  step=   98304  ep_return=  153.35  ep_len= 201.0  fall_rate=0.0  logstd=-3.095  clipfrac=0.48  t= 129.9s
iter   49/195  step=  100352  ep_return=  154.19  ep_len= 201.0  fall_rate=0.0  logstd=-3.098  clipfrac=0.49  t= 132.5s
iter   50/195  step=  102400  ep_return=  151.87  ep_len= 201.0  fall_rate=0.0  logstd=-3.100  clipfrac=0.45  t= 135.3s  eval_steps=200  val_score=200.0
iter   51/195  step=  104448  ep_return=  153.35  ep_len= 201.0  fall_rate=0.0  logstd=-3.102  clipfrac=0.46  t= 139.0s
iter   52/195  step=  106496  ep_return=  155.86  ep_len= 201.0  fall_rate=0.0  logstd=-3.103  clipfrac=0.47  t= 141.5s
iter   53/195  step=  108544  ep_return=  156.18  ep_len= 201.0  fall_rate=0.0  logstd=-3.106  clipfrac=0.48  t= 144.5s
iter   54/195  step=  110592  ep_return=  157.06  ep_len= 201.0  fall_rate=0.0  logstd=-3.107  clipfrac=0.46  t= 147.6s
iter   55/195  step=  112640  ep_return=  155.42  ep_len= 201.0  fall_rate=0.0  logstd=-3.111  clipfrac=0.48  t= 150.5s  eval_steps=200  val_score=200.0
iter   56/195  step=  114688  ep_return=  152.28  ep_len= 200.8  fall_rate=0.05  logstd=-3.113  clipfrac=0.45  t= 154.8s
iter   57/195  step=  116736  ep_return=  153.98  ep_len= 200.8  fall_rate=0.05  logstd=-3.114  clipfrac=0.46  t= 157.2s
iter   58/195  step=  118784  ep_return=  156.07  ep_len= 201.0  fall_rate=0.0  logstd=-3.115  clipfrac=0.47  t= 159.8s
iter   59/195  step=  120832  ep_return=  154.12  ep_len= 201.0  fall_rate=0.0  logstd=-3.116  clipfrac=0.45  t= 162.2s
iter   60/195  step=  122880  ep_return=  154.69  ep_len= 201.0  fall_rate=0.0  logstd=-3.119  clipfrac=0.47  t= 164.3s  eval_steps=200  val_score=200.0
iter   61/195  step=  124928  ep_return=  157.67  ep_len= 201.0  fall_rate=0.0  logstd=-3.121  clipfrac=0.47  t= 168.7s
iter   62/195  step=  126976  ep_return=  157.63  ep_len= 201.0  fall_rate=0.0  logstd=-3.126  clipfrac=0.46  t= 171.2s
iter   63/195  step=  129024  ep_return=  158.01  ep_len= 201.0  fall_rate=0.0  logstd=-3.129  clipfrac=0.45  t= 174.1s
iter   64/195  step=  131072  ep_return=  157.67  ep_len= 201.0  fall_rate=0.0  logstd=-3.131  clipfrac=0.47  t= 176.6s
iter   65/195  step=  133120  ep_return=  158.66  ep_len= 201.0  fall_rate=0.0  logstd=-3.133  clipfrac=0.47  t= 179.3s  eval_steps=200  val_score=200.0
iter   66/195  step=  135168  ep_return=  160.11  ep_len= 201.0  fall_rate=0.0  logstd=-3.133  clipfrac=0.46  t= 183.6s
iter   67/195  step=  137216  ep_return=  158.32  ep_len= 201.0  fall_rate=0.0  logstd=-3.134  clipfrac=0.48  t= 186.1s
iter   68/195  step=  139264  ep_return=  157.24  ep_len= 201.0  fall_rate=0.0  logstd=-3.136  clipfrac=0.44  t= 188.3s
iter   69/195  step=  141312  ep_return=  158.27  ep_len= 201.0  fall_rate=0.0  logstd=-3.140  clipfrac=0.45  t= 190.6s
iter   70/195  step=  143360  ep_return=  156.79  ep_len= 201.0  fall_rate=0.0  logstd=-3.140  clipfrac=0.45  t= 193.6s  eval_steps=200  val_score=200.0
iter   71/195  step=  145408  ep_return=  157.46  ep_len= 201.0  fall_rate=0.0  logstd=-3.140  clipfrac=0.46  t= 197.4s
iter   72/195  step=  147456  ep_return=  160.04  ep_len= 201.0  fall_rate=0.0  logstd=-3.140  clipfrac=0.45  t= 200.2s
iter   73/195  step=  149504  ep_return=  161.47  ep_len= 201.0  fall_rate=0.0  logstd=-3.140  clipfrac=0.45  t= 203.0s
iter   74/195  step=  151552  ep_return=  161.04  ep_len= 201.0  fall_rate=0.0  logstd=-3.142  clipfrac=0.46  t= 205.5s
iter   75/195  step=  153600  ep_return=  160.56  ep_len= 201.0  fall_rate=0.0  logstd=-3.143  clipfrac=0.44  t= 207.9s  eval_steps=200  val_score=200.0
iter   76/195  step=  155648  ep_return=  162.77  ep_len= 201.0  fall_rate=0.0  logstd=-3.144  clipfrac=0.47  t= 212.0s
iter   77/195  step=  157696  ep_return=  160.52  ep_len= 201.0  fall_rate=0.0  logstd=-3.145  clipfrac=0.45  t= 214.7s
iter   78/195  step=  159744  ep_return=  158.53  ep_len= 201.0  fall_rate=0.0  logstd=-3.148  clipfrac=0.48  t= 216.9s
iter   79/195  step=  161792  ep_return=  160.37  ep_len= 201.0  fall_rate=0.0  logstd=-3.149  clipfrac=0.44  t= 219.1s
iter   80/195  step=  163840  ep_return=  160.94  ep_len= 201.0  fall_rate=0.0  logstd=-3.150  clipfrac=0.47  t= 221.5s  eval_steps=200  val_score=200.0
iter   81/195  step=  165888  ep_return=  158.91  ep_len= 201.0  fall_rate=0.0  logstd=-3.151  clipfrac=0.46  t= 225.2s
iter   82/195  step=  167936  ep_return=  155.90  ep_len= 201.0  fall_rate=0.0  logstd=-3.152  clipfrac=0.45  t= 227.7s
iter   83/195  step=  169984  ep_return=  157.25  ep_len= 201.0  fall_rate=0.0  logstd=-3.155  clipfrac=0.46  t= 230.8s
iter   84/195  step=  172032  ep_return=  160.56  ep_len= 201.0  fall_rate=0.0  logstd=-3.158  clipfrac=0.44  t= 233.2s
iter   85/195  step=  174080  ep_return=  161.74  ep_len= 201.0  fall_rate=0.0  logstd=-3.158  clipfrac=0.45  t= 235.9s  eval_steps=200  val_score=200.0
iter   86/195  step=  176128  ep_return=  160.04  ep_len= 201.0  fall_rate=0.0  logstd=-3.160  clipfrac=0.44  t= 240.5s
iter   87/195  step=  178176  ep_return=  159.32  ep_len= 201.0  fall_rate=0.0  logstd=-3.161  clipfrac=0.44  t= 243.5s
iter   88/195  step=  180224  ep_return=  160.54  ep_len= 201.0  fall_rate=0.0  logstd=-3.163  clipfrac=0.44  t= 246.6s
iter   89/195  step=  182272  ep_return=  162.84  ep_len= 201.0  fall_rate=0.0  logstd=-3.164  clipfrac=0.43  t= 249.3s
iter   90/195  step=  184320  ep_return=  162.66  ep_len= 201.0  fall_rate=0.0  logstd=-3.165  clipfrac=0.42  t= 251.9s  eval_steps=200  val_score=200.0
iter   91/195  step=  186368  ep_return=  159.69  ep_len= 201.0  fall_rate=0.0  logstd=-3.167  clipfrac=0.45  t= 255.9s
iter   92/195  step=  188416  ep_return=  160.26  ep_len= 201.0  fall_rate=0.0  logstd=-3.168  clipfrac=0.41  t= 258.8s
iter   93/195  step=  190464  ep_return=  160.64  ep_len= 201.0  fall_rate=0.0  logstd=-3.169  clipfrac=0.46  t= 261.9s
iter   94/195  step=  192512  ep_return=  162.26  ep_len= 201.0  fall_rate=0.0  logstd=-3.170  clipfrac=0.45  t= 264.4s
iter   95/195  step=  194560  ep_return=  158.94  ep_len= 199.4  fall_rate=0.05  logstd=-3.172  clipfrac=0.41  t= 266.9s  eval_steps=200  val_score=198.1
iter   96/195  step=  196608  ep_return=  157.69  ep_len= 199.4  fall_rate=0.05  logstd=-3.172  clipfrac=0.45  t= 271.5s
iter   97/195  step=  198656  ep_return=  163.58  ep_len= 201.0  fall_rate=0.0  logstd=-3.173  clipfrac=0.43  t= 274.0s
iter   98/195  step=  200704  ep_return=  158.42  ep_len= 199.5  fall_rate=0.05  logstd=-3.174  clipfrac=0.42  t= 276.1s
iter   99/195  step=  202752  ep_return=  158.55  ep_len= 199.5  fall_rate=0.05  logstd=-3.176  clipfrac=0.43  t= 278.5s
iter  100/195  step=  204800  ep_return=  163.53  ep_len= 201.0  fall_rate=0.0  logstd=-3.176  clipfrac=0.43  t= 280.4s  eval_steps=200  val_score=200.0
iter  101/195  step=  206848  ep_return=  162.42  ep_len= 201.0  fall_rate=0.0  logstd=-3.177  clipfrac=0.44  t= 283.9s
iter  102/195  step=  208896  ep_return=  163.39  ep_len= 201.0  fall_rate=0.0  logstd=-3.179  clipfrac=0.40  t= 286.7s
iter  103/195  step=  210944  ep_return=  152.22  ep_len= 198.1  fall_rate=0.1  logstd=-3.180  clipfrac=0.41  t= 288.9s
iter  104/195  step=  212992  ep_return=  151.22  ep_len= 198.1  fall_rate=0.1  logstd=-3.181  clipfrac=0.40  t= 291.5s
iter  105/195  step=  215040  ep_return=  156.92  ep_len= 199.3  fall_rate=0.05  logstd=-3.181  clipfrac=0.39  t= 293.5s  eval_steps=200  val_score=198.5
iter  106/195  step=  217088  ep_return=  153.57  ep_len= 195.2  fall_rate=0.1  logstd=-3.182  clipfrac=0.40  t= 297.5s
iter  107/195  step=  219136  ep_return=  155.43  ep_len= 196.9  fall_rate=0.1  logstd=-3.184  clipfrac=0.40  t= 300.4s
iter  108/195  step=  221184  ep_return=  159.19  ep_len= 201.0  fall_rate=0.05  logstd=-3.186  clipfrac=0.41  t= 303.5s
iter  109/195  step=  223232  ep_return=  157.34  ep_len= 200.4  fall_rate=0.05  logstd=-3.187  clipfrac=0.39  t= 306.4s
iter  110/195  step=  225280  ep_return=  159.25  ep_len= 200.4  fall_rate=0.05  logstd=-3.188  clipfrac=0.41  t= 309.4s  eval_steps=200  val_score=200.0
iter  111/195  step=  227328  ep_return=  163.23  ep_len= 201.0  fall_rate=0.0  logstd=-3.188  clipfrac=0.42  t= 313.4s
iter  112/195  step=  229376  ep_return=  164.02  ep_len= 201.0  fall_rate=0.0  logstd=-3.190  clipfrac=0.42  t= 316.3s
iter  113/195  step=  231424  ep_return=  163.88  ep_len= 201.0  fall_rate=0.0  logstd=-3.191  clipfrac=0.41  t= 318.4s
iter  114/195  step=  233472  ep_return=  164.72  ep_len= 201.0  fall_rate=0.0  logstd=-3.191  clipfrac=0.39  t= 320.5s
iter  115/195  step=  235520  ep_return=  165.96  ep_len= 201.0  fall_rate=0.0  logstd=-3.192  clipfrac=0.41  t= 322.8s  eval_steps=200  val_score=200.0
iter  116/195  step=  237568  ep_return=  164.44  ep_len= 201.0  fall_rate=0.0  logstd=-3.193  clipfrac=0.40  t= 326.9s
iter  117/195  step=  239616  ep_return=  165.33  ep_len= 201.0  fall_rate=0.0  logstd=-3.195  clipfrac=0.40  t= 329.0s
iter  118/195  step=  241664  ep_return=  166.31  ep_len= 201.0  fall_rate=0.0  logstd=-3.196  clipfrac=0.39  t= 331.9s
iter  119/195  step=  243712  ep_return=  164.61  ep_len= 201.0  fall_rate=0.0  logstd=-3.197  clipfrac=0.40  t= 333.9s
iter  120/195  step=  245760  ep_return=  163.40  ep_len= 201.0  fall_rate=0.0  logstd=-3.198  clipfrac=0.39  t= 336.7s  eval_steps=200  val_score=200.0
iter  121/195  step=  247808  ep_return=  165.37  ep_len= 201.0  fall_rate=0.0  logstd=-3.199  clipfrac=0.40  t= 340.9s
iter  122/195  step=  249856  ep_return=  166.42  ep_len= 201.0  fall_rate=0.0  logstd=-3.200  clipfrac=0.40  t= 343.0s
iter  123/195  step=  251904  ep_return=  165.35  ep_len= 201.0  fall_rate=0.0  logstd=-3.201  clipfrac=0.38  t= 345.0s
iter  124/195  step=  253952  ep_return=  164.79  ep_len= 201.0  fall_rate=0.0  logstd=-3.202  clipfrac=0.37  t= 347.1s
iter  125/195  step=  256000  ep_return=  164.95  ep_len= 201.0  fall_rate=0.0  logstd=-3.203  clipfrac=0.39  t= 349.4s  eval_steps=200  val_score=193.1
iter  126/195  step=  258048  ep_return=  164.98  ep_len= 201.0  fall_rate=0.0  logstd=-3.204  clipfrac=0.38  t= 353.0s
iter  127/195  step=  260096  ep_return=  164.98  ep_len= 201.0  fall_rate=0.0  logstd=-3.206  clipfrac=0.37  t= 356.2s
iter  128/195  step=  262144  ep_return=  164.89  ep_len= 201.0  fall_rate=0.0  logstd=-3.206  clipfrac=0.39  t= 359.1s
iter  129/195  step=  264192  ep_return=  165.39  ep_len= 201.0  fall_rate=0.0  logstd=-3.207  clipfrac=0.38  t= 361.6s
iter  130/195  step=  266240  ep_return=  164.44  ep_len= 201.0  fall_rate=0.0  logstd=-3.207  clipfrac=0.39  t= 363.8s  eval_steps=200  val_score=200.0
iter  131/195  step=  268288  ep_return=  164.03  ep_len= 201.0  fall_rate=0.0  logstd=-3.208  clipfrac=0.36  t= 367.9s
iter  132/195  step=  270336  ep_return=  166.79  ep_len= 201.0  fall_rate=0.0  logstd=-3.208  clipfrac=0.36  t= 370.2s
iter  133/195  step=  272384  ep_return=  166.84  ep_len= 201.0  fall_rate=0.0  logstd=-3.209  clipfrac=0.35  t= 373.0s
iter  134/195  step=  274432  ep_return=  166.13  ep_len= 201.0  fall_rate=0.0  logstd=-3.209  clipfrac=0.34  t= 375.8s
iter  135/195  step=  276480  ep_return=  163.85  ep_len= 201.0  fall_rate=0.0  logstd=-3.209  clipfrac=0.34  t= 378.4s  eval_steps=200  val_score=200.0
iter  136/195  step=  278528  ep_return=  163.69  ep_len= 201.0  fall_rate=0.0  logstd=-3.210  clipfrac=0.35  t= 382.4s
iter  137/195  step=  280576  ep_return=  167.61  ep_len= 201.0  fall_rate=0.0  logstd=-3.211  clipfrac=0.35  t= 384.6s
iter  138/195  step=  282624  ep_return=  165.80  ep_len= 201.0  fall_rate=0.0  logstd=-3.213  clipfrac=0.34  t= 387.5s
iter  139/195  step=  284672  ep_return=  164.52  ep_len= 201.0  fall_rate=0.0  logstd=-3.214  clipfrac=0.36  t= 389.4s
iter  140/195  step=  286720  ep_return=  164.43  ep_len= 201.0  fall_rate=0.0  logstd=-3.215  clipfrac=0.38  t= 392.3s  eval_steps=200  val_score=200.0
iter  141/195  step=  288768  ep_return=  162.91  ep_len= 201.0  fall_rate=0.0  logstd=-3.216  clipfrac=0.35  t= 396.0s
iter  142/195  step=  290816  ep_return=  165.27  ep_len= 201.0  fall_rate=0.0  logstd=-3.217  clipfrac=0.33  t= 398.0s
iter  143/195  step=  292864  ep_return=  165.19  ep_len= 201.0  fall_rate=0.0  logstd=-3.219  clipfrac=0.32  t= 400.1s
iter  144/195  step=  294912  ep_return=  164.94  ep_len= 201.0  fall_rate=0.0  logstd=-3.219  clipfrac=0.32  t= 402.7s
iter  145/195  step=  296960  ep_return=  164.72  ep_len= 201.0  fall_rate=0.0  logstd=-3.220  clipfrac=0.33  t= 404.8s  eval_steps=200  val_score=200.0
iter  146/195  step=  299008  ep_return=  164.89  ep_len= 201.0  fall_rate=0.0  logstd=-3.220  clipfrac=0.27  t= 409.1s
iter  147/195  step=  301056  ep_return=  165.35  ep_len= 201.0  fall_rate=0.0  logstd=-3.221  clipfrac=0.35  t= 411.5s
iter  148/195  step=  303104  ep_return=  163.11  ep_len= 201.0  fall_rate=0.0  logstd=-3.222  clipfrac=0.33  t= 413.8s
iter  149/195  step=  305152  ep_return=  163.41  ep_len= 201.0  fall_rate=0.0  logstd=-3.223  clipfrac=0.33  t= 416.6s
iter  150/195  step=  307200  ep_return=  163.75  ep_len= 201.0  fall_rate=0.0  logstd=-3.223  clipfrac=0.32  t= 418.7s  eval_steps=200  val_score=200.0
iter  151/195  step=  309248  ep_return=  162.51  ep_len= 201.0  fall_rate=0.0  logstd=-3.224  clipfrac=0.31  t= 423.1s
iter  152/195  step=  311296  ep_return=  163.59  ep_len= 201.0  fall_rate=0.0  logstd=-3.224  clipfrac=0.32  t= 425.7s
iter  153/195  step=  313344  ep_return=  166.97  ep_len= 201.0  fall_rate=0.0  logstd=-3.224  clipfrac=0.31  t= 428.6s
iter  154/195  step=  315392  ep_return=  167.16  ep_len= 201.0  fall_rate=0.0  logstd=-3.225  clipfrac=0.30  t= 430.7s
iter  155/195  step=  317440  ep_return=  168.54  ep_len= 201.0  fall_rate=0.0  logstd=-3.225  clipfrac=0.29  t= 432.7s  eval_steps=200  val_score=200.0
iter  156/195  step=  319488  ep_return=  166.71  ep_len= 201.0  fall_rate=0.0  logstd=-3.225  clipfrac=0.30  t= 436.7s
iter  157/195  step=  321536  ep_return=  165.86  ep_len= 201.0  fall_rate=0.0  logstd=-3.226  clipfrac=0.29  t= 438.9s
iter  158/195  step=  323584  ep_return=  165.98  ep_len= 201.0  fall_rate=0.0  logstd=-3.227  clipfrac=0.28  t= 440.9s
iter  159/195  step=  325632  ep_return=  164.15  ep_len= 201.0  fall_rate=0.0  logstd=-3.227  clipfrac=0.31  t= 443.8s
iter  160/195  step=  327680  ep_return=  166.59  ep_len= 201.0  fall_rate=0.0  logstd=-3.227  clipfrac=0.28  t= 446.4s  eval_steps=200  val_score=200.0
iter  161/195  step=  329728  ep_return=  168.24  ep_len= 201.0  fall_rate=0.0  logstd=-3.228  clipfrac=0.25  t= 450.0s
iter  162/195  step=  331776  ep_return=  158.49  ep_len= 196.8  fall_rate=0.05  logstd=-3.228  clipfrac=0.25  t= 452.4s
iter  163/195  step=  333824  ep_return=  159.14  ep_len= 196.8  fall_rate=0.05  logstd=-3.228  clipfrac=0.30  t= 454.4s
iter  164/195  step=  335872  ep_return=  168.01  ep_len= 201.0  fall_rate=0.0  logstd=-3.228  clipfrac=0.28  t= 457.0s
iter  165/195  step=  337920  ep_return=  167.85  ep_len= 201.0  fall_rate=0.0  logstd=-3.229  clipfrac=0.29  t= 459.8s  eval_steps=200  val_score=200.0
iter  166/195  step=  339968  ep_return=  167.43  ep_len= 201.0  fall_rate=0.0  logstd=-3.229  clipfrac=0.27  t= 464.0s
iter  167/195  step=  342016  ep_return=  166.01  ep_len= 201.0  fall_rate=0.0  logstd=-3.229  clipfrac=0.25  t= 466.1s
iter  168/195  step=  344064  ep_return=  166.57  ep_len= 201.0  fall_rate=0.0  logstd=-3.230  clipfrac=0.23  t= 468.4s
iter  169/195  step=  346112  ep_return=  167.17  ep_len= 201.0  fall_rate=0.0  logstd=-3.230  clipfrac=0.17  t= 470.4s
iter  170/195  step=  348160  ep_return=  163.97  ep_len= 201.0  fall_rate=0.0  logstd=-3.231  clipfrac=0.27  t= 472.8s  eval_steps=200  val_score=200.0
iter  171/195  step=  350208  ep_return=  164.67  ep_len= 201.0  fall_rate=0.0  logstd=-3.231  clipfrac=0.23  t= 477.0s
iter  172/195  step=  352256  ep_return=  167.17  ep_len= 201.0  fall_rate=0.0  logstd=-3.231  clipfrac=0.23  t= 479.3s
iter  173/195  step=  354304  ep_return=  168.63  ep_len= 201.0  fall_rate=0.0  logstd=-3.232  clipfrac=0.22  t= 481.3s
iter  174/195  step=  356352  ep_return=  169.05  ep_len= 201.0  fall_rate=0.0  logstd=-3.232  clipfrac=0.21  t= 483.5s
iter  175/195  step=  358400  ep_return=  161.93  ep_len= 195.2  fall_rate=0.05  logstd=-3.232  clipfrac=0.16  t= 485.8s  eval_steps=200  val_score=200.0
iter  176/195  step=  360448  ep_return=  160.86  ep_len= 195.2  fall_rate=0.05  logstd=-3.232  clipfrac=0.19  t= 490.0s
iter  177/195  step=  362496  ep_return=  170.12  ep_len= 201.0  fall_rate=0.0  logstd=-3.232  clipfrac=0.23  t= 492.7s
iter  178/195  step=  364544  ep_return=  169.35  ep_len= 201.0  fall_rate=0.0  logstd=-3.232  clipfrac=0.21  t= 494.8s
iter  179/195  step=  366592  ep_return=  169.27  ep_len= 201.0  fall_rate=0.0  logstd=-3.232  clipfrac=0.20  t= 497.8s
iter  180/195  step=  368640  ep_return=  169.27  ep_len= 201.0  fall_rate=0.0  logstd=-3.232  clipfrac=0.18  t= 500.0s  eval_steps=200  val_score=200.0
iter  181/195  step=  370688  ep_return=  166.24  ep_len= 201.0  fall_rate=0.0  logstd=-3.233  clipfrac=0.19  t= 504.6s
iter  182/195  step=  372736  ep_return=  167.03  ep_len= 201.0  fall_rate=0.0  logstd=-3.233  clipfrac=0.16  t= 507.0s
iter  183/195  step=  374784  ep_return=  167.01  ep_len= 201.0  fall_rate=0.0  logstd=-3.233  clipfrac=0.16  t= 509.1s
iter  184/195  step=  376832  ep_return=  168.99  ep_len= 201.0  fall_rate=0.0  logstd=-3.233  clipfrac=0.16  t= 511.8s
iter  185/195  step=  378880  ep_return=  170.14  ep_len= 201.0  fall_rate=0.0  logstd=-3.233  clipfrac=0.14  t= 513.9s  eval_steps=200  val_score=200.0
iter  186/195  step=  380928  ep_return=  170.35  ep_len= 201.0  fall_rate=0.0  logstd=-3.233  clipfrac=0.14  t= 518.1s
iter  187/195  step=  382976  ep_return=  169.20  ep_len= 201.0  fall_rate=0.0  logstd=-3.234  clipfrac=0.11  t= 520.4s
iter  188/195  step=  385024  ep_return=  168.97  ep_len= 201.0  fall_rate=0.0  logstd=-3.234  clipfrac=0.10  t= 523.1s
iter  189/195  step=  387072  ep_return=  169.02  ep_len= 201.0  fall_rate=0.0  logstd=-3.234  clipfrac=0.08  t= 525.9s
iter  190/195  step=  389120  ep_return=  168.53  ep_len= 201.0  fall_rate=0.0  logstd=-3.234  clipfrac=0.05  t= 528.0s  eval_steps=200  val_score=200.0
iter  191/195  step=  391168  ep_return=  169.65  ep_len= 201.0  fall_rate=0.0  logstd=-3.234  clipfrac=0.06  t= 532.3s
iter  192/195  step=  393216  ep_return=  169.85  ep_len= 201.0  fall_rate=0.0  logstd=-3.234  clipfrac=0.04  t= 535.2s
iter  193/195  step=  395264  ep_return=  169.22  ep_len= 201.0  fall_rate=0.0  logstd=-3.234  clipfrac=0.01  t= 537.7s
iter  194/195  step=  397312  ep_return=  167.51  ep_len= 201.0  fall_rate=0.0  logstd=-3.234  clipfrac=0.01  t= 540.3s
iter  195/195  step=  399360  ep_return=  167.14  ep_len= 201.0  fall_rate=0.0  logstd=-3.234  clipfrac=0.00  t= 543.2s  eval_steps=200  val_score=200.0
saved checkpoint -> /home/elida_sensoy/cara_robot/cara_robot/cara_description/runs/u27_standing_init/u27_seed2.pt
