perturbation curriculum ON: bands=((0.4, 0.0), (0.3, 3.0), (0.3, 7.0))  advance the hard band by +1.0 rad/s once deterministic survival at that std, over 30 held-out reset seeds, reaches 90%, after at least 50000 steps at the current std.
resumed from /home/elida_sensoy/cara_robot/cara_robot/cara_description/runs/u27_standing_init/u27_seed1.pt: actor_logstd=[-3.1904926 -3.1076434 -3.2671878 -3.36928   -3.2553244 -3.1763127
 -3.2102695 -3.177885  -3.3573344 -3.3481915 -3.1942194 -3.177077 ] (std=[0.04115159 0.04470618 0.03811346 0.0344144  0.03856831 0.04173927
 0.04034574 0.0416737  0.03482798 0.03514786 0.04099852 0.04170739]) -- --init-logstd=-0.5 was IGNORED since a checkpoint was loaded. optimizer state (Adam moments) restored -- this is an EXACT resumption.
iter    1/195  step=    2048  ep_return=  128.26  ep_len= 167.7  fall_rate=0.2222222222222222  logstd=-3.239  clipfrac=0.66  t=   2.8s
iter    2/195  step=    4096  ep_return=  128.05  ep_len= 172.1  fall_rate=0.2  logstd=-3.237  clipfrac=0.66  t=   4.9s
iter    3/195  step=    6144  ep_return=  134.07  ep_len= 178.1  fall_rate=0.15  logstd=-3.239  clipfrac=0.61  t=   7.4s
iter    4/195  step=    8192  ep_return=  164.18  ep_len= 201.0  fall_rate=0.0  logstd=-3.239  clipfrac=0.62  t=  10.3s
iter    5/195  step=   10240  ep_return=  165.31  ep_len= 201.0  fall_rate=0.0  logstd=-3.236  clipfrac=0.61  t=  12.3s
iter    6/195  step=   12288  ep_return=  162.62  ep_len= 201.0  fall_rate=0.0  logstd=-3.236  clipfrac=0.63  t=  14.3s
iter    7/195  step=   14336  ep_return=  152.48  ep_len= 194.1  fall_rate=0.05  logstd=-3.238  clipfrac=0.58  t=  17.2s
iter    8/195  step=   16384  ep_return=  143.60  ep_len= 185.9  fall_rate=0.1  logstd=-3.238  clipfrac=0.60  t=  20.1s
iter    9/195  step=   18432  ep_return=  166.38  ep_len= 201.0  fall_rate=0.0  logstd=-3.237  clipfrac=0.62  t=  23.0s
iter   10/195  step=   20480  ep_return=  147.77  ep_len= 189.6  fall_rate=0.1  logstd=-3.236  clipfrac=0.61  t=  26.1s  eval_steps=200  val_score=200.0 (NEW BEST)
iter   11/195  step=   22528  ep_return=  147.98  ep_len= 189.6  fall_rate=0.1  logstd=-3.236  clipfrac=0.60  t=  29.9s
iter   12/195  step=   24576  ep_return=  154.50  ep_len= 193.3  fall_rate=0.05  logstd=-3.240  clipfrac=0.58  t=  32.2s
iter   13/195  step=   26624  ep_return=  154.55  ep_len= 193.3  fall_rate=0.05  logstd=-3.242  clipfrac=0.60  t=  34.1s
iter   14/195  step=   28672  ep_return=  168.40  ep_len= 201.0  fall_rate=0.0  logstd=-3.242  clipfrac=0.61  t=  36.1s
iter   15/195  step=   30720  ep_return=  159.04  ep_len= 192.9  fall_rate=0.05  logstd=-3.242  clipfrac=0.60  t=  38.0s
iter   16/195  step=   32768  ep_return=  158.02  ep_len= 192.9  fall_rate=0.05  logstd=-3.244  clipfrac=0.58  t=  39.9s
iter   17/195  step=   34816  ep_return=  159.25  ep_len= 192.2  fall_rate=0.05  logstd=-3.246  clipfrac=0.62  t=  42.5s
iter   18/195  step=   36864  ep_return=  159.12  ep_len= 192.2  fall_rate=0.05  logstd=-3.247  clipfrac=0.62  t=  44.7s
iter   19/195  step=   38912  ep_return=  158.97  ep_len= 192.3  fall_rate=0.05  logstd=-3.247  clipfrac=0.64  t=  47.6s
iter   20/195  step=   40960  ep_return=  156.99  ep_len= 192.3  fall_rate=0.05  logstd=-3.248  clipfrac=0.62  t=  49.6s  eval_steps=200  val_score=200.0
iter   21/195  step=   43008  ep_return=  164.91  ep_len= 201.0  fall_rate=0.0  logstd=-3.249  clipfrac=0.58  t=  53.7s
iter   22/195  step=   45056  ep_return=  158.81  ep_len= 193.6  fall_rate=0.05  logstd=-3.252  clipfrac=0.55  t=  56.3s
iter   23/195  step=   47104  ep_return=  146.86  ep_len= 185.2  fall_rate=0.1  logstd=-3.254  clipfrac=0.58  t=  59.2s
iter   24/195  step=   49152  ep_return=  144.65  ep_len= 185.5  fall_rate=0.1  logstd=-3.255  clipfrac=0.55  t=  61.2s
iter   25/195  step=   51200  ep_return=  155.25  ep_len= 193.9  fall_rate=0.05  logstd=-3.255  clipfrac=0.58  t=  64.0s
iter   26/195  step=   53248  ep_return=  154.75  ep_len= 193.2  fall_rate=0.05  logstd=-3.255  clipfrac=0.58  t=  66.1s
iter   27/195  step=   55296  ep_return=  144.75  ep_len= 184.3  fall_rate=0.1  logstd=-3.255  clipfrac=0.58  t=  69.0s
iter   28/195  step=   57344  ep_return=  153.91  ep_len= 192.2  fall_rate=0.05  logstd=-3.256  clipfrac=0.58  t=  71.0s
iter   29/195  step=   59392  ep_return=  154.40  ep_len= 192.9  fall_rate=0.05  logstd=-3.256  clipfrac=0.58  t=  73.9s
iter   30/195  step=   61440  ep_return=  143.97  ep_len= 185.9  fall_rate=0.1  logstd=-3.260  clipfrac=0.54  t=  76.8s  eval_steps=200  val_score=200.0
  [perturb check] hard_std=7.00 rad/s  survival=76.7% (N=30, target=90%)
iter   31/195  step=   63488  ep_return=  154.50  ep_len= 194.1  fall_rate=0.05  logstd=-3.259  clipfrac=0.64  t=  82.6s
iter   32/195  step=   65536  ep_return=  155.91  ep_len= 192.6  fall_rate=0.05  logstd=-3.261  clipfrac=0.58  t=  85.6s
iter   33/195  step=   67584  ep_return=  154.72  ep_len= 192.6  fall_rate=0.05  logstd=-3.264  clipfrac=0.57  t=  88.6s
iter   34/195  step=   69632  ep_return=  164.23  ep_len= 201.0  fall_rate=0.0  logstd=-3.265  clipfrac=0.59  t=  91.4s
iter   35/195  step=   71680  ep_return=  163.21  ep_len= 201.0  fall_rate=0.0  logstd=-3.266  clipfrac=0.58  t=  94.4s
iter   36/195  step=   73728  ep_return=  161.14  ep_len= 201.0  fall_rate=0.0  logstd=-3.269  clipfrac=0.59  t=  97.3s
iter   37/195  step=   75776  ep_return=  164.89  ep_len= 201.0  fall_rate=0.0  logstd=-3.269  clipfrac=0.62  t= 100.3s
iter   38/195  step=   77824  ep_return=  145.65  ep_len= 184.9  fall_rate=0.1  logstd=-3.270  clipfrac=0.53  t= 102.2s
iter   39/195  step=   79872  ep_return=  143.76  ep_len= 184.9  fall_rate=0.1  logstd=-3.271  clipfrac=0.64  t= 104.2s
iter   40/195  step=   81920  ep_return=  164.47  ep_len= 201.0  fall_rate=0.0  logstd=-3.271  clipfrac=0.58  t= 107.1s  eval_steps=200  val_score=200.0
  [perturb check] hard_std=7.00 rad/s  survival=76.7% (N=30, target=90%)
iter   41/195  step=   83968  ep_return=  166.57  ep_len= 201.0  fall_rate=0.0  logstd=-3.273  clipfrac=0.59  t= 113.4s
iter   42/195  step=   86016  ep_return=  154.42  ep_len= 192.8  fall_rate=0.05  logstd=-3.274  clipfrac=0.57  t= 115.7s
iter   43/195  step=   88064  ep_return=  153.35  ep_len= 192.8  fall_rate=0.05  logstd=-3.277  clipfrac=0.59  t= 118.2s
iter   44/195  step=   90112  ep_return=  152.96  ep_len= 192.4  fall_rate=0.1  logstd=-3.281  clipfrac=0.54  t= 121.1s
iter   45/195  step=   92160  ep_return=  153.23  ep_len= 192.4  fall_rate=0.1  logstd=-3.283  clipfrac=0.58  t= 124.1s
iter   46/195  step=   94208  ep_return=  158.36  ep_len= 191.9  fall_rate=0.05  logstd=-3.283  clipfrac=0.62  t= 126.6s
iter   47/195  step=   96256  ep_return=  154.08  ep_len= 191.9  fall_rate=0.05  logstd=-3.286  clipfrac=0.58  t= 128.8s
iter   48/195  step=   98304  ep_return=  163.34  ep_len= 201.0  fall_rate=0.0  logstd=-3.288  clipfrac=0.56  t= 131.6s
iter   49/195  step=  100352  ep_return=  156.08  ep_len= 192.7  fall_rate=0.05  logstd=-3.289  clipfrac=0.63  t= 133.8s
iter   50/195  step=  102400  ep_return=  145.35  ep_len= 185.2  fall_rate=0.1  logstd=-3.291  clipfrac=0.52  t= 135.8s  eval_steps=200  val_score=200.0
  [perturb check] hard_std=7.00 rad/s  survival=83.3% (N=30, target=90%)
iter   51/195  step=  104448  ep_return=  148.05  ep_len= 185.2  fall_rate=0.1  logstd=-3.294  clipfrac=0.57  t= 141.2s
iter   52/195  step=  106496  ep_return=  154.36  ep_len= 193.0  fall_rate=0.05  logstd=-3.295  clipfrac=0.58  t= 144.2s
iter   53/195  step=  108544  ep_return=  143.58  ep_len= 184.2  fall_rate=0.1  logstd=-3.298  clipfrac=0.55  t= 146.9s
iter   54/195  step=  110592  ep_return=  154.93  ep_len= 192.2  fall_rate=0.05  logstd=-3.299  clipfrac=0.56  t= 149.9s
iter   55/195  step=  112640  ep_return=  165.55  ep_len= 201.0  fall_rate=0.0  logstd=-3.301  clipfrac=0.56  t= 152.8s
iter   56/195  step=  114688  ep_return=  165.26  ep_len= 201.0  fall_rate=0.0  logstd=-3.302  clipfrac=0.57  t= 155.5s
iter   57/195  step=  116736  ep_return=  156.96  ep_len= 193.3  fall_rate=0.05  logstd=-3.307  clipfrac=0.53  t= 158.4s
iter   58/195  step=  118784  ep_return=  147.97  ep_len= 186.2  fall_rate=0.1  logstd=-3.308  clipfrac=0.52  t= 161.4s
iter   59/195  step=  120832  ep_return=  144.51  ep_len= 185.9  fall_rate=0.1  logstd=-3.309  clipfrac=0.54  t= 163.8s
iter   60/195  step=  122880  ep_return=  145.39  ep_len= 187.1  fall_rate=0.1  logstd=-3.310  clipfrac=0.52  t= 166.8s  eval_steps=200  val_score=200.0
  [perturb check] hard_std=7.00 rad/s  survival=76.7% (N=30, target=90%)
iter   61/195  step=  124928  ep_return=  144.82  ep_len= 187.1  fall_rate=0.1  logstd=-3.310  clipfrac=0.57  t= 172.9s
iter   62/195  step=  126976  ep_return=  134.49  ep_len= 175.9  fall_rate=0.15  logstd=-3.309  clipfrac=0.56  t= 174.9s
iter   63/195  step=  129024  ep_return=  137.28  ep_len= 175.9  fall_rate=0.15  logstd=-3.312  clipfrac=0.55  t= 176.8s
iter   64/195  step=  131072  ep_return=  168.47  ep_len= 201.0  fall_rate=0.0  logstd=-3.311  clipfrac=0.59  t= 179.7s
iter   65/195  step=  133120  ep_return=  145.79  ep_len= 184.6  fall_rate=0.1  logstd=-3.315  clipfrac=0.50  t= 182.6s
iter   66/195  step=  135168  ep_return=  145.31  ep_len= 184.6  fall_rate=0.1  logstd=-3.316  clipfrac=0.53  t= 185.1s
iter   67/195  step=  137216  ep_return=  156.72  ep_len= 194.3  fall_rate=0.05  logstd=-3.318  clipfrac=0.54  t= 187.9s
iter   68/195  step=  139264  ep_return=  157.80  ep_len= 194.3  fall_rate=0.05  logstd=-3.319  clipfrac=0.52  t= 190.8s
iter   69/195  step=  141312  ep_return=  168.48  ep_len= 201.0  fall_rate=0.0  logstd=-3.318  clipfrac=0.61  t= 192.9s
iter   70/195  step=  143360  ep_return=  164.94  ep_len= 201.0  fall_rate=0.0  logstd=-3.318  clipfrac=0.56  t= 194.9s  eval_steps=200  val_score=200.0
  [perturb check] hard_std=7.00 rad/s  survival=83.3% (N=30, target=90%)
iter   71/195  step=  145408  ep_return=  155.70  ep_len= 192.9  fall_rate=0.05  logstd=-3.319  clipfrac=0.51  t= 201.2s
iter   72/195  step=  147456  ep_return=  155.43  ep_len= 192.9  fall_rate=0.05  logstd=-3.321  clipfrac=0.51  t= 203.2s
iter   73/195  step=  149504  ep_return=  143.43  ep_len= 184.3  fall_rate=0.1  logstd=-3.322  clipfrac=0.58  t= 205.2s
iter   74/195  step=  151552  ep_return=  132.45  ep_len= 175.8  fall_rate=0.15  logstd=-3.324  clipfrac=0.48  t= 207.8s
iter   75/195  step=  153600  ep_return=  143.41  ep_len= 184.1  fall_rate=0.1  logstd=-3.324  clipfrac=0.54  t= 209.8s
iter   76/195  step=  155648  ep_return=  145.74  ep_len= 188.3  fall_rate=0.1  logstd=-3.325  clipfrac=0.50  t= 212.7s
iter   77/195  step=  157696  ep_return=  146.14  ep_len= 188.3  fall_rate=0.1  logstd=-3.327  clipfrac=0.50  t= 215.6s
iter   78/195  step=  159744  ep_return=  159.84  ep_len= 196.4  fall_rate=0.05  logstd=-3.328  clipfrac=0.50  t= 218.2s
iter   79/195  step=  161792  ep_return=  159.29  ep_len= 194.9  fall_rate=0.05  logstd=-3.331  clipfrac=0.47  t= 220.1s
iter   80/195  step=  163840  ep_return=  157.76  ep_len= 194.7  fall_rate=0.05  logstd=-3.333  clipfrac=0.54  t= 222.1s  eval_steps=200  val_score=200.0
  [perturb check] hard_std=7.00 rad/s  survival=73.3% (N=30, target=90%)
iter   81/195  step=  165888  ep_return=  147.85  ep_len= 186.2  fall_rate=0.1  logstd=-3.334  clipfrac=0.48  t= 227.4s
iter   82/195  step=  167936  ep_return=  146.97  ep_len= 184.4  fall_rate=0.1  logstd=-3.335  clipfrac=0.53  t= 230.2s
iter   83/195  step=  169984  ep_return=  159.10  ep_len= 192.5  fall_rate=0.05  logstd=-3.336  clipfrac=0.52  t= 233.2s
iter   84/195  step=  172032  ep_return=  157.60  ep_len= 192.5  fall_rate=0.05  logstd=-3.338  clipfrac=0.54  t= 235.8s
iter   85/195  step=  174080  ep_return=  164.80  ep_len= 201.0  fall_rate=0.0  logstd=-3.340  clipfrac=0.53  t= 238.8s
iter   86/195  step=  176128  ep_return=  158.07  ep_len= 194.3  fall_rate=0.05  logstd=-3.342  clipfrac=0.51  t= 241.7s
iter   87/195  step=  178176  ep_return=  149.30  ep_len= 185.7  fall_rate=0.1  logstd=-3.342  clipfrac=0.52  t= 244.6s
iter   88/195  step=  180224  ep_return=  149.11  ep_len= 183.8  fall_rate=0.1  logstd=-3.343  clipfrac=0.52  t= 247.1s
iter   89/195  step=  182272  ep_return=  147.40  ep_len= 184.6  fall_rate=0.1  logstd=-3.345  clipfrac=0.46  t= 249.0s
iter   90/195  step=  184320  ep_return=  149.33  ep_len= 184.5  fall_rate=0.1  logstd=-3.348  clipfrac=0.51  t= 251.9s  eval_steps=200  val_score=189.1
  [perturb check] hard_std=7.00 rad/s  survival=80.0% (N=30, target=90%)
iter   91/195  step=  186368  ep_return=  157.47  ep_len= 192.3  fall_rate=0.05  logstd=-3.349  clipfrac=0.54  t= 258.0s
iter   92/195  step=  188416  ep_return=  166.21  ep_len= 201.0  fall_rate=0.0  logstd=-3.349  clipfrac=0.50  t= 260.9s
iter   93/195  step=  190464  ep_return=  159.25  ep_len= 192.3  fall_rate=0.05  logstd=-3.349  clipfrac=0.50  t= 263.6s
iter   94/195  step=  192512  ep_return=  158.50  ep_len= 192.3  fall_rate=0.05  logstd=-3.351  clipfrac=0.53  t= 266.4s
iter   95/195  step=  194560  ep_return=  168.04  ep_len= 201.0  fall_rate=0.0  logstd=-3.352  clipfrac=0.52  t= 269.3s
iter   96/195  step=  196608  ep_return=  170.91  ep_len= 201.0  fall_rate=0.0  logstd=-3.354  clipfrac=0.49  t= 272.2s
iter   97/195  step=  198656  ep_return=  164.06  ep_len= 192.2  fall_rate=0.05  logstd=-3.356  clipfrac=0.44  t= 275.1s
iter   98/195  step=  200704  ep_return=  142.66  ep_len= 174.8  fall_rate=0.15  logstd=-3.359  clipfrac=0.42  t= 278.1s
iter   99/195  step=  202752  ep_return=  149.15  ep_len= 183.7  fall_rate=0.1  logstd=-3.360  clipfrac=0.48  t= 280.1s
iter  100/195  step=  204800  ep_return=  169.21  ep_len= 201.0  fall_rate=0.0  logstd=-3.362  clipfrac=0.49  t= 283.0s  eval_steps=200  val_score=200.0
  [perturb check] hard_std=7.00 rad/s  survival=80.0% (N=30, target=90%)
iter  101/195  step=  206848  ep_return=  137.63  ep_len= 175.8  fall_rate=0.15  logstd=-3.363  clipfrac=0.43  t= 289.0s
iter  102/195  step=  208896  ep_return=  137.96  ep_len= 175.8  fall_rate=0.15  logstd=-3.365  clipfrac=0.48  t= 290.9s
iter  103/195  step=  210944  ep_return=  141.42  ep_len= 176.9  fall_rate=0.15  logstd=-3.366  clipfrac=0.42  t= 293.9s
iter  104/195  step=  212992  ep_return=  143.52  ep_len= 176.9  fall_rate=0.15  logstd=-3.368  clipfrac=0.49  t= 296.9s
iter  105/195  step=  215040  ep_return=  150.30  ep_len= 185.2  fall_rate=0.1  logstd=-3.370  clipfrac=0.43  t= 299.7s
iter  106/195  step=  217088  ep_return=  147.24  ep_len= 185.2  fall_rate=0.1  logstd=-3.371  clipfrac=0.48  t= 302.6s
iter  107/195  step=  219136  ep_return=  166.79  ep_len= 201.0  fall_rate=0.0  logstd=-3.372  clipfrac=0.49  t= 304.6s
iter  108/195  step=  221184  ep_return=  165.79  ep_len= 201.0  fall_rate=0.0  logstd=-3.373  clipfrac=0.44  t= 307.5s
iter  109/195  step=  223232  ep_return=  156.00  ep_len= 192.6  fall_rate=0.05  logstd=-3.376  clipfrac=0.43  t= 309.5s
iter  110/195  step=  225280  ep_return=  159.67  ep_len= 194.8  fall_rate=0.05  logstd=-3.378  clipfrac=0.45  t= 311.4s  eval_steps=200  val_score=200.0
  [perturb check] hard_std=7.00 rad/s  survival=76.7% (N=30, target=90%)
iter  111/195  step=  227328  ep_return=  149.42  ep_len= 187.1  fall_rate=0.1  logstd=-3.378  clipfrac=0.43  t= 317.8s
iter  112/195  step=  229376  ep_return=  160.33  ep_len= 194.2  fall_rate=0.05  logstd=-3.379  clipfrac=0.46  t= 319.7s
iter  113/195  step=  231424  ep_return=  156.66  ep_len= 193.1  fall_rate=0.05  logstd=-3.381  clipfrac=0.44  t= 321.7s
iter  114/195  step=  233472  ep_return=  156.29  ep_len= 193.1  fall_rate=0.05  logstd=-3.381  clipfrac=0.48  t= 324.4s
iter  115/195  step=  235520  ep_return=  167.16  ep_len= 201.0  fall_rate=0.0  logstd=-3.381  clipfrac=0.49  t= 327.4s
iter  116/195  step=  237568  ep_return=  167.55  ep_len= 201.0  fall_rate=0.0  logstd=-3.380  clipfrac=0.47  t= 329.3s
iter  117/195  step=  239616  ep_return=  160.51  ep_len= 192.2  fall_rate=0.05  logstd=-3.380  clipfrac=0.47  t= 332.3s
iter  118/195  step=  241664  ep_return=  160.13  ep_len= 192.2  fall_rate=0.05  logstd=-3.381  clipfrac=0.47  t= 335.1s
iter  119/195  step=  243712  ep_return=  168.04  ep_len= 201.0  fall_rate=0.0  logstd=-3.381  clipfrac=0.44  t= 338.2s
iter  120/195  step=  245760  ep_return=  169.55  ep_len= 201.0  fall_rate=0.0  logstd=-3.381  clipfrac=0.51  t= 341.1s  eval_steps=200  val_score=187.7
  [perturb check] hard_std=7.00 rad/s  survival=80.0% (N=30, target=90%)
iter  121/195  step=  247808  ep_return=  171.00  ep_len= 201.0  fall_rate=0.0  logstd=-3.382  clipfrac=0.45  t= 347.3s
iter  122/195  step=  249856  ep_return=  158.95  ep_len= 193.3  fall_rate=0.05  logstd=-3.383  clipfrac=0.39  t= 350.3s
iter  123/195  step=  251904  ep_return=  157.56  ep_len= 193.3  fall_rate=0.05  logstd=-3.384  clipfrac=0.47  t= 353.2s
iter  124/195  step=  253952  ep_return=  168.96  ep_len= 201.0  fall_rate=0.0  logstd=-3.385  clipfrac=0.44  t= 355.2s
iter  125/195  step=  256000  ep_return=  160.13  ep_len= 193.1  fall_rate=0.05  logstd=-3.387  clipfrac=0.41  t= 358.1s
iter  126/195  step=  258048  ep_return=  158.71  ep_len= 193.1  fall_rate=0.05  logstd=-3.387  clipfrac=0.42  t= 360.1s
iter  127/195  step=  260096  ep_return=  159.10  ep_len= 192.3  fall_rate=0.05  logstd=-3.389  clipfrac=0.40  t= 362.9s
iter  128/195  step=  262144  ep_return=  162.50  ep_len= 192.3  fall_rate=0.05  logstd=-3.390  clipfrac=0.44  t= 365.3s
iter  129/195  step=  264192  ep_return=  172.12  ep_len= 201.0  fall_rate=0.0  logstd=-3.390  clipfrac=0.43  t= 368.1s
iter  130/195  step=  266240  ep_return=  151.13  ep_len= 183.4  fall_rate=0.1  logstd=-3.391  clipfrac=0.37  t= 371.1s  eval_steps=200  val_score=200.0
  [perturb check] hard_std=7.00 rad/s  survival=70.0% (N=30, target=90%)
iter  131/195  step=  268288  ep_return=  150.82  ep_len= 183.4  fall_rate=0.1  logstd=-3.392  clipfrac=0.42  t= 376.7s
iter  132/195  step=  270336  ep_return=  160.62  ep_len= 192.6  fall_rate=0.05  logstd=-3.393  clipfrac=0.39  t= 379.2s
iter  133/195  step=  272384  ep_return=  161.62  ep_len= 192.6  fall_rate=0.05  logstd=-3.393  clipfrac=0.41  t= 381.2s
iter  134/195  step=  274432  ep_return=  174.14  ep_len= 201.0  fall_rate=0.0  logstd=-3.395  clipfrac=0.41  t= 383.2s
iter  135/195  step=  276480  ep_return=  162.99  ep_len= 195.1  fall_rate=0.05  logstd=-3.395  clipfrac=0.34  t= 386.1s
iter  136/195  step=  278528  ep_return=  150.36  ep_len= 186.5  fall_rate=0.1  logstd=-3.396  clipfrac=0.43  t= 389.1s
iter  137/195  step=  280576  ep_return=  170.62  ep_len= 201.0  fall_rate=0.0  logstd=-3.396  clipfrac=0.41  t= 392.0s
iter  138/195  step=  282624  ep_return=  162.25  ep_len= 194.3  fall_rate=0.05  logstd=-3.397  clipfrac=0.37  t= 394.3s
iter  139/195  step=  284672  ep_return=  160.22  ep_len= 194.3  fall_rate=0.05  logstd=-3.399  clipfrac=0.39  t= 396.6s
iter  140/195  step=  286720  ep_return=  168.84  ep_len= 201.0  fall_rate=0.0  logstd=-3.401  clipfrac=0.40  t= 399.6s  eval_steps=200  val_score=200.0
  [perturb check] hard_std=7.00 rad/s  survival=70.0% (N=30, target=90%)
iter  141/195  step=  288768  ep_return=  145.53  ep_len= 185.5  fall_rate=0.1  logstd=-3.402  clipfrac=0.31  t= 404.7s
iter  142/195  step=  290816  ep_return=  148.75  ep_len= 185.5  fall_rate=0.1  logstd=-3.403  clipfrac=0.38  t= 407.7s
iter  143/195  step=  292864  ep_return=  164.08  ep_len= 192.3  fall_rate=0.05  logstd=-3.404  clipfrac=0.32  t= 410.4s
iter  144/195  step=  294912  ep_return=  151.45  ep_len= 184.6  fall_rate=0.1  logstd=-3.405  clipfrac=0.34  t= 412.8s
iter  145/195  step=  296960  ep_return=  129.33  ep_len= 171.1  fall_rate=0.2  logstd=-3.406  clipfrac=0.33  t= 415.0s
iter  146/195  step=  299008  ep_return=  139.77  ep_len= 177.4  fall_rate=0.15  logstd=-3.407  clipfrac=0.32  t= 417.9s
iter  147/195  step=  301056  ep_return=  159.72  ep_len= 192.4  fall_rate=0.05  logstd=-3.406  clipfrac=0.39  t= 420.9s
iter  148/195  step=  303104  ep_return=  151.29  ep_len= 186.5  fall_rate=0.1  logstd=-3.407  clipfrac=0.30  t= 422.8s
iter  149/195  step=  305152  ep_return=  132.13  ep_len= 171.8  fall_rate=0.2  logstd=-3.408  clipfrac=0.31  t= 425.4s
iter  150/195  step=  307200  ep_return=  142.35  ep_len= 178.2  fall_rate=0.15  logstd=-3.408  clipfrac=0.34  t= 428.3s  eval_steps=200  val_score=186.8
  [perturb check] hard_std=7.00 rad/s  survival=73.3% (N=30, target=90%)
iter  151/195  step=  309248  ep_return=  160.42  ep_len= 192.9  fall_rate=0.05  logstd=-3.409  clipfrac=0.35  t= 433.4s
iter  152/195  step=  311296  ep_return=  170.88  ep_len= 201.0  fall_rate=0.0  logstd=-3.410  clipfrac=0.37  t= 436.3s
iter  153/195  step=  313344  ep_return=  174.38  ep_len= 201.0  fall_rate=0.0  logstd=-3.410  clipfrac=0.34  t= 438.9s
iter  154/195  step=  315392  ep_return=  173.40  ep_len= 201.0  fall_rate=0.0  logstd=-3.411  clipfrac=0.38  t= 441.9s
iter  155/195  step=  317440  ep_return=  170.86  ep_len= 201.0  fall_rate=0.0  logstd=-3.412  clipfrac=0.30  t= 444.8s
iter  156/195  step=  319488  ep_return=  147.66  ep_len= 184.3  fall_rate=0.1  logstd=-3.413  clipfrac=0.32  t= 446.8s
iter  157/195  step=  321536  ep_return=  157.59  ep_len= 192.4  fall_rate=0.05  logstd=-3.413  clipfrac=0.33  t= 448.8s
iter  158/195  step=  323584  ep_return=  159.58  ep_len= 194.2  fall_rate=0.05  logstd=-3.414  clipfrac=0.28  t= 451.4s
iter  159/195  step=  325632  ep_return=  162.25  ep_len= 194.2  fall_rate=0.05  logstd=-3.414  clipfrac=0.32  t= 454.2s
iter  160/195  step=  327680  ep_return=  162.17  ep_len= 194.9  fall_rate=0.05  logstd=-3.415  clipfrac=0.26  t= 457.1s  eval_steps=200  val_score=200.0
  [perturb check] hard_std=7.00 rad/s  survival=76.7% (N=30, target=90%)
iter  161/195  step=  329728  ep_return=  161.20  ep_len= 194.9  fall_rate=0.05  logstd=-3.416  clipfrac=0.33  t= 463.1s
iter  162/195  step=  331776  ep_return=  161.37  ep_len= 194.9  fall_rate=0.05  logstd=-3.416  clipfrac=0.31  t= 465.0s
iter  163/195  step=  333824  ep_return=  171.76  ep_len= 201.0  fall_rate=0.0  logstd=-3.416  clipfrac=0.29  t= 467.3s
iter  164/195  step=  335872  ep_return=  134.45  ep_len= 168.2  fall_rate=0.2  logstd=-3.417  clipfrac=0.20  t= 470.3s
iter  165/195  step=  337920  ep_return=  152.75  ep_len= 184.8  fall_rate=0.1  logstd=-3.418  clipfrac=0.24  t= 473.2s
iter  166/195  step=  339968  ep_return=  152.90  ep_len= 187.9  fall_rate=0.1  logstd=-3.418  clipfrac=0.25  t= 475.8s
iter  167/195  step=  342016  ep_return=  164.57  ep_len= 195.6  fall_rate=0.05  logstd=-3.419  clipfrac=0.29  t= 478.7s
iter  168/195  step=  344064  ep_return=  174.14  ep_len= 201.0  fall_rate=0.0  logstd=-3.419  clipfrac=0.30  t= 481.4s
iter  169/195  step=  346112  ep_return=  174.31  ep_len= 201.0  fall_rate=0.0  logstd=-3.419  clipfrac=0.28  t= 483.3s
iter  170/195  step=  348160  ep_return=  156.05  ep_len= 185.3  fall_rate=0.1  logstd=-3.419  clipfrac=0.22  t= 486.2s  eval_steps=200  val_score=200.0
  [perturb check] hard_std=7.00 rad/s  survival=83.3% (N=30, target=90%)
iter  171/195  step=  350208  ep_return=  152.94  ep_len= 185.3  fall_rate=0.1  logstd=-3.420  clipfrac=0.26  t= 492.5s
iter  172/195  step=  352256  ep_return=  160.51  ep_len= 192.6  fall_rate=0.05  logstd=-3.419  clipfrac=0.26  t= 495.4s
iter  173/195  step=  354304  ep_return=  161.97  ep_len= 192.6  fall_rate=0.05  logstd=-3.420  clipfrac=0.25  t= 498.4s
iter  174/195  step=  356352  ep_return=  162.41  ep_len= 192.2  fall_rate=0.05  logstd=-3.419  clipfrac=0.23  t= 501.3s
iter  175/195  step=  358400  ep_return=  152.22  ep_len= 184.2  fall_rate=0.1  logstd=-3.420  clipfrac=0.21  t= 504.1s
iter  176/195  step=  360448  ep_return=  163.81  ep_len= 192.9  fall_rate=0.05  logstd=-3.420  clipfrac=0.27  t= 506.9s
iter  177/195  step=  362496  ep_return=  174.23  ep_len= 201.0  fall_rate=0.0  logstd=-3.420  clipfrac=0.14  t= 509.8s
iter  178/195  step=  364544  ep_return=  164.34  ep_len= 194.9  fall_rate=0.05  logstd=-3.420  clipfrac=0.21  t= 511.8s
iter  179/195  step=  366592  ep_return=  160.32  ep_len= 192.6  fall_rate=0.05  logstd=-3.420  clipfrac=0.17  t= 514.7s
iter  180/195  step=  368640  ep_return=  160.65  ep_len= 192.6  fall_rate=0.05  logstd=-3.420  clipfrac=0.17  t= 517.5s  eval_steps=200  val_score=200.0
  [perturb check] hard_std=7.00 rad/s  survival=76.7% (N=30, target=90%)
iter  181/195  step=  370688  ep_return=  166.14  ep_len= 195.8  fall_rate=0.05  logstd=-3.420  clipfrac=0.19  t= 523.0s
iter  182/195  step=  372736  ep_return=  163.67  ep_len= 195.8  fall_rate=0.05  logstd=-3.420  clipfrac=0.20  t= 525.9s
iter  183/195  step=  374784  ep_return=  162.42  ep_len= 192.3  fall_rate=0.05  logstd=-3.420  clipfrac=0.14  t= 528.9s
iter  184/195  step=  376832  ep_return=  144.52  ep_len= 179.0  fall_rate=0.15  logstd=-3.421  clipfrac=0.15  t= 531.9s
iter  185/195  step=  378880  ep_return=  154.11  ep_len= 187.7  fall_rate=0.1  logstd=-3.421  clipfrac=0.17  t= 534.8s
iter  186/195  step=  380928  ep_return=  175.03  ep_len= 201.0  fall_rate=0.0  logstd=-3.421  clipfrac=0.10  t= 537.5s
iter  187/195  step=  382976  ep_return=  164.49  ep_len= 194.2  fall_rate=0.05  logstd=-3.421  clipfrac=0.12  t= 539.7s
iter  188/195  step=  385024  ep_return=  171.78  ep_len= 201.0  fall_rate=0.0  logstd=-3.421  clipfrac=0.14  t= 541.9s
iter  189/195  step=  387072  ep_return=  169.30  ep_len= 201.0  fall_rate=0.0  logstd=-3.421  clipfrac=0.10  t= 544.9s
iter  190/195  step=  389120  ep_return=  171.26  ep_len= 201.0  fall_rate=0.0  logstd=-3.421  clipfrac=0.09  t= 547.3s  eval_steps=200  val_score=200.0
  [perturb check] hard_std=7.00 rad/s  survival=80.0% (N=30, target=90%)
iter  191/195  step=  391168  ep_return=  165.42  ep_len= 192.4  fall_rate=0.05  logstd=-3.421  clipfrac=0.03  t= 556.5s
iter  192/195  step=  393216  ep_return=  154.53  ep_len= 183.8  fall_rate=0.1  logstd=-3.421  clipfrac=0.01  t= 558.7s
iter  193/195  step=  395264  ep_return=  140.51  ep_len= 176.4  fall_rate=0.15  logstd=-3.421  clipfrac=0.01  t= 560.9s
iter  194/195  step=  397312  ep_return=  147.06  ep_len= 185.9  fall_rate=0.1  logstd=-3.421  clipfrac=0.00  t= 563.6s
iter  195/195  step=  399360  ep_return=  159.26  ep_len= 193.3  fall_rate=0.05  logstd=-3.421  clipfrac=0.00  t= 566.2s

PERTURBATION CURRICULUM ended at hard_std=7.00 rad/s after the full 400000 step budget (no automatic extension). This is itself the result.
saved checkpoint -> /home/elida_sensoy/cara_robot/cara_robot/cara_description/runs/u29_perturb_curriculum/u29_seed1.pt
