perturbation curriculum ON: bands=((0.4, 0.0), (0.3, 3.0), (0.3, 7.0))  advance the hard band by +1.0 rad/s once deterministic survival at that std, over 30 held-out reset seeds, reaches 90%, after at least 50000 steps at the current std.
resumed from /home/elida_sensoy/cara_robot/cara_robot/cara_description/runs/u27_standing_init/u27_seed2.pt: actor_logstd=[-3.2253363 -3.2093487 -3.1739354 -3.3984601 -3.230905  -3.1615696
 -3.2238324 -3.1179574 -3.2959137 -3.355863  -3.2228615 -3.1903276] (std=[0.03974241 0.04038291 0.04183862 0.0334247  0.03952172 0.0423592
 0.03980223 0.04424746 0.03703419 0.03487926 0.03984089 0.04115838]) -- --init-logstd=-0.5 was IGNORED since a checkpoint was loaded. optimizer state (Adam moments) restored -- this is an EXACT resumption.
iter    1/195  step=    2048  ep_return=  143.64  ep_len= 181.7  fall_rate=0.1111111111111111  logstd=-3.235  clipfrac=0.67  t=   3.0s
iter    2/195  step=    4096  ep_return=  127.78  ep_len= 175.2  fall_rate=0.2  logstd=-3.233  clipfrac=0.61  t=   6.0s
iter    3/195  step=    6144  ep_return=  127.81  ep_len= 175.6  fall_rate=0.2  logstd=-3.236  clipfrac=0.59  t=   8.9s
iter    4/195  step=    8192  ep_return=  163.27  ep_len= 201.0  fall_rate=0.0  logstd=-3.238  clipfrac=0.61  t=  10.9s
iter    5/195  step=   10240  ep_return=  155.84  ep_len= 193.4  fall_rate=0.05  logstd=-3.238  clipfrac=0.61  t=  13.6s
iter    6/195  step=   12288  ep_return=  155.31  ep_len= 193.4  fall_rate=0.05  logstd=-3.237  clipfrac=0.63  t=  15.9s
iter    7/195  step=   14336  ep_return=  163.71  ep_len= 201.0  fall_rate=0.0  logstd=-3.240  clipfrac=0.61  t=  18.0s
iter    8/195  step=   16384  ep_return=  153.50  ep_len= 192.5  fall_rate=0.05  logstd=-3.241  clipfrac=0.59  t=  20.8s
iter    9/195  step=   18432  ep_return=  156.11  ep_len= 192.5  fall_rate=0.05  logstd=-3.240  clipfrac=0.63  t=  23.0s
iter   10/195  step=   20480  ep_return=  162.48  ep_len= 201.0  fall_rate=0.0  logstd=-3.242  clipfrac=0.61  t=  25.1s  eval_steps=200  val_score=200.0 (NEW BEST)
iter   11/195  step=   22528  ep_return=  159.99  ep_len= 201.0  fall_rate=0.0  logstd=-3.243  clipfrac=0.59  t=  28.4s
iter   12/195  step=   24576  ep_return=  153.10  ep_len= 193.7  fall_rate=0.05  logstd=-3.244  clipfrac=0.62  t=  30.7s
iter   13/195  step=   26624  ep_return=  150.71  ep_len= 193.7  fall_rate=0.05  logstd=-3.245  clipfrac=0.61  t=  33.4s
iter   14/195  step=   28672  ep_return=  151.18  ep_len= 193.7  fall_rate=0.05  logstd=-3.245  clipfrac=0.57  t=  35.4s
iter   15/195  step=   30720  ep_return=  162.18  ep_len= 201.0  fall_rate=0.0  logstd=-3.247  clipfrac=0.57  t=  37.3s
iter   16/195  step=   32768  ep_return=  161.32  ep_len= 201.0  fall_rate=0.0  logstd=-3.246  clipfrac=0.62  t=  39.4s
iter   17/195  step=   34816  ep_return=  153.90  ep_len= 193.1  fall_rate=0.05  logstd=-3.248  clipfrac=0.58  t=  41.8s
iter   18/195  step=   36864  ep_return=  147.40  ep_len= 186.4  fall_rate=0.1  logstd=-3.247  clipfrac=0.58  t=  43.7s
iter   19/195  step=   38912  ep_return=  149.27  ep_len= 185.7  fall_rate=0.1  logstd=-3.248  clipfrac=0.59  t=  46.6s
iter   20/195  step=   40960  ep_return=  156.55  ep_len= 192.3  fall_rate=0.05  logstd=-3.249  clipfrac=0.61  t=  48.8s  eval_steps=200  val_score=200.0
iter   21/195  step=   43008  ep_return=  163.32  ep_len= 201.0  fall_rate=0.0  logstd=-3.248  clipfrac=0.60  t=  52.1s
iter   22/195  step=   45056  ep_return=  155.55  ep_len= 192.3  fall_rate=0.05  logstd=-3.248  clipfrac=0.61  t=  54.9s
iter   23/195  step=   47104  ep_return=  145.68  ep_len= 182.4  fall_rate=0.1  logstd=-3.249  clipfrac=0.58  t=  57.8s
iter   24/195  step=   49152  ep_return=  136.25  ep_len= 175.2  fall_rate=0.15  logstd=-3.252  clipfrac=0.55  t=  60.1s
iter   25/195  step=   51200  ep_return=  146.19  ep_len= 185.1  fall_rate=0.1  logstd=-3.252  clipfrac=0.67  t=  62.0s
iter   26/195  step=   53248  ep_return=  154.93  ep_len= 192.3  fall_rate=0.05  logstd=-3.252  clipfrac=0.59  t=  64.5s
iter   27/195  step=   55296  ep_return=  153.82  ep_len= 192.7  fall_rate=0.05  logstd=-3.252  clipfrac=0.63  t=  66.9s
iter   28/195  step=   57344  ep_return=  150.67  ep_len= 192.7  fall_rate=0.05  logstd=-3.255  clipfrac=0.55  t=  69.1s
iter   29/195  step=   59392  ep_return=  143.67  ep_len= 187.9  fall_rate=0.1  logstd=-3.257  clipfrac=0.56  t=  71.3s
iter   30/195  step=   61440  ep_return=  133.26  ep_len= 180.2  fall_rate=0.15  logstd=-3.259  clipfrac=0.56  t=  73.3s  eval_steps=200  val_score=200.0
  [perturb check] hard_std=7.00 rad/s  survival=80.0% (N=30, target=90%)
iter   31/195  step=   63488  ep_return=  145.26  ep_len= 188.2  fall_rate=0.1  logstd=-3.262  clipfrac=0.57  t=  79.5s
iter   32/195  step=   65536  ep_return=  144.72  ep_len= 187.7  fall_rate=0.1  logstd=-3.260  clipfrac=0.62  t=  82.5s
iter   33/195  step=   67584  ep_return=  149.80  ep_len= 192.8  fall_rate=0.05  logstd=-3.265  clipfrac=0.60  t=  85.5s
iter   34/195  step=   69632  ep_return=  162.35  ep_len= 201.0  fall_rate=0.0  logstd=-3.267  clipfrac=0.64  t=  88.4s
iter   35/195  step=   71680  ep_return=  160.51  ep_len= 201.0  fall_rate=0.0  logstd=-3.268  clipfrac=0.61  t=  91.0s
iter   36/195  step=   73728  ep_return=  154.55  ep_len= 201.0  fall_rate=0.0  logstd=-3.268  clipfrac=0.57  t=  93.6s
iter   37/195  step=   75776  ep_return=  157.93  ep_len= 201.0  fall_rate=0.0  logstd=-3.268  clipfrac=0.62  t=  96.5s
iter   38/195  step=   77824  ep_return=  140.56  ep_len= 186.9  fall_rate=0.15  logstd=-3.270  clipfrac=0.58  t=  99.5s
iter   39/195  step=   79872  ep_return=  142.45  ep_len= 186.9  fall_rate=0.15  logstd=-3.272  clipfrac=0.57  t= 102.4s
iter   40/195  step=   81920  ep_return=  164.36  ep_len= 201.0  fall_rate=0.0  logstd=-3.270  clipfrac=0.58  t= 105.2s  eval_steps=200  val_score=185.4
  [perturb check] hard_std=7.00 rad/s  survival=73.3% (N=30, target=90%)
iter   41/195  step=   83968  ep_return=  162.52  ep_len= 201.0  fall_rate=0.0  logstd=-3.270  clipfrac=0.58  t= 111.3s
iter   42/195  step=   86016  ep_return=  140.87  ep_len= 183.6  fall_rate=0.1  logstd=-3.272  clipfrac=0.53  t= 114.2s
iter   43/195  step=   88064  ep_return=  139.26  ep_len= 183.6  fall_rate=0.1  logstd=-3.277  clipfrac=0.58  t= 116.2s
iter   44/195  step=   90112  ep_return=  146.95  ep_len= 190.2  fall_rate=0.1  logstd=-3.277  clipfrac=0.57  t= 118.2s
iter   45/195  step=   92160  ep_return=  149.60  ep_len= 190.2  fall_rate=0.1  logstd=-3.279  clipfrac=0.56  t= 120.7s
iter   46/195  step=   94208  ep_return=  155.64  ep_len= 192.8  fall_rate=0.05  logstd=-3.279  clipfrac=0.59  t= 122.9s
iter   47/195  step=   96256  ep_return=  135.84  ep_len= 175.7  fall_rate=0.15  logstd=-3.280  clipfrac=0.55  t= 124.8s
iter   48/195  step=   98304  ep_return=  154.99  ep_len= 192.9  fall_rate=0.05  logstd=-3.281  clipfrac=0.58  t= 126.8s
iter   49/195  step=  100352  ep_return=  148.13  ep_len= 184.6  fall_rate=0.1  logstd=-3.281  clipfrac=0.60  t= 128.7s
iter   50/195  step=  102400  ep_return=  146.42  ep_len= 184.6  fall_rate=0.1  logstd=-3.283  clipfrac=0.58  t= 130.6s  eval_steps=200  val_score=200.0
  [perturb check] hard_std=7.00 rad/s  survival=80.0% (N=30, target=90%)
iter   51/195  step=  104448  ep_return=  155.20  ep_len= 192.6  fall_rate=0.05  logstd=-3.285  clipfrac=0.58  t= 136.0s
iter   52/195  step=  106496  ep_return=  155.20  ep_len= 192.6  fall_rate=0.05  logstd=-3.287  clipfrac=0.56  t= 139.0s
iter   53/195  step=  108544  ep_return=  165.82  ep_len= 201.0  fall_rate=0.0  logstd=-3.289  clipfrac=0.56  t= 141.9s
iter   54/195  step=  110592  ep_return=  158.36  ep_len= 194.4  fall_rate=0.05  logstd=-3.292  clipfrac=0.56  t= 143.9s
iter   55/195  step=  112640  ep_return=  159.71  ep_len= 194.4  fall_rate=0.05  logstd=-3.293  clipfrac=0.60  t= 145.8s
iter   56/195  step=  114688  ep_return=  166.25  ep_len= 201.0  fall_rate=0.0  logstd=-3.296  clipfrac=0.54  t= 147.9s
iter   57/195  step=  116736  ep_return=  157.38  ep_len= 193.2  fall_rate=0.05  logstd=-3.296  clipfrac=0.52  t= 150.8s
iter   58/195  step=  118784  ep_return=  158.84  ep_len= 193.2  fall_rate=0.05  logstd=-3.298  clipfrac=0.51  t= 153.6s
iter   59/195  step=  120832  ep_return=  154.28  ep_len= 193.3  fall_rate=0.05  logstd=-3.298  clipfrac=0.60  t= 156.6s
iter   60/195  step=  122880  ep_return=  153.34  ep_len= 193.3  fall_rate=0.05  logstd=-3.298  clipfrac=0.57  t= 159.5s  eval_steps=200  val_score=200.0
  [perturb check] hard_std=7.00 rad/s  survival=83.3% (N=30, target=90%)
iter   61/195  step=  124928  ep_return=  153.77  ep_len= 194.2  fall_rate=0.05  logstd=-3.299  clipfrac=0.56  t= 165.4s
iter   62/195  step=  126976  ep_return=  123.19  ep_len= 167.7  fall_rate=0.2  logstd=-3.300  clipfrac=0.56  t= 167.4s
iter   63/195  step=  129024  ep_return=  125.71  ep_len= 167.8  fall_rate=0.2  logstd=-3.303  clipfrac=0.52  t= 170.3s
iter   64/195  step=  131072  ep_return=  159.88  ep_len= 194.3  fall_rate=0.05  logstd=-3.303  clipfrac=0.56  t= 173.3s
iter   65/195  step=  133120  ep_return=  157.27  ep_len= 192.7  fall_rate=0.05  logstd=-3.302  clipfrac=0.57  t= 176.2s
iter   66/195  step=  135168  ep_return=  154.73  ep_len= 192.7  fall_rate=0.05  logstd=-3.304  clipfrac=0.57  t= 179.1s
iter   67/195  step=  137216  ep_return=  154.79  ep_len= 193.5  fall_rate=0.05  logstd=-3.304  clipfrac=0.54  t= 181.9s
iter   68/195  step=  139264  ep_return=  154.95  ep_len= 193.5  fall_rate=0.05  logstd=-3.307  clipfrac=0.55  t= 184.9s
iter   69/195  step=  141312  ep_return=  166.19  ep_len= 201.0  fall_rate=0.0  logstd=-3.309  clipfrac=0.56  t= 187.8s
iter   70/195  step=  143360  ep_return=  163.85  ep_len= 201.0  fall_rate=0.0  logstd=-3.311  clipfrac=0.52  t= 190.7s  eval_steps=200  val_score=200.0
  [perturb check] hard_std=7.00 rad/s  survival=73.3% (N=30, target=90%)
iter   71/195  step=  145408  ep_return=  151.31  ep_len= 192.8  fall_rate=0.05  logstd=-3.312  clipfrac=0.51  t= 196.7s
iter   72/195  step=  147456  ep_return=  147.37  ep_len= 184.2  fall_rate=0.1  logstd=-3.313  clipfrac=0.58  t= 199.6s
iter   73/195  step=  149504  ep_return=  135.50  ep_len= 175.2  fall_rate=0.15  logstd=-3.313  clipfrac=0.54  t= 202.4s
iter   74/195  step=  151552  ep_return=  131.44  ep_len= 175.4  fall_rate=0.15  logstd=-3.314  clipfrac=0.53  t= 205.4s
iter   75/195  step=  153600  ep_return=  162.61  ep_len= 201.0  fall_rate=0.0  logstd=-3.316  clipfrac=0.53  t= 207.4s
iter   76/195  step=  155648  ep_return=  154.64  ep_len= 193.3  fall_rate=0.05  logstd=-3.317  clipfrac=0.51  t= 209.3s
iter   77/195  step=  157696  ep_return=  146.59  ep_len= 185.8  fall_rate=0.1  logstd=-3.319  clipfrac=0.49  t= 212.2s
iter   78/195  step=  159744  ep_return=  156.07  ep_len= 193.4  fall_rate=0.05  logstd=-3.320  clipfrac=0.56  t= 215.1s
iter   79/195  step=  161792  ep_return=  156.21  ep_len= 195.2  fall_rate=0.05  logstd=-3.321  clipfrac=0.51  t= 218.0s
iter   80/195  step=  163840  ep_return=  155.59  ep_len= 195.2  fall_rate=0.05  logstd=-3.323  clipfrac=0.53  t= 221.0s  eval_steps=200  val_score=200.0
  [perturb check] hard_std=7.00 rad/s  survival=66.7% (N=30, target=90%)
iter   81/195  step=  165888  ep_return=  146.77  ep_len= 185.9  fall_rate=0.1  logstd=-3.324  clipfrac=0.51  t= 226.9s
iter   82/195  step=  167936  ep_return=  148.44  ep_len= 185.9  fall_rate=0.1  logstd=-3.327  clipfrac=0.51  t= 229.9s
iter   83/195  step=  169984  ep_return=  148.56  ep_len= 184.1  fall_rate=0.1  logstd=-3.330  clipfrac=0.49  t= 232.8s
iter   84/195  step=  172032  ep_return=  131.24  ep_len= 173.5  fall_rate=0.2  logstd=-3.331  clipfrac=0.52  t= 235.7s
iter   85/195  step=  174080  ep_return=  147.56  ep_len= 189.4  fall_rate=0.1  logstd=-3.332  clipfrac=0.50  t= 238.4s
iter   86/195  step=  176128  ep_return=  165.08  ep_len= 201.0  fall_rate=0.0  logstd=-3.333  clipfrac=0.51  t= 240.5s
iter   87/195  step=  178176  ep_return=  149.04  ep_len= 184.4  fall_rate=0.1  logstd=-3.334  clipfrac=0.54  t= 242.8s
iter   88/195  step=  180224  ep_return=  149.83  ep_len= 184.4  fall_rate=0.1  logstd=-3.336  clipfrac=0.52  t= 244.7s
iter   89/195  step=  182272  ep_return=  149.13  ep_len= 185.9  fall_rate=0.1  logstd=-3.336  clipfrac=0.48  t= 246.7s
iter   90/195  step=  184320  ep_return=  138.72  ep_len= 177.4  fall_rate=0.15  logstd=-3.337  clipfrac=0.49  t= 248.6s  eval_steps=200  val_score=200.0
  [perturb check] hard_std=7.00 rad/s  survival=73.3% (N=30, target=90%)
iter   91/195  step=  186368  ep_return=  159.61  ep_len= 192.4  fall_rate=0.05  logstd=-3.337  clipfrac=0.53  t= 254.6s
iter   92/195  step=  188416  ep_return=  163.27  ep_len= 197.3  fall_rate=0.05  logstd=-3.339  clipfrac=0.50  t= 257.5s
iter   93/195  step=  190464  ep_return=  160.17  ep_len= 197.3  fall_rate=0.05  logstd=-3.339  clipfrac=0.54  t= 260.1s
iter   94/195  step=  192512  ep_return=  167.80  ep_len= 201.0  fall_rate=0.0  logstd=-3.339  clipfrac=0.49  t= 263.1s
iter   95/195  step=  194560  ep_return=  167.72  ep_len= 201.0  fall_rate=0.0  logstd=-3.339  clipfrac=0.52  t= 265.8s
iter   96/195  step=  196608  ep_return=  169.54  ep_len= 201.0  fall_rate=0.0  logstd=-3.340  clipfrac=0.49  t= 268.8s
iter   97/195  step=  198656  ep_return=  160.56  ep_len= 192.6  fall_rate=0.05  logstd=-3.341  clipfrac=0.53  t= 271.6s
iter   98/195  step=  200704  ep_return=  139.10  ep_len= 176.1  fall_rate=0.15  logstd=-3.341  clipfrac=0.47  t= 274.5s
iter   99/195  step=  202752  ep_return=  148.57  ep_len= 184.5  fall_rate=0.1  logstd=-3.342  clipfrac=0.48  t= 277.5s
iter  100/195  step=  204800  ep_return=  157.68  ep_len= 192.3  fall_rate=0.05  logstd=-3.344  clipfrac=0.49  t= 279.4s  eval_steps=116  val_score=200.0
  [perturb check] hard_std=7.00 rad/s  survival=70.0% (N=30, target=90%)
iter  101/195  step=  206848  ep_return=  134.35  ep_len= 175.2  fall_rate=0.15  logstd=-3.345  clipfrac=0.46  t= 285.4s
iter  102/195  step=  208896  ep_return=  146.04  ep_len= 183.9  fall_rate=0.1  logstd=-3.346  clipfrac=0.46  t= 288.3s
iter  103/195  step=  210944  ep_return=  160.98  ep_len= 193.4  fall_rate=0.05  logstd=-3.347  clipfrac=0.45  t= 291.1s
iter  104/195  step=  212992  ep_return=  161.41  ep_len= 193.4  fall_rate=0.05  logstd=-3.349  clipfrac=0.49  t= 293.1s
iter  105/195  step=  215040  ep_return=  150.27  ep_len= 184.8  fall_rate=0.1  logstd=-3.351  clipfrac=0.44  t= 295.2s
iter  106/195  step=  217088  ep_return=  152.12  ep_len= 184.8  fall_rate=0.1  logstd=-3.350  clipfrac=0.48  t= 297.1s
iter  107/195  step=  219136  ep_return=  159.21  ep_len= 192.4  fall_rate=0.05  logstd=-3.350  clipfrac=0.44  t= 299.9s
iter  108/195  step=  221184  ep_return=  157.43  ep_len= 192.4  fall_rate=0.05  logstd=-3.352  clipfrac=0.44  t= 302.9s
iter  109/195  step=  223232  ep_return=  149.29  ep_len= 188.3  fall_rate=0.1  logstd=-3.354  clipfrac=0.47  t= 305.7s
iter  110/195  step=  225280  ep_return=  161.35  ep_len= 194.2  fall_rate=0.05  logstd=-3.356  clipfrac=0.49  t= 308.6s  eval_steps=200  val_score=200.0
  [perturb check] hard_std=7.00 rad/s  survival=66.7% (N=30, target=90%)
iter  111/195  step=  227328  ep_return=  161.73  ep_len= 194.0  fall_rate=0.05  logstd=-3.358  clipfrac=0.39  t= 313.7s
iter  112/195  step=  229376  ep_return=  161.69  ep_len= 194.0  fall_rate=0.05  logstd=-3.358  clipfrac=0.45  t= 316.7s
iter  113/195  step=  231424  ep_return=  136.51  ep_len= 179.8  fall_rate=0.15  logstd=-3.358  clipfrac=0.46  t= 319.4s
iter  114/195  step=  233472  ep_return=  137.81  ep_len= 180.2  fall_rate=0.15  logstd=-3.360  clipfrac=0.41  t= 322.1s
iter  115/195  step=  235520  ep_return=  149.56  ep_len= 187.7  fall_rate=0.1  logstd=-3.361  clipfrac=0.50  t= 325.1s
iter  116/195  step=  237568  ep_return=  159.25  ep_len= 195.1  fall_rate=0.05  logstd=-3.359  clipfrac=0.52  t= 328.0s
iter  117/195  step=  239616  ep_return=  160.53  ep_len= 192.0  fall_rate=0.05  logstd=-3.359  clipfrac=0.47  t= 330.1s
iter  118/195  step=  241664  ep_return=  149.84  ep_len= 184.2  fall_rate=0.1  logstd=-3.360  clipfrac=0.42  t= 333.0s
iter  119/195  step=  243712  ep_return=  155.41  ep_len= 193.2  fall_rate=0.05  logstd=-3.361  clipfrac=0.42  t= 335.0s
iter  120/195  step=  245760  ep_return=  169.99  ep_len= 201.0  fall_rate=0.0  logstd=-3.361  clipfrac=0.45  t= 337.5s  eval_steps=200  val_score=186.1
  [perturb check] hard_std=7.00 rad/s  survival=80.0% (N=30, target=90%)
iter  121/195  step=  247808  ep_return=  170.08  ep_len= 201.0  fall_rate=0.0  logstd=-3.364  clipfrac=0.41  t= 343.5s
iter  122/195  step=  249856  ep_return=  149.70  ep_len= 185.8  fall_rate=0.1  logstd=-3.364  clipfrac=0.42  t= 346.4s
iter  123/195  step=  251904  ep_return=  159.66  ep_len= 193.5  fall_rate=0.05  logstd=-3.364  clipfrac=0.43  t= 348.3s
iter  124/195  step=  253952  ep_return=  151.44  ep_len= 186.3  fall_rate=0.1  logstd=-3.365  clipfrac=0.41  t= 351.3s
iter  125/195  step=  256000  ep_return=  151.90  ep_len= 186.3  fall_rate=0.1  logstd=-3.367  clipfrac=0.38  t= 353.3s
iter  126/195  step=  258048  ep_return=  160.12  ep_len= 192.2  fall_rate=0.05  logstd=-3.367  clipfrac=0.43  t= 356.2s
iter  127/195  step=  260096  ep_return=  150.01  ep_len= 183.4  fall_rate=0.1  logstd=-3.369  clipfrac=0.37  t= 359.1s
iter  128/195  step=  262144  ep_return=  151.95  ep_len= 183.4  fall_rate=0.1  logstd=-3.370  clipfrac=0.42  t= 361.1s
iter  129/195  step=  264192  ep_return=  172.01  ep_len= 201.0  fall_rate=0.0  logstd=-3.372  clipfrac=0.39  t= 364.0s
iter  130/195  step=  266240  ep_return=  159.68  ep_len= 193.6  fall_rate=0.05  logstd=-3.373  clipfrac=0.42  t= 366.8s  eval_steps=200  val_score=200.0
  [perturb check] hard_std=7.00 rad/s  survival=83.3% (N=30, target=90%)
iter  131/195  step=  268288  ep_return=  159.70  ep_len= 193.6  fall_rate=0.05  logstd=-3.374  clipfrac=0.44  t= 372.6s
iter  132/195  step=  270336  ep_return=  168.56  ep_len= 201.0  fall_rate=0.0  logstd=-3.376  clipfrac=0.41  t= 375.6s
iter  133/195  step=  272384  ep_return=  157.64  ep_len= 192.3  fall_rate=0.05  logstd=-3.376  clipfrac=0.37  t= 378.5s
iter  134/195  step=  274432  ep_return=  150.30  ep_len= 185.2  fall_rate=0.1  logstd=-3.377  clipfrac=0.39  t= 381.5s
iter  135/195  step=  276480  ep_return=  162.48  ep_len= 193.8  fall_rate=0.05  logstd=-3.377  clipfrac=0.42  t= 384.3s
iter  136/195  step=  278528  ep_return=  173.19  ep_len= 201.0  fall_rate=0.0  logstd=-3.379  clipfrac=0.41  t= 387.2s
iter  137/195  step=  280576  ep_return=  172.82  ep_len= 201.0  fall_rate=0.0  logstd=-3.378  clipfrac=0.40  t= 390.1s
iter  138/195  step=  282624  ep_return=  171.22  ep_len= 201.0  fall_rate=0.0  logstd=-3.379  clipfrac=0.43  t= 392.5s
iter  139/195  step=  284672  ep_return=  166.92  ep_len= 201.0  fall_rate=0.0  logstd=-3.379  clipfrac=0.36  t= 395.0s
iter  140/195  step=  286720  ep_return=  146.62  ep_len= 188.6  fall_rate=0.1  logstd=-3.379  clipfrac=0.36  t= 397.0s  eval_steps=200  val_score=200.0
  [perturb check] hard_std=7.00 rad/s  survival=76.7% (N=30, target=90%)
iter  141/195  step=  288768  ep_return=  149.51  ep_len= 188.6  fall_rate=0.1  logstd=-3.380  clipfrac=0.41  t= 402.6s
iter  142/195  step=  290816  ep_return=  161.52  ep_len= 192.7  fall_rate=0.05  logstd=-3.381  clipfrac=0.35  t= 405.5s
iter  143/195  step=  292864  ep_return=  152.13  ep_len= 186.1  fall_rate=0.1  logstd=-3.381  clipfrac=0.36  t= 408.4s
iter  144/195  step=  294912  ep_return=  150.03  ep_len= 186.7  fall_rate=0.1  logstd=-3.382  clipfrac=0.35  t= 411.2s
iter  145/195  step=  296960  ep_return=  146.58  ep_len= 184.6  fall_rate=0.1  logstd=-3.383  clipfrac=0.32  t= 414.1s
iter  146/195  step=  299008  ep_return=  148.69  ep_len= 183.7  fall_rate=0.1  logstd=-3.383  clipfrac=0.36  t= 416.7s
iter  147/195  step=  301056  ep_return=  170.65  ep_len= 201.0  fall_rate=0.0  logstd=-3.384  clipfrac=0.38  t= 419.6s
iter  148/195  step=  303104  ep_return=  172.04  ep_len= 201.0  fall_rate=0.0  logstd=-3.384  clipfrac=0.37  t= 422.4s
iter  149/195  step=  305152  ep_return=  162.33  ep_len= 193.3  fall_rate=0.05  logstd=-3.384  clipfrac=0.31  t= 425.2s
iter  150/195  step=  307200  ep_return=  158.58  ep_len= 193.3  fall_rate=0.05  logstd=-3.385  clipfrac=0.35  t= 428.1s  eval_steps=200  val_score=200.0
  [perturb check] hard_std=7.00 rad/s  survival=80.0% (N=30, target=90%)
iter  151/195  step=  309248  ep_return=  170.01  ep_len= 201.0  fall_rate=0.0  logstd=-3.385  clipfrac=0.36  t= 434.0s
iter  152/195  step=  311296  ep_return=  172.55  ep_len= 201.0  fall_rate=0.0  logstd=-3.385  clipfrac=0.35  t= 437.0s
iter  153/195  step=  313344  ep_return=  172.10  ep_len= 201.0  fall_rate=0.0  logstd=-3.385  clipfrac=0.35  t= 439.9s
iter  154/195  step=  315392  ep_return=  170.99  ep_len= 201.0  fall_rate=0.0  logstd=-3.385  clipfrac=0.33  t= 442.8s
iter  155/195  step=  317440  ep_return=  170.28  ep_len= 201.0  fall_rate=0.0  logstd=-3.386  clipfrac=0.32  t= 445.8s
iter  156/195  step=  319488  ep_return=  158.52  ep_len= 192.2  fall_rate=0.05  logstd=-3.386  clipfrac=0.31  t= 448.7s
iter  157/195  step=  321536  ep_return=  158.69  ep_len= 192.2  fall_rate=0.05  logstd=-3.386  clipfrac=0.35  t= 451.1s
iter  158/195  step=  323584  ep_return=  171.55  ep_len= 201.0  fall_rate=0.0  logstd=-3.386  clipfrac=0.32  t= 454.1s
iter  159/195  step=  325632  ep_return=  159.97  ep_len= 192.7  fall_rate=0.05  logstd=-3.386  clipfrac=0.32  t= 456.9s
iter  160/195  step=  327680  ep_return=  154.55  ep_len= 188.1  fall_rate=0.1  logstd=-3.386  clipfrac=0.29  t= 459.8s  eval_steps=200  val_score=200.0
  [perturb check] hard_std=7.00 rad/s  survival=76.7% (N=30, target=90%)
iter  161/195  step=  329728  ep_return=  165.62  ep_len= 196.4  fall_rate=0.05  logstd=-3.386  clipfrac=0.29  t= 465.9s
iter  162/195  step=  331776  ep_return=  161.81  ep_len= 193.4  fall_rate=0.05  logstd=-3.387  clipfrac=0.25  t= 468.8s
iter  163/195  step=  333824  ep_return=  150.62  ep_len= 184.8  fall_rate=0.1  logstd=-3.386  clipfrac=0.25  t= 471.7s
iter  164/195  step=  335872  ep_return=  162.70  ep_len= 192.3  fall_rate=0.05  logstd=-3.387  clipfrac=0.30  t= 474.8s
iter  165/195  step=  337920  ep_return=  164.98  ep_len= 194.4  fall_rate=0.05  logstd=-3.388  clipfrac=0.24  t= 477.6s
iter  166/195  step=  339968  ep_return=  162.76  ep_len= 194.4  fall_rate=0.05  logstd=-3.388  clipfrac=0.29  t= 479.7s
iter  167/195  step=  342016  ep_return=  162.56  ep_len= 194.4  fall_rate=0.05  logstd=-3.388  clipfrac=0.30  t= 482.5s
iter  168/195  step=  344064  ep_return=  172.90  ep_len= 201.0  fall_rate=0.0  logstd=-3.389  clipfrac=0.26  t= 485.3s
iter  169/195  step=  346112  ep_return=  162.92  ep_len= 194.6  fall_rate=0.05  logstd=-3.389  clipfrac=0.25  t= 487.2s
iter  170/195  step=  348160  ep_return=  163.18  ep_len= 194.6  fall_rate=0.05  logstd=-3.389  clipfrac=0.25  t= 490.1s  eval_steps=200  val_score=186.5
  [perturb check] hard_std=7.00 rad/s  survival=76.7% (N=30, target=90%)
iter  171/195  step=  350208  ep_return=  173.48  ep_len= 201.0  fall_rate=0.0  logstd=-3.390  clipfrac=0.24  t= 495.2s
iter  172/195  step=  352256  ep_return=  173.12  ep_len= 201.0  fall_rate=0.0  logstd=-3.390  clipfrac=0.28  t= 497.7s
iter  173/195  step=  354304  ep_return=  152.09  ep_len= 186.3  fall_rate=0.1  logstd=-3.390  clipfrac=0.21  t= 500.7s
iter  174/195  step=  356352  ep_return=  141.59  ep_len= 178.6  fall_rate=0.15  logstd=-3.391  clipfrac=0.21  t= 503.5s
iter  175/195  step=  358400  ep_return=  152.72  ep_len= 184.6  fall_rate=0.1  logstd=-3.391  clipfrac=0.23  t= 505.5s
iter  176/195  step=  360448  ep_return=  162.67  ep_len= 192.4  fall_rate=0.05  logstd=-3.392  clipfrac=0.22  t= 507.7s
iter  177/195  step=  362496  ep_return=  174.14  ep_len= 201.0  fall_rate=0.0  logstd=-3.392  clipfrac=0.18  t= 509.7s
iter  178/195  step=  364544  ep_return=  173.49  ep_len= 201.0  fall_rate=0.0  logstd=-3.392  clipfrac=0.21  t= 511.6s
iter  179/195  step=  366592  ep_return=  171.21  ep_len= 201.0  fall_rate=0.0  logstd=-3.392  clipfrac=0.20  t= 514.6s
iter  180/195  step=  368640  ep_return=  160.29  ep_len= 192.8  fall_rate=0.05  logstd=-3.393  clipfrac=0.14  t= 516.6s  eval_steps=200  val_score=200.0
  [perturb check] hard_std=7.00 rad/s  survival=83.3% (N=30, target=90%)
iter  181/195  step=  370688  ep_return=  162.35  ep_len= 192.8  fall_rate=0.05  logstd=-3.393  clipfrac=0.20  t= 522.7s
iter  182/195  step=  372736  ep_return=  163.00  ep_len= 192.5  fall_rate=0.05  logstd=-3.393  clipfrac=0.16  t= 525.6s
iter  183/195  step=  374784  ep_return=  160.76  ep_len= 192.5  fall_rate=0.05  logstd=-3.393  clipfrac=0.15  t= 528.0s
iter  184/195  step=  376832  ep_return=  171.13  ep_len= 201.0  fall_rate=0.0  logstd=-3.393  clipfrac=0.15  t= 530.0s
iter  185/195  step=  378880  ep_return=  162.92  ep_len= 193.0  fall_rate=0.05  logstd=-3.393  clipfrac=0.09  t= 532.0s
iter  186/195  step=  380928  ep_return=  162.31  ep_len= 193.0  fall_rate=0.05  logstd=-3.393  clipfrac=0.10  t= 534.0s
iter  187/195  step=  382976  ep_return=  171.31  ep_len= 201.0  fall_rate=0.0  logstd=-3.394  clipfrac=0.13  t= 536.9s
iter  188/195  step=  385024  ep_return=  170.94  ep_len= 201.0  fall_rate=0.0  logstd=-3.394  clipfrac=0.12  t= 539.7s
iter  189/195  step=  387072  ep_return=  169.89  ep_len= 201.0  fall_rate=0.0  logstd=-3.394  clipfrac=0.10  t= 542.6s
iter  190/195  step=  389120  ep_return=  169.69  ep_len= 201.0  fall_rate=0.0  logstd=-3.394  clipfrac=0.06  t= 544.5s  eval_steps=200  val_score=200.0
  [perturb check] hard_std=7.00 rad/s  survival=80.0% (N=30, target=90%)
iter  191/195  step=  391168  ep_return=  160.40  ep_len= 192.5  fall_rate=0.05  logstd=-3.394  clipfrac=0.04  t= 550.6s
iter  192/195  step=  393216  ep_return=  154.68  ep_len= 183.8  fall_rate=0.1  logstd=-3.394  clipfrac=0.02  t= 553.6s
iter  193/195  step=  395264  ep_return=  160.42  ep_len= 192.2  fall_rate=0.05  logstd=-3.394  clipfrac=0.02  t= 556.8s
iter  194/195  step=  397312  ep_return=  158.59  ep_len= 193.1  fall_rate=0.05  logstd=-3.394  clipfrac=0.00  t= 559.7s
iter  195/195  step=  399360  ep_return=  153.70  ep_len= 185.6  fall_rate=0.1  logstd=-3.394  clipfrac=0.00  t= 562.4s

PERTURBATION CURRICULUM ended at hard_std=7.00 rad/s after the full 400000 step budget (no automatic extension). This is itself the result.
saved checkpoint -> /home/elida_sensoy/cara_robot/cara_robot/cara_description/runs/u29_perturb_curriculum/u29_seed2.pt
