curriculum ON: stages=[0.0, 0.03, 0.06, 0.1]  advance when the last 30 episodes average >= 80% of 200 steps AND fall_rate <= 30%, after at least 100000 steps in the current stage.
iter    1/390  step=    2048  ep_return=   -3.32  ep_len=  20.2  fall_rate=1.0  clipfrac=0.17  t=   2.0s  stage=0(vx=0.00)
iter    2/390  step=    4096  ep_return=   -4.60  ep_len=  19.8  fall_rate=1.0  clipfrac=0.12  t=   4.1s  stage=0(vx=0.00)
iter    3/390  step=    6144  ep_return=   -3.31  ep_len=  21.8  fall_rate=1.0  clipfrac=0.14  t=   6.2s  stage=0(vx=0.00)
iter    4/390  step=    8192  ep_return=   -5.08  ep_len=  21.1  fall_rate=1.0  clipfrac=0.12  t=   8.9s  stage=0(vx=0.00)
iter    5/390  step=   10240  ep_return=   -4.62  ep_len=  24.2  fall_rate=1.0  clipfrac=0.15  t=  11.6s  stage=0(vx=0.00)
iter    6/390  step=   12288  ep_return=   -4.25  ep_len=  21.6  fall_rate=1.0  clipfrac=0.15  t=  13.7s  stage=0(vx=0.00)
iter    7/390  step=   14336  ep_return=   -2.79  ep_len=  22.0  fall_rate=1.0  clipfrac=0.15  t=  16.5s  stage=0(vx=0.00)
iter    8/390  step=   16384  ep_return=   -4.62  ep_len=  22.1  fall_rate=1.0  clipfrac=0.15  t=  18.5s  stage=0(vx=0.00)
iter    9/390  step=   18432  ep_return=   -3.32  ep_len=  22.2  fall_rate=1.0  clipfrac=0.16  t=  20.4s  stage=0(vx=0.00)
iter   10/390  step=   20480  ep_return=   -3.80  ep_len=  23.6  fall_rate=1.0  clipfrac=0.17  t=  23.0s  stage=0(vx=0.00)
iter   11/390  step=   22528  ep_return=   -2.08  ep_len=  21.1  fall_rate=1.0  clipfrac=0.16  t=  25.7s  stage=0(vx=0.00)
iter   12/390  step=   24576  ep_return=   -3.28  ep_len=  21.8  fall_rate=1.0  clipfrac=0.14  t=  28.2s  stage=0(vx=0.00)
iter   13/390  step=   26624  ep_return=   -2.55  ep_len=  22.5  fall_rate=1.0  clipfrac=0.17  t=  30.5s  stage=0(vx=0.00)
iter   14/390  step=   28672  ep_return=   -3.02  ep_len=  21.2  fall_rate=1.0  clipfrac=0.16  t=  32.8s  stage=0(vx=0.00)
iter   15/390  step=   30720  ep_return=   -3.17  ep_len=  22.8  fall_rate=1.0  clipfrac=0.16  t=  35.0s  stage=0(vx=0.00)
iter   16/390  step=   32768  ep_return=   -4.41  ep_len=  23.2  fall_rate=1.0  clipfrac=0.14  t=  37.2s  stage=0(vx=0.00)
iter   17/390  step=   34816  ep_return=   -1.97  ep_len=  21.3  fall_rate=1.0  clipfrac=0.16  t=  39.7s  stage=0(vx=0.00)
iter   18/390  step=   36864  ep_return=   -1.80  ep_len=  19.9  fall_rate=1.0  clipfrac=0.18  t=  41.6s  stage=0(vx=0.00)
iter   19/390  step=   38912  ep_return=   -2.80  ep_len=  20.7  fall_rate=1.0  clipfrac=0.16  t=  43.8s  stage=0(vx=0.00)
iter   20/390  step=   40960  ep_return=   -3.61  ep_len=  22.8  fall_rate=1.0  clipfrac=0.17  t=  46.0s  stage=0(vx=0.00)
iter   21/390  step=   43008  ep_return=   -0.81  ep_len=  23.2  fall_rate=1.0  clipfrac=0.17  t=  48.5s  stage=0(vx=0.00)
iter   22/390  step=   45056  ep_return=   -4.63  ep_len=  20.7  fall_rate=1.0  clipfrac=0.18  t=  51.1s  stage=0(vx=0.00)
iter   23/390  step=   47104  ep_return=   -2.70  ep_len=  20.9  fall_rate=1.0  clipfrac=0.17  t=  53.4s  stage=0(vx=0.00)
iter   24/390  step=   49152  ep_return=   -3.27  ep_len=  22.2  fall_rate=1.0  clipfrac=0.19  t=  55.9s  stage=0(vx=0.00)
iter   25/390  step=   51200  ep_return=   -4.71  ep_len=  23.0  fall_rate=1.0  clipfrac=0.15  t=  58.1s  stage=0(vx=0.00)
iter   26/390  step=   53248  ep_return=   -2.69  ep_len=  22.8  fall_rate=1.0  clipfrac=0.15  t=  60.8s  stage=0(vx=0.00)
iter   27/390  step=   55296  ep_return=   -4.37  ep_len=  20.9  fall_rate=1.0  clipfrac=0.17  t=  63.3s  stage=0(vx=0.00)
iter   28/390  step=   57344  ep_return=   -3.52  ep_len=  22.2  fall_rate=1.0  clipfrac=0.17  t=  65.5s  stage=0(vx=0.00)
iter   29/390  step=   59392  ep_return=   -2.57  ep_len=  21.0  fall_rate=1.0  clipfrac=0.19  t=  67.9s  stage=0(vx=0.00)
iter   30/390  step=   61440  ep_return=   -4.36  ep_len=  22.6  fall_rate=1.0  clipfrac=0.17  t=  70.0s  stage=0(vx=0.00)
iter   31/390  step=   63488  ep_return=   -1.68  ep_len=  23.7  fall_rate=1.0  clipfrac=0.19  t=  72.5s  stage=0(vx=0.00)
iter   32/390  step=   65536  ep_return=   -2.00  ep_len=  22.3  fall_rate=1.0  clipfrac=0.19  t=  74.9s  stage=0(vx=0.00)
iter   33/390  step=   67584  ep_return=   -2.12  ep_len=  22.4  fall_rate=1.0  clipfrac=0.20  t=  77.3s  stage=0(vx=0.00)
iter   34/390  step=   69632  ep_return=   -2.61  ep_len=  23.3  fall_rate=1.0  clipfrac=0.18  t=  79.9s  stage=0(vx=0.00)
iter   35/390  step=   71680  ep_return=    1.04  ep_len=  24.3  fall_rate=1.0  clipfrac=0.18  t=  82.0s  stage=0(vx=0.00)
iter   36/390  step=   73728  ep_return=   -1.92  ep_len=  24.9  fall_rate=1.0  clipfrac=0.18  t=  84.2s  stage=0(vx=0.00)
iter   37/390  step=   75776  ep_return=   -2.19  ep_len=  22.1  fall_rate=1.0  clipfrac=0.19  t=  86.6s  stage=0(vx=0.00)
iter   38/390  step=   77824  ep_return=   -1.17  ep_len=  22.2  fall_rate=1.0  clipfrac=0.19  t=  89.0s  stage=0(vx=0.00)
iter   39/390  step=   79872  ep_return=   -3.29  ep_len=  22.8  fall_rate=1.0  clipfrac=0.20  t=  91.6s  stage=0(vx=0.00)
iter   40/390  step=   81920  ep_return=   -1.59  ep_len=  23.5  fall_rate=1.0  clipfrac=0.21  t=  93.5s  stage=0(vx=0.00)
iter   41/390  step=   83968  ep_return=   -1.81  ep_len=  23.4  fall_rate=1.0  clipfrac=0.19  t=  96.0s  stage=0(vx=0.00)
iter   42/390  step=   86016  ep_return=   -1.01  ep_len=  22.7  fall_rate=1.0  clipfrac=0.20  t=  98.2s  stage=0(vx=0.00)
iter   43/390  step=   88064  ep_return=   -2.00  ep_len=  23.2  fall_rate=1.0  clipfrac=0.17  t= 100.8s  stage=0(vx=0.00)
iter   44/390  step=   90112  ep_return=   -2.01  ep_len=  25.9  fall_rate=1.0  clipfrac=0.19  t= 102.6s  stage=0(vx=0.00)
iter   45/390  step=   92160  ep_return=   -4.00  ep_len=  23.5  fall_rate=1.0  clipfrac=0.19  t= 104.6s  stage=0(vx=0.00)
iter   46/390  step=   94208  ep_return=   -0.69  ep_len=  23.6  fall_rate=1.0  clipfrac=0.18  t= 106.6s  stage=0(vx=0.00)
iter   47/390  step=   96256  ep_return=   -1.60  ep_len=  23.0  fall_rate=1.0  clipfrac=0.21  t= 109.1s  stage=0(vx=0.00)
iter   48/390  step=   98304  ep_return=   -0.34  ep_len=  23.4  fall_rate=1.0  clipfrac=0.21  t= 111.4s  stage=0(vx=0.00)
iter   49/390  step=  100352  ep_return=   -2.27  ep_len=  23.5  fall_rate=1.0  clipfrac=0.21  t= 114.5s  stage=0(vx=0.00)
iter   50/390  step=  102400  ep_return=   -0.62  ep_len=  25.1  fall_rate=1.0  clipfrac=0.20  t= 116.5s  stage=0(vx=0.00)
iter   51/390  step=  104448  ep_return=   -0.62  ep_len=  24.3  fall_rate=1.0  clipfrac=0.20  t= 118.9s  stage=0(vx=0.00)
iter   52/390  step=  106496  ep_return=   -2.55  ep_len=  25.3  fall_rate=1.0  clipfrac=0.17  t= 121.2s  stage=0(vx=0.00)
iter   53/390  step=  108544  ep_return=   -1.65  ep_len=  23.0  fall_rate=1.0  clipfrac=0.19  t= 123.5s  stage=0(vx=0.00)
iter   54/390  step=  110592  ep_return=   -0.62  ep_len=  23.4  fall_rate=1.0  clipfrac=0.20  t= 125.4s  stage=0(vx=0.00)
iter   55/390  step=  112640  ep_return=   -1.49  ep_len=  22.8  fall_rate=1.0  clipfrac=0.22  t= 128.1s  stage=0(vx=0.00)
iter   56/390  step=  114688  ep_return=   -1.61  ep_len=  22.5  fall_rate=1.0  clipfrac=0.22  t= 131.1s  stage=0(vx=0.00)
iter   57/390  step=  116736  ep_return=   -4.68  ep_len=  22.6  fall_rate=1.0  clipfrac=0.19  t= 133.0s  stage=0(vx=0.00)
iter   58/390  step=  118784  ep_return=   -2.59  ep_len=  21.9  fall_rate=1.0  clipfrac=0.21  t= 135.4s  stage=0(vx=0.00)
iter   59/390  step=  120832  ep_return=   -3.04  ep_len=  24.0  fall_rate=1.0  clipfrac=0.20  t= 137.3s  stage=0(vx=0.00)
iter   60/390  step=  122880  ep_return=   -2.54  ep_len=  23.3  fall_rate=1.0  clipfrac=0.19  t= 139.3s  stage=0(vx=0.00)
iter   61/390  step=  124928  ep_return=    1.06  ep_len=  22.9  fall_rate=1.0  clipfrac=0.20  t= 141.6s  stage=0(vx=0.00)
iter   62/390  step=  126976  ep_return=   -1.04  ep_len=  22.6  fall_rate=1.0  clipfrac=0.22  t= 143.5s  stage=0(vx=0.00)
iter   63/390  step=  129024  ep_return=   -2.57  ep_len=  24.0  fall_rate=1.0  clipfrac=0.20  t= 146.3s  stage=0(vx=0.00)
iter   64/390  step=  131072  ep_return=   -0.50  ep_len=  22.9  fall_rate=1.0  clipfrac=0.22  t= 149.0s  stage=0(vx=0.00)
iter   65/390  step=  133120  ep_return=   -2.86  ep_len=  24.4  fall_rate=1.0  clipfrac=0.20  t= 150.9s  stage=0(vx=0.00)
iter   66/390  step=  135168  ep_return=   -2.43  ep_len=  24.3  fall_rate=1.0  clipfrac=0.22  t= 153.1s  stage=0(vx=0.00)
iter   67/390  step=  137216  ep_return=   -0.31  ep_len=  25.4  fall_rate=1.0  clipfrac=0.21  t= 155.4s  stage=0(vx=0.00)
iter   68/390  step=  139264  ep_return=    0.55  ep_len=  24.0  fall_rate=1.0  clipfrac=0.21  t= 157.8s  stage=0(vx=0.00)
iter   69/390  step=  141312  ep_return=   -3.74  ep_len=  23.3  fall_rate=1.0  clipfrac=0.21  t= 160.3s  stage=0(vx=0.00)
iter   70/390  step=  143360  ep_return=    0.66  ep_len=  23.2  fall_rate=1.0  clipfrac=0.20  t= 162.7s  stage=0(vx=0.00)
iter   71/390  step=  145408  ep_return=   -2.81  ep_len=  24.3  fall_rate=1.0  clipfrac=0.21  t= 165.1s  stage=0(vx=0.00)
iter   72/390  step=  147456  ep_return=   -0.40  ep_len=  23.8  fall_rate=1.0  clipfrac=0.22  t= 167.7s  stage=0(vx=0.00)
iter   73/390  step=  149504  ep_return=    0.10  ep_len=  24.5  fall_rate=1.0  clipfrac=0.22  t= 170.0s  stage=0(vx=0.00)
iter   74/390  step=  151552  ep_return=   -2.29  ep_len=  22.7  fall_rate=1.0  clipfrac=0.20  t= 172.4s  stage=0(vx=0.00)
iter   75/390  step=  153600  ep_return=   -1.90  ep_len=  24.3  fall_rate=1.0  clipfrac=0.20  t= 175.1s  stage=0(vx=0.00)
iter   76/390  step=  155648  ep_return=   -0.46  ep_len=  23.0  fall_rate=1.0  clipfrac=0.18  t= 178.0s  stage=0(vx=0.00)
iter   77/390  step=  157696  ep_return=   -2.43  ep_len=  24.2  fall_rate=1.0  clipfrac=0.20  t= 180.9s  stage=0(vx=0.00)
iter   78/390  step=  159744  ep_return=   -1.69  ep_len=  25.1  fall_rate=1.0  clipfrac=0.18  t= 183.7s  stage=0(vx=0.00)
iter   79/390  step=  161792  ep_return=   -0.56  ep_len=  24.4  fall_rate=1.0  clipfrac=0.23  t= 186.5s  stage=0(vx=0.00)
iter   80/390  step=  163840  ep_return=   -0.23  ep_len=  24.4  fall_rate=1.0  clipfrac=0.21  t= 188.5s  stage=0(vx=0.00)
iter   81/390  step=  165888  ep_return=   -3.03  ep_len=  25.3  fall_rate=1.0  clipfrac=0.20  t= 191.4s  stage=0(vx=0.00)
iter   82/390  step=  167936  ep_return=   -1.39  ep_len=  22.9  fall_rate=1.0  clipfrac=0.21  t= 194.2s  stage=0(vx=0.00)
iter   83/390  step=  169984  ep_return=   -1.13  ep_len=  24.6  fall_rate=1.0  clipfrac=0.21  t= 197.0s  stage=0(vx=0.00)
iter   84/390  step=  172032  ep_return=    1.17  ep_len=  26.2  fall_rate=1.0  clipfrac=0.23  t= 199.1s  stage=0(vx=0.00)
iter   85/390  step=  174080  ep_return=   -3.99  ep_len=  25.7  fall_rate=1.0  clipfrac=0.18  t= 201.2s  stage=0(vx=0.00)
iter   86/390  step=  176128  ep_return=   -0.54  ep_len=  25.2  fall_rate=1.0  clipfrac=0.20  t= 203.4s  stage=0(vx=0.00)
iter   87/390  step=  178176  ep_return=   -0.50  ep_len=  22.2  fall_rate=1.0  clipfrac=0.22  t= 205.8s  stage=0(vx=0.00)
iter   88/390  step=  180224  ep_return=   -0.49  ep_len=  25.9  fall_rate=1.0  clipfrac=0.20  t= 207.7s  stage=0(vx=0.00)
iter   89/390  step=  182272  ep_return=   -2.82  ep_len=  26.2  fall_rate=1.0  clipfrac=0.23  t= 210.5s  stage=0(vx=0.00)
iter   90/390  step=  184320  ep_return=    0.15  ep_len=  23.2  fall_rate=1.0  clipfrac=0.20  t= 213.3s  stage=0(vx=0.00)
iter   91/390  step=  186368  ep_return=    0.38  ep_len=  22.9  fall_rate=1.0  clipfrac=0.22  t= 215.3s  stage=0(vx=0.00)
iter   92/390  step=  188416  ep_return=   -1.08  ep_len=  25.5  fall_rate=1.0  clipfrac=0.22  t= 217.3s  stage=0(vx=0.00)
iter   93/390  step=  190464  ep_return=   -1.55  ep_len=  23.5  fall_rate=1.0  clipfrac=0.22  t= 219.3s  stage=0(vx=0.00)
iter   94/390  step=  192512  ep_return=   -0.94  ep_len=  23.6  fall_rate=1.0  clipfrac=0.21  t= 221.9s  stage=0(vx=0.00)
iter   95/390  step=  194560  ep_return=   -1.03  ep_len=  25.6  fall_rate=1.0  clipfrac=0.21  t= 224.7s  stage=0(vx=0.00)
iter   96/390  step=  196608  ep_return=   -0.21  ep_len=  24.4  fall_rate=1.0  clipfrac=0.20  t= 227.0s  stage=0(vx=0.00)
iter   97/390  step=  198656  ep_return=   -0.79  ep_len=  25.1  fall_rate=1.0  clipfrac=0.20  t= 229.0s  stage=0(vx=0.00)
iter   98/390  step=  200704  ep_return=   -2.32  ep_len=  23.8  fall_rate=1.0  clipfrac=0.21  t= 230.9s  stage=0(vx=0.00)
iter   99/390  step=  202752  ep_return=   -1.49  ep_len=  21.8  fall_rate=1.0  clipfrac=0.22  t= 232.7s  stage=0(vx=0.00)
iter  100/390  step=  204800  ep_return=   -0.81  ep_len=  26.1  fall_rate=1.0  clipfrac=0.22  t= 234.6s  stage=0(vx=0.00)
iter  101/390  step=  206848  ep_return=   -1.11  ep_len=  23.8  fall_rate=1.0  clipfrac=0.19  t= 237.1s  stage=0(vx=0.00)
iter  102/390  step=  208896  ep_return=   -2.62  ep_len=  24.0  fall_rate=1.0  clipfrac=0.20  t= 239.1s  stage=0(vx=0.00)
iter  103/390  step=  210944  ep_return=   -0.69  ep_len=  25.3  fall_rate=1.0  clipfrac=0.18  t= 241.1s  stage=0(vx=0.00)
iter  104/390  step=  212992  ep_return=    0.84  ep_len=  25.9  fall_rate=1.0  clipfrac=0.21  t= 243.7s  stage=0(vx=0.00)
iter  105/390  step=  215040  ep_return=   -1.01  ep_len=  24.5  fall_rate=1.0  clipfrac=0.21  t= 246.0s  stage=0(vx=0.00)
iter  106/390  step=  217088  ep_return=   -0.84  ep_len=  23.8  fall_rate=1.0  clipfrac=0.21  t= 247.9s  stage=0(vx=0.00)
iter  107/390  step=  219136  ep_return=    0.02  ep_len=  25.8  fall_rate=1.0  clipfrac=0.19  t= 250.5s  stage=0(vx=0.00)
iter  108/390  step=  221184  ep_return=    0.05  ep_len=  23.4  fall_rate=1.0  clipfrac=0.24  t= 253.2s  stage=0(vx=0.00)
iter  109/390  step=  223232  ep_return=   -0.03  ep_len=  23.6  fall_rate=1.0  clipfrac=0.18  t= 255.1s  stage=0(vx=0.00)
iter  110/390  step=  225280  ep_return=   -0.12  ep_len=  23.4  fall_rate=1.0  clipfrac=0.22  t= 257.6s  stage=0(vx=0.00)
iter  111/390  step=  227328  ep_return=    0.30  ep_len=  22.0  fall_rate=1.0  clipfrac=0.22  t= 259.8s  stage=0(vx=0.00)
iter  112/390  step=  229376  ep_return=    0.07  ep_len=  25.3  fall_rate=1.0  clipfrac=0.19  t= 261.6s  stage=0(vx=0.00)
iter  113/390  step=  231424  ep_return=    0.99  ep_len=  26.3  fall_rate=1.0  clipfrac=0.19  t= 264.3s  stage=0(vx=0.00)
iter  114/390  step=  233472  ep_return=   -0.18  ep_len=  25.0  fall_rate=1.0  clipfrac=0.19  t= 266.8s  stage=0(vx=0.00)
iter  115/390  step=  235520  ep_return=    1.86  ep_len=  26.7  fall_rate=1.0  clipfrac=0.19  t= 268.7s  stage=0(vx=0.00)
iter  116/390  step=  237568  ep_return=   -0.38  ep_len=  22.3  fall_rate=1.0  clipfrac=0.20  t= 271.2s  stage=0(vx=0.00)
iter  117/390  step=  239616  ep_return=   -1.29  ep_len=  22.7  fall_rate=1.0  clipfrac=0.20  t= 273.2s  stage=0(vx=0.00)
iter  118/390  step=  241664  ep_return=   -0.88  ep_len=  25.5  fall_rate=1.0  clipfrac=0.20  t= 275.9s  stage=0(vx=0.00)
iter  119/390  step=  243712  ep_return=   -2.08  ep_len=  25.1  fall_rate=1.0  clipfrac=0.18  t= 278.8s  stage=0(vx=0.00)
iter  120/390  step=  245760  ep_return=    1.35  ep_len=  26.3  fall_rate=1.0  clipfrac=0.21  t= 280.8s  stage=0(vx=0.00)
iter  121/390  step=  247808  ep_return=    0.29  ep_len=  24.9  fall_rate=1.0  clipfrac=0.20  t= 282.7s  stage=0(vx=0.00)
iter  122/390  step=  249856  ep_return=    1.36  ep_len=  23.9  fall_rate=1.0  clipfrac=0.22  t= 285.5s  stage=0(vx=0.00)
iter  123/390  step=  251904  ep_return=    1.52  ep_len=  24.8  fall_rate=1.0  clipfrac=0.18  t= 288.4s  stage=0(vx=0.00)
iter  124/390  step=  253952  ep_return=   -0.51  ep_len=  22.1  fall_rate=1.0  clipfrac=0.19  t= 290.5s  stage=0(vx=0.00)
iter  125/390  step=  256000  ep_return=   -0.26  ep_len=  24.8  fall_rate=1.0  clipfrac=0.20  t= 293.4s  stage=0(vx=0.00)
iter  126/390  step=  258048  ep_return=   -0.53  ep_len=  23.9  fall_rate=1.0  clipfrac=0.20  t= 295.9s  stage=0(vx=0.00)
iter  127/390  step=  260096  ep_return=   -1.28  ep_len=  23.9  fall_rate=1.0  clipfrac=0.19  t= 298.9s  stage=0(vx=0.00)
iter  128/390  step=  262144  ep_return=   -0.52  ep_len=  26.2  fall_rate=1.0  clipfrac=0.21  t= 301.5s  stage=0(vx=0.00)
iter  129/390  step=  264192  ep_return=    1.08  ep_len=  24.1  fall_rate=1.0  clipfrac=0.21  t= 303.5s  stage=0(vx=0.00)
iter  130/390  step=  266240  ep_return=   -0.23  ep_len=  26.3  fall_rate=1.0  clipfrac=0.19  t= 305.8s  stage=0(vx=0.00)
iter  131/390  step=  268288  ep_return=   -0.55  ep_len=  24.1  fall_rate=1.0  clipfrac=0.19  t= 308.3s  stage=0(vx=0.00)
iter  132/390  step=  270336  ep_return=    2.69  ep_len=  25.1  fall_rate=1.0  clipfrac=0.19  t= 310.1s  stage=0(vx=0.00)
iter  133/390  step=  272384  ep_return=    1.30  ep_len=  24.9  fall_rate=1.0  clipfrac=0.18  t= 312.5s  stage=0(vx=0.00)
iter  134/390  step=  274432  ep_return=   -0.49  ep_len=  26.1  fall_rate=1.0  clipfrac=0.18  t= 315.1s  stage=0(vx=0.00)
iter  135/390  step=  276480  ep_return=   -0.66  ep_len=  25.5  fall_rate=1.0  clipfrac=0.21  t= 318.1s  stage=0(vx=0.00)
iter  136/390  step=  278528  ep_return=   -0.56  ep_len=  24.9  fall_rate=1.0  clipfrac=0.18  t= 320.3s  stage=0(vx=0.00)
iter  137/390  step=  280576  ep_return=    1.32  ep_len=  24.2  fall_rate=1.0  clipfrac=0.22  t= 322.4s  stage=0(vx=0.00)
iter  138/390  step=  282624  ep_return=    1.03  ep_len=  25.6  fall_rate=1.0  clipfrac=0.20  t= 324.9s  stage=0(vx=0.00)
iter  139/390  step=  284672  ep_return=    0.17  ep_len=  24.3  fall_rate=1.0  clipfrac=0.20  t= 326.7s  stage=0(vx=0.00)
iter  140/390  step=  286720  ep_return=    1.05  ep_len=  27.1  fall_rate=1.0  clipfrac=0.22  t= 328.6s  stage=0(vx=0.00)
iter  141/390  step=  288768  ep_return=    0.61  ep_len=  23.6  fall_rate=1.0  clipfrac=0.20  t= 330.6s  stage=0(vx=0.00)
iter  142/390  step=  290816  ep_return=    1.83  ep_len=  26.4  fall_rate=1.0  clipfrac=0.19  t= 333.2s  stage=0(vx=0.00)
iter  143/390  step=  292864  ep_return=    1.17  ep_len=  26.7  fall_rate=1.0  clipfrac=0.19  t= 335.5s  stage=0(vx=0.00)
iter  144/390  step=  294912  ep_return=    1.62  ep_len=  26.0  fall_rate=1.0  clipfrac=0.20  t= 337.5s  stage=0(vx=0.00)
iter  145/390  step=  296960  ep_return=    1.46  ep_len=  27.3  fall_rate=1.0  clipfrac=0.19  t= 339.4s  stage=0(vx=0.00)
iter  146/390  step=  299008  ep_return=    1.69  ep_len=  24.5  fall_rate=1.0  clipfrac=0.20  t= 342.1s  stage=0(vx=0.00)
iter  147/390  step=  301056  ep_return=    1.75  ep_len=  24.4  fall_rate=1.0  clipfrac=0.19  t= 344.8s  stage=0(vx=0.00)
iter  148/390  step=  303104  ep_return=    0.77  ep_len=  25.4  fall_rate=1.0  clipfrac=0.21  t= 347.6s  stage=0(vx=0.00)
iter  149/390  step=  305152  ep_return=    0.87  ep_len=  25.9  fall_rate=1.0  clipfrac=0.20  t= 350.2s  stage=0(vx=0.00)
iter  150/390  step=  307200  ep_return=    1.80  ep_len=  27.5  fall_rate=1.0  clipfrac=0.19  t= 352.5s  stage=0(vx=0.00)
iter  151/390  step=  309248  ep_return=    1.42  ep_len=  23.4  fall_rate=1.0  clipfrac=0.20  t= 354.5s  stage=0(vx=0.00)
iter  152/390  step=  311296  ep_return=   -0.50  ep_len=  24.0  fall_rate=1.0  clipfrac=0.20  t= 356.7s  stage=0(vx=0.00)
iter  153/390  step=  313344  ep_return=    1.03  ep_len=  24.6  fall_rate=1.0  clipfrac=0.17  t= 359.2s  stage=0(vx=0.00)
iter  154/390  step=  315392  ep_return=    0.63  ep_len=  25.4  fall_rate=1.0  clipfrac=0.18  t= 361.3s  stage=0(vx=0.00)
iter  155/390  step=  317440  ep_return=   -0.56  ep_len=  25.5  fall_rate=1.0  clipfrac=0.19  t= 363.1s  stage=0(vx=0.00)
iter  156/390  step=  319488  ep_return=    0.84  ep_len=  25.3  fall_rate=1.0  clipfrac=0.19  t= 365.1s  stage=0(vx=0.00)
iter  157/390  step=  321536  ep_return=    2.62  ep_len=  27.2  fall_rate=1.0  clipfrac=0.20  t= 367.6s  stage=0(vx=0.00)
iter  158/390  step=  323584  ep_return=    0.06  ep_len=  26.4  fall_rate=1.0  clipfrac=0.20  t= 369.5s  stage=0(vx=0.00)
iter  159/390  step=  325632  ep_return=    1.51  ep_len=  25.5  fall_rate=1.0  clipfrac=0.19  t= 371.7s  stage=0(vx=0.00)
iter  160/390  step=  327680  ep_return=    1.98  ep_len=  26.7  fall_rate=1.0  clipfrac=0.19  t= 374.0s  stage=0(vx=0.00)
iter  161/390  step=  329728  ep_return=    0.11  ep_len=  24.8  fall_rate=1.0  clipfrac=0.20  t= 376.0s  stage=0(vx=0.00)
iter  162/390  step=  331776  ep_return=   -0.52  ep_len=  26.3  fall_rate=1.0  clipfrac=0.17  t= 378.6s  stage=0(vx=0.00)
iter  163/390  step=  333824  ep_return=    0.05  ep_len=  25.4  fall_rate=1.0  clipfrac=0.19  t= 380.6s  stage=0(vx=0.00)
iter  164/390  step=  335872  ep_return=    0.25  ep_len=  26.8  fall_rate=1.0  clipfrac=0.19  t= 383.2s  stage=0(vx=0.00)
iter  165/390  step=  337920  ep_return=    0.27  ep_len=  26.4  fall_rate=1.0  clipfrac=0.18  t= 385.2s  stage=0(vx=0.00)
iter  166/390  step=  339968  ep_return=    0.81  ep_len=  23.5  fall_rate=1.0  clipfrac=0.19  t= 387.7s  stage=0(vx=0.00)
iter  167/390  step=  342016  ep_return=    0.68  ep_len=  26.4  fall_rate=1.0  clipfrac=0.19  t= 390.2s  stage=0(vx=0.00)
iter  168/390  step=  344064  ep_return=    0.11  ep_len=  26.7  fall_rate=1.0  clipfrac=0.17  t= 392.4s  stage=0(vx=0.00)
iter  169/390  step=  346112  ep_return=    2.57  ep_len=  26.0  fall_rate=1.0  clipfrac=0.18  t= 394.7s  stage=0(vx=0.00)
iter  170/390  step=  348160  ep_return=   -0.01  ep_len=  27.1  fall_rate=1.0  clipfrac=0.18  t= 397.2s  stage=0(vx=0.00)
iter  171/390  step=  350208  ep_return=    1.61  ep_len=  25.1  fall_rate=1.0  clipfrac=0.20  t= 399.2s  stage=0(vx=0.00)
iter  172/390  step=  352256  ep_return=    1.63  ep_len=  27.1  fall_rate=1.0  clipfrac=0.21  t= 402.3s  stage=0(vx=0.00)
iter  173/390  step=  354304  ep_return=    3.03  ep_len=  26.9  fall_rate=1.0  clipfrac=0.21  t= 405.2s  stage=0(vx=0.00)
iter  174/390  step=  356352  ep_return=    2.10  ep_len=  26.4  fall_rate=1.0  clipfrac=0.19  t= 407.9s  stage=0(vx=0.00)
iter  175/390  step=  358400  ep_return=    1.73  ep_len=  26.2  fall_rate=1.0  clipfrac=0.20  t= 409.9s  stage=0(vx=0.00)
iter  176/390  step=  360448  ep_return=    4.19  ep_len=  28.5  fall_rate=1.0  clipfrac=0.18  t= 412.4s  stage=0(vx=0.00)
iter  177/390  step=  362496  ep_return=    0.22  ep_len=  26.2  fall_rate=1.0  clipfrac=0.18  t= 414.6s  stage=0(vx=0.00)
iter  178/390  step=  364544  ep_return=    0.46  ep_len=  27.0  fall_rate=1.0  clipfrac=0.20  t= 416.9s  stage=0(vx=0.00)
iter  179/390  step=  366592  ep_return=    0.77  ep_len=  26.8  fall_rate=1.0  clipfrac=0.19  t= 419.7s  stage=0(vx=0.00)
iter  180/390  step=  368640  ep_return=    1.08  ep_len=  25.6  fall_rate=1.0  clipfrac=0.20  t= 422.5s  stage=0(vx=0.00)
iter  181/390  step=  370688  ep_return=   -0.12  ep_len=  30.3  fall_rate=1.0  clipfrac=0.19  t= 425.2s  stage=0(vx=0.00)
iter  182/390  step=  372736  ep_return=    2.92  ep_len=  28.5  fall_rate=1.0  clipfrac=0.21  t= 428.0s  stage=0(vx=0.00)
iter  183/390  step=  374784  ep_return=    2.56  ep_len=  26.4  fall_rate=1.0  clipfrac=0.16  t= 430.4s  stage=0(vx=0.00)
iter  184/390  step=  376832  ep_return=    0.61  ep_len=  27.3  fall_rate=1.0  clipfrac=0.15  t= 433.3s  stage=0(vx=0.00)
iter  185/390  step=  378880  ep_return=    0.13  ep_len=  25.7  fall_rate=1.0  clipfrac=0.17  t= 435.4s  stage=0(vx=0.00)
iter  186/390  step=  380928  ep_return=    1.95  ep_len=  26.5  fall_rate=1.0  clipfrac=0.19  t= 437.3s  stage=0(vx=0.00)
iter  187/390  step=  382976  ep_return=   -0.41  ep_len=  26.4  fall_rate=1.0  clipfrac=0.17  t= 439.8s  stage=0(vx=0.00)
iter  188/390  step=  385024  ep_return=    1.36  ep_len=  25.1  fall_rate=1.0  clipfrac=0.17  t= 442.1s  stage=0(vx=0.00)
iter  189/390  step=  387072  ep_return=   -0.37  ep_len=  24.2  fall_rate=1.0  clipfrac=0.20  t= 444.2s  stage=0(vx=0.00)
iter  190/390  step=  389120  ep_return=    2.30  ep_len=  25.9  fall_rate=1.0  clipfrac=0.18  t= 446.9s  stage=0(vx=0.00)
iter  191/390  step=  391168  ep_return=    1.97  ep_len=  26.0  fall_rate=1.0  clipfrac=0.17  t= 448.7s  stage=0(vx=0.00)
iter  192/390  step=  393216  ep_return=    1.85  ep_len=  26.8  fall_rate=1.0  clipfrac=0.18  t= 451.3s  stage=0(vx=0.00)
iter  193/390  step=  395264  ep_return=   -1.48  ep_len=  25.7  fall_rate=1.0  clipfrac=0.19  t= 453.8s  stage=0(vx=0.00)
iter  194/390  step=  397312  ep_return=    0.49  ep_len=  25.8  fall_rate=1.0  clipfrac=0.17  t= 455.9s  stage=0(vx=0.00)
iter  195/390  step=  399360  ep_return=    1.08  ep_len=  26.1  fall_rate=1.0  clipfrac=0.18  t= 458.5s  stage=0(vx=0.00)
iter  196/390  step=  401408  ep_return=    0.39  ep_len=  26.6  fall_rate=1.0  clipfrac=0.18  t= 461.4s  stage=0(vx=0.00)
iter  197/390  step=  403456  ep_return=    1.20  ep_len=  25.9  fall_rate=1.0  clipfrac=0.18  t= 463.9s  stage=0(vx=0.00)
iter  198/390  step=  405504  ep_return=    0.25  ep_len=  24.5  fall_rate=1.0  clipfrac=0.18  t= 466.3s  stage=0(vx=0.00)
iter  199/390  step=  407552  ep_return=    0.76  ep_len=  25.6  fall_rate=1.0  clipfrac=0.21  t= 468.5s  stage=0(vx=0.00)
iter  200/390  step=  409600  ep_return=    0.13  ep_len=  27.6  fall_rate=1.0  clipfrac=0.16  t= 471.2s  stage=0(vx=0.00)
iter  201/390  step=  411648  ep_return=    1.10  ep_len=  26.9  fall_rate=1.0  clipfrac=0.16  t= 473.1s  stage=0(vx=0.00)
iter  202/390  step=  413696  ep_return=    0.28  ep_len=  25.7  fall_rate=1.0  clipfrac=0.18  t= 475.0s  stage=0(vx=0.00)
iter  203/390  step=  415744  ep_return=    1.06  ep_len=  26.2  fall_rate=1.0  clipfrac=0.17  t= 477.5s  stage=0(vx=0.00)
iter  204/390  step=  417792  ep_return=    1.63  ep_len=  25.5  fall_rate=1.0  clipfrac=0.17  t= 479.6s  stage=0(vx=0.00)
iter  205/390  step=  419840  ep_return=    1.83  ep_len=  24.6  fall_rate=1.0  clipfrac=0.16  t= 481.4s  stage=0(vx=0.00)
iter  206/390  step=  421888  ep_return=    1.33  ep_len=  27.1  fall_rate=1.0  clipfrac=0.18  t= 484.0s  stage=0(vx=0.00)
iter  207/390  step=  423936  ep_return=   -0.41  ep_len=  25.5  fall_rate=1.0  clipfrac=0.16  t= 486.9s  stage=0(vx=0.00)
iter  208/390  step=  425984  ep_return=   -0.02  ep_len=  28.1  fall_rate=1.0  clipfrac=0.16  t= 489.2s  stage=0(vx=0.00)
iter  209/390  step=  428032  ep_return=    2.28  ep_len=  23.6  fall_rate=1.0  clipfrac=0.17  t= 492.1s  stage=0(vx=0.00)
iter  210/390  step=  430080  ep_return=    1.57  ep_len=  27.7  fall_rate=1.0  clipfrac=0.15  t= 494.4s  stage=0(vx=0.00)
iter  211/390  step=  432128  ep_return=    0.41  ep_len=  24.9  fall_rate=1.0  clipfrac=0.17  t= 497.4s  stage=0(vx=0.00)
iter  212/390  step=  434176  ep_return=    0.84  ep_len=  28.0  fall_rate=1.0  clipfrac=0.16  t= 499.8s  stage=0(vx=0.00)
iter  213/390  step=  436224  ep_return=    0.66  ep_len=  25.3  fall_rate=1.0  clipfrac=0.17  t= 502.4s  stage=0(vx=0.00)
iter  214/390  step=  438272  ep_return=    1.23  ep_len=  25.9  fall_rate=1.0  clipfrac=0.18  t= 504.6s  stage=0(vx=0.00)
iter  215/390  step=  440320  ep_return=    0.98  ep_len=  27.9  fall_rate=1.0  clipfrac=0.19  t= 507.6s  stage=0(vx=0.00)
iter  216/390  step=  442368  ep_return=    1.33  ep_len=  25.6  fall_rate=1.0  clipfrac=0.19  t= 510.1s  stage=0(vx=0.00)
iter  217/390  step=  444416  ep_return=    2.52  ep_len=  28.3  fall_rate=1.0  clipfrac=0.17  t= 512.7s  stage=0(vx=0.00)
iter  218/390  step=  446464  ep_return=    1.92  ep_len=  27.7  fall_rate=1.0  clipfrac=0.17  t= 515.6s  stage=0(vx=0.00)
iter  219/390  step=  448512  ep_return=    2.52  ep_len=  28.9  fall_rate=1.0  clipfrac=0.18  t= 517.6s  stage=0(vx=0.00)
iter  220/390  step=  450560  ep_return=    0.53  ep_len=  27.5  fall_rate=1.0  clipfrac=0.15  t= 520.4s  stage=0(vx=0.00)
iter  221/390  step=  452608  ep_return=   -0.93  ep_len=  27.0  fall_rate=1.0  clipfrac=0.16  t= 523.3s  stage=0(vx=0.00)
iter  222/390  step=  454656  ep_return=    1.61  ep_len=  26.0  fall_rate=1.0  clipfrac=0.16  t= 525.9s  stage=0(vx=0.00)
iter  223/390  step=  456704  ep_return=    1.44  ep_len=  26.7  fall_rate=1.0  clipfrac=0.16  t= 528.7s  stage=0(vx=0.00)
iter  224/390  step=  458752  ep_return=    0.57  ep_len=  28.5  fall_rate=1.0  clipfrac=0.16  t= 531.6s  stage=0(vx=0.00)
iter  225/390  step=  460800  ep_return=    2.11  ep_len=  25.5  fall_rate=1.0  clipfrac=0.16  t= 534.0s  stage=0(vx=0.00)
iter  226/390  step=  462848  ep_return=    1.47  ep_len=  26.2  fall_rate=1.0  clipfrac=0.18  t= 536.3s  stage=0(vx=0.00)
iter  227/390  step=  464896  ep_return=    0.57  ep_len=  25.9  fall_rate=1.0  clipfrac=0.17  t= 538.8s  stage=0(vx=0.00)
iter  228/390  step=  466944  ep_return=    1.89  ep_len=  26.6  fall_rate=1.0  clipfrac=0.15  t= 541.5s  stage=0(vx=0.00)
iter  229/390  step=  468992  ep_return=    3.63  ep_len=  28.8  fall_rate=1.0  clipfrac=0.16  t= 543.7s  stage=0(vx=0.00)
iter  230/390  step=  471040  ep_return=    3.44  ep_len=  26.3  fall_rate=1.0  clipfrac=0.18  t= 546.0s  stage=0(vx=0.00)
iter  231/390  step=  473088  ep_return=   -0.06  ep_len=  25.2  fall_rate=1.0  clipfrac=0.18  t= 548.5s  stage=0(vx=0.00)
iter  232/390  step=  475136  ep_return=   -0.31  ep_len=  26.3  fall_rate=1.0  clipfrac=0.15  t= 550.4s  stage=0(vx=0.00)
iter  233/390  step=  477184  ep_return=    0.33  ep_len=  25.7  fall_rate=1.0  clipfrac=0.15  t= 552.5s  stage=0(vx=0.00)
iter  234/390  step=  479232  ep_return=    4.00  ep_len=  28.0  fall_rate=1.0  clipfrac=0.16  t= 554.7s  stage=0(vx=0.00)
iter  235/390  step=  481280  ep_return=    2.42  ep_len=  25.3  fall_rate=1.0  clipfrac=0.15  t= 557.1s  stage=0(vx=0.00)
iter  236/390  step=  483328  ep_return=   -0.17  ep_len=  24.7  fall_rate=1.0  clipfrac=0.16  t= 560.0s  stage=0(vx=0.00)
iter  237/390  step=  485376  ep_return=    1.87  ep_len=  28.8  fall_rate=1.0  clipfrac=0.14  t= 562.5s  stage=0(vx=0.00)
iter  238/390  step=  487424  ep_return=   -0.65  ep_len=  26.8  fall_rate=1.0  clipfrac=0.18  t= 565.1s  stage=0(vx=0.00)
iter  239/390  step=  489472  ep_return=    1.29  ep_len=  27.1  fall_rate=1.0  clipfrac=0.15  t= 567.5s  stage=0(vx=0.00)
iter  240/390  step=  491520  ep_return=    2.97  ep_len=  28.5  fall_rate=1.0  clipfrac=0.16  t= 569.8s  stage=0(vx=0.00)
iter  241/390  step=  493568  ep_return=    1.21  ep_len=  24.8  fall_rate=1.0  clipfrac=0.15  t= 572.2s  stage=0(vx=0.00)
iter  242/390  step=  495616  ep_return=    2.20  ep_len=  26.8  fall_rate=1.0  clipfrac=0.14  t= 574.6s  stage=0(vx=0.00)
iter  243/390  step=  497664  ep_return=    1.69  ep_len=  26.9  fall_rate=1.0  clipfrac=0.12  t= 577.0s  stage=0(vx=0.00)
iter  244/390  step=  499712  ep_return=    0.11  ep_len=  26.9  fall_rate=1.0  clipfrac=0.15  t= 579.4s  stage=0(vx=0.00)
iter  245/390  step=  501760  ep_return=    2.25  ep_len=  27.4  fall_rate=1.0  clipfrac=0.16  t= 581.8s  stage=0(vx=0.00)
iter  246/390  step=  503808  ep_return=    1.43  ep_len=  27.7  fall_rate=1.0  clipfrac=0.14  t= 584.3s  stage=0(vx=0.00)
iter  247/390  step=  505856  ep_return=    3.67  ep_len=  27.5  fall_rate=1.0  clipfrac=0.15  t= 586.5s  stage=0(vx=0.00)
iter  248/390  step=  507904  ep_return=    1.82  ep_len=  25.5  fall_rate=1.0  clipfrac=0.16  t= 589.1s  stage=0(vx=0.00)
iter  249/390  step=  509952  ep_return=    2.20  ep_len=  25.7  fall_rate=1.0  clipfrac=0.16  t= 591.3s  stage=0(vx=0.00)
iter  250/390  step=  512000  ep_return=    2.27  ep_len=  26.4  fall_rate=1.0  clipfrac=0.16  t= 593.2s  stage=0(vx=0.00)
iter  251/390  step=  514048  ep_return=    2.79  ep_len=  27.0  fall_rate=1.0  clipfrac=0.14  t= 595.4s  stage=0(vx=0.00)
iter  252/390  step=  516096  ep_return=    1.76  ep_len=  27.5  fall_rate=1.0  clipfrac=0.15  t= 597.7s  stage=0(vx=0.00)
iter  253/390  step=  518144  ep_return=    3.04  ep_len=  28.4  fall_rate=1.0  clipfrac=0.13  t= 600.2s  stage=0(vx=0.00)
iter  254/390  step=  520192  ep_return=    2.45  ep_len=  26.9  fall_rate=1.0  clipfrac=0.15  t= 602.7s  stage=0(vx=0.00)
iter  255/390  step=  522240  ep_return=    2.18  ep_len=  26.6  fall_rate=1.0  clipfrac=0.13  t= 605.0s  stage=0(vx=0.00)
iter  256/390  step=  524288  ep_return=    2.92  ep_len=  26.3  fall_rate=1.0  clipfrac=0.15  t= 607.5s  stage=0(vx=0.00)
iter  257/390  step=  526336  ep_return=   -0.72  ep_len=  27.0  fall_rate=1.0  clipfrac=0.11  t= 610.2s  stage=0(vx=0.00)
iter  258/390  step=  528384  ep_return=    2.63  ep_len=  28.0  fall_rate=1.0  clipfrac=0.15  t= 612.5s  stage=0(vx=0.00)
iter  259/390  step=  530432  ep_return=    1.85  ep_len=  27.5  fall_rate=1.0  clipfrac=0.12  t= 614.5s  stage=0(vx=0.00)
iter  260/390  step=  532480  ep_return=    1.90  ep_len=  27.8  fall_rate=1.0  clipfrac=0.13  t= 617.0s  stage=0(vx=0.00)
iter  261/390  step=  534528  ep_return=    3.93  ep_len=  27.3  fall_rate=1.0  clipfrac=0.14  t= 619.3s  stage=0(vx=0.00)
iter  262/390  step=  536576  ep_return=    0.19  ep_len=  26.3  fall_rate=1.0  clipfrac=0.15  t= 622.0s  stage=0(vx=0.00)
iter  263/390  step=  538624  ep_return=    1.93  ep_len=  26.4  fall_rate=1.0  clipfrac=0.12  t= 624.2s  stage=0(vx=0.00)
iter  264/390  step=  540672  ep_return=    1.71  ep_len=  24.8  fall_rate=1.0  clipfrac=0.14  t= 626.1s  stage=0(vx=0.00)
iter  265/390  step=  542720  ep_return=    2.14  ep_len=  27.9  fall_rate=1.0  clipfrac=0.13  t= 628.8s  stage=0(vx=0.00)
iter  266/390  step=  544768  ep_return=    0.48  ep_len=  26.2  fall_rate=1.0  clipfrac=0.13  t= 631.1s  stage=0(vx=0.00)
iter  267/390  step=  546816  ep_return=    4.09  ep_len=  28.3  fall_rate=1.0  clipfrac=0.13  t= 633.5s  stage=0(vx=0.00)
iter  268/390  step=  548864  ep_return=    1.25  ep_len=  26.9  fall_rate=1.0  clipfrac=0.13  t= 636.4s  stage=0(vx=0.00)
iter  269/390  step=  550912  ep_return=    1.76  ep_len=  27.5  fall_rate=1.0  clipfrac=0.11  t= 638.4s  stage=0(vx=0.00)
iter  270/390  step=  552960  ep_return=    1.39  ep_len=  25.9  fall_rate=1.0  clipfrac=0.12  t= 641.1s  stage=0(vx=0.00)
iter  271/390  step=  555008  ep_return=    1.11  ep_len=  26.7  fall_rate=1.0  clipfrac=0.12  t= 643.0s  stage=0(vx=0.00)
iter  272/390  step=  557056  ep_return=    2.22  ep_len=  27.0  fall_rate=1.0  clipfrac=0.13  t= 644.8s  stage=0(vx=0.00)
iter  273/390  step=  559104  ep_return=    0.87  ep_len=  25.4  fall_rate=1.0  clipfrac=0.12  t= 647.1s  stage=0(vx=0.00)
iter  274/390  step=  561152  ep_return=    1.61  ep_len=  25.3  fall_rate=1.0  clipfrac=0.13  t= 649.7s  stage=0(vx=0.00)
iter  275/390  step=  563200  ep_return=    0.37  ep_len=  26.7  fall_rate=1.0  clipfrac=0.11  t= 652.8s  stage=0(vx=0.00)
iter  276/390  step=  565248  ep_return=    2.45  ep_len=  28.5  fall_rate=1.0  clipfrac=0.11  t= 654.8s  stage=0(vx=0.00)
iter  277/390  step=  567296  ep_return=    1.35  ep_len=  26.1  fall_rate=1.0  clipfrac=0.13  t= 656.9s  stage=0(vx=0.00)
iter  278/390  step=  569344  ep_return=    2.52  ep_len=  28.5  fall_rate=1.0  clipfrac=0.13  t= 659.4s  stage=0(vx=0.00)
iter  279/390  step=  571392  ep_return=    1.54  ep_len=  26.4  fall_rate=1.0  clipfrac=0.13  t= 662.1s  stage=0(vx=0.00)
iter  280/390  step=  573440  ep_return=    0.63  ep_len=  31.2  fall_rate=1.0  clipfrac=0.09  t= 664.8s  stage=0(vx=0.00)
iter  281/390  step=  575488  ep_return=    5.13  ep_len=  30.2  fall_rate=1.0  clipfrac=0.10  t= 667.6s  stage=0(vx=0.00)
iter  282/390  step=  577536  ep_return=    3.39  ep_len=  28.1  fall_rate=1.0  clipfrac=0.12  t= 670.1s  stage=0(vx=0.00)
iter  283/390  step=  579584  ep_return=    2.59  ep_len=  28.4  fall_rate=1.0  clipfrac=0.12  t= 672.4s  stage=0(vx=0.00)
iter  284/390  step=  581632  ep_return=    1.73  ep_len=  29.8  fall_rate=1.0  clipfrac=0.11  t= 674.4s  stage=0(vx=0.00)
iter  285/390  step=  583680  ep_return=    4.34  ep_len=  28.3  fall_rate=1.0  clipfrac=0.10  t= 676.3s  stage=0(vx=0.00)
iter  286/390  step=  585728  ep_return=    1.00  ep_len=  27.6  fall_rate=1.0  clipfrac=0.10  t= 678.2s  stage=0(vx=0.00)
iter  287/390  step=  587776  ep_return=    3.03  ep_len=  28.1  fall_rate=1.0  clipfrac=0.11  t= 680.0s  stage=0(vx=0.00)
iter  288/390  step=  589824  ep_return=    2.89  ep_len=  27.4  fall_rate=1.0  clipfrac=0.13  t= 682.7s  stage=0(vx=0.00)
iter  289/390  step=  591872  ep_return=    3.82  ep_len=  29.8  fall_rate=1.0  clipfrac=0.10  t= 685.4s  stage=0(vx=0.00)
iter  290/390  step=  593920  ep_return=    1.28  ep_len=  27.4  fall_rate=1.0  clipfrac=0.11  t= 687.7s  stage=0(vx=0.00)
iter  291/390  step=  595968  ep_return=    2.02  ep_len=  28.5  fall_rate=1.0  clipfrac=0.09  t= 690.1s  stage=0(vx=0.00)
iter  292/390  step=  598016  ep_return=    4.14  ep_len=  27.5  fall_rate=1.0  clipfrac=0.11  t= 692.2s  stage=0(vx=0.00)
iter  293/390  step=  600064  ep_return=    2.62  ep_len=  27.4  fall_rate=1.0  clipfrac=0.10  t= 695.1s  stage=0(vx=0.00)
iter  294/390  step=  602112  ep_return=    2.82  ep_len=  27.6  fall_rate=1.0  clipfrac=0.09  t= 697.2s  stage=0(vx=0.00)
iter  295/390  step=  604160  ep_return=    0.35  ep_len=  27.7  fall_rate=1.0  clipfrac=0.10  t= 699.7s  stage=0(vx=0.00)
iter  296/390  step=  606208  ep_return=    0.60  ep_len=  28.2  fall_rate=1.0  clipfrac=0.10  t= 701.7s  stage=0(vx=0.00)
iter  297/390  step=  608256  ep_return=    1.91  ep_len=  27.8  fall_rate=1.0  clipfrac=0.10  t= 704.3s  stage=0(vx=0.00)
iter  298/390  step=  610304  ep_return=    1.59  ep_len=  26.6  fall_rate=1.0  clipfrac=0.10  t= 706.7s  stage=0(vx=0.00)
iter  299/390  step=  612352  ep_return=    2.98  ep_len=  28.6  fall_rate=1.0  clipfrac=0.10  t= 708.6s  stage=0(vx=0.00)
iter  300/390  step=  614400  ep_return=    0.42  ep_len=  28.1  fall_rate=1.0  clipfrac=0.10  t= 711.5s  stage=0(vx=0.00)
iter  301/390  step=  616448  ep_return=    2.80  ep_len=  27.5  fall_rate=1.0  clipfrac=0.10  t= 713.4s  stage=0(vx=0.00)
iter  302/390  step=  618496  ep_return=    3.15  ep_len=  26.8  fall_rate=1.0  clipfrac=0.08  t= 715.9s  stage=0(vx=0.00)
iter  303/390  step=  620544  ep_return=    2.15  ep_len=  26.2  fall_rate=1.0  clipfrac=0.10  t= 718.0s  stage=0(vx=0.00)
iter  304/390  step=  622592  ep_return=    3.78  ep_len=  28.4  fall_rate=1.0  clipfrac=0.08  t= 720.4s  stage=0(vx=0.00)
iter  305/390  step=  624640  ep_return=    4.02  ep_len=  31.1  fall_rate=1.0  clipfrac=0.10  t= 723.0s  stage=0(vx=0.00)
iter  306/390  step=  626688  ep_return=    1.84  ep_len=  28.9  fall_rate=1.0  clipfrac=0.06  t= 725.8s  stage=0(vx=0.00)
iter  307/390  step=  628736  ep_return=    2.48  ep_len=  27.2  fall_rate=1.0  clipfrac=0.11  t= 727.9s  stage=0(vx=0.00)
iter  308/390  step=  630784  ep_return=    1.31  ep_len=  27.4  fall_rate=1.0  clipfrac=0.08  t= 730.5s  stage=0(vx=0.00)
iter  309/390  step=  632832  ep_return=    2.67  ep_len=  28.9  fall_rate=1.0  clipfrac=0.08  t= 733.1s  stage=0(vx=0.00)
iter  310/390  step=  634880  ep_return=    1.44  ep_len=  26.8  fall_rate=1.0  clipfrac=0.09  t= 735.9s  stage=0(vx=0.00)
iter  311/390  step=  636928  ep_return=    0.48  ep_len=  27.0  fall_rate=1.0  clipfrac=0.10  t= 738.7s  stage=0(vx=0.00)
iter  312/390  step=  638976  ep_return=    1.39  ep_len=  26.3  fall_rate=1.0  clipfrac=0.08  t= 741.6s  stage=0(vx=0.00)
iter  313/390  step=  641024  ep_return=    2.14  ep_len=  28.5  fall_rate=1.0  clipfrac=0.08  t= 743.6s  stage=0(vx=0.00)
iter  314/390  step=  643072  ep_return=    1.37  ep_len=  26.9  fall_rate=1.0  clipfrac=0.08  t= 746.3s  stage=0(vx=0.00)
iter  315/390  step=  645120  ep_return=    0.15  ep_len=  26.5  fall_rate=1.0  clipfrac=0.06  t= 749.2s  stage=0(vx=0.00)
iter  316/390  step=  647168  ep_return=    3.80  ep_len=  29.9  fall_rate=1.0  clipfrac=0.07  t= 751.8s  stage=0(vx=0.00)
iter  317/390  step=  649216  ep_return=    3.99  ep_len=  29.1  fall_rate=1.0  clipfrac=0.07  t= 754.7s  stage=0(vx=0.00)
iter  318/390  step=  651264  ep_return=    2.15  ep_len=  28.8  fall_rate=1.0  clipfrac=0.06  t= 757.4s  stage=0(vx=0.00)
iter  319/390  step=  653312  ep_return=    0.78  ep_len=  33.0  fall_rate=1.0  clipfrac=0.06  t= 760.4s  stage=0(vx=0.00)
iter  320/390  step=  655360  ep_return=    2.82  ep_len=  27.1  fall_rate=1.0  clipfrac=0.07  t= 762.8s  stage=0(vx=0.00)
iter  321/390  step=  657408  ep_return=    3.62  ep_len=  28.5  fall_rate=1.0  clipfrac=0.07  t= 765.6s  stage=0(vx=0.00)
iter  322/390  step=  659456  ep_return=    2.48  ep_len=  28.1  fall_rate=1.0  clipfrac=0.07  t= 768.4s  stage=0(vx=0.00)
iter  323/390  step=  661504  ep_return=    2.86  ep_len=  26.6  fall_rate=1.0  clipfrac=0.08  t= 771.3s  stage=0(vx=0.00)
iter  324/390  step=  663552  ep_return=    0.94  ep_len=  29.4  fall_rate=1.0  clipfrac=0.07  t= 774.0s  stage=0(vx=0.00)
iter  325/390  step=  665600  ep_return=    2.49  ep_len=  26.8  fall_rate=1.0  clipfrac=0.05  t= 777.0s  stage=0(vx=0.00)
iter  326/390  step=  667648  ep_return=    2.31  ep_len=  27.5  fall_rate=1.0  clipfrac=0.06  t= 780.0s  stage=0(vx=0.00)
iter  327/390  step=  669696  ep_return=    0.37  ep_len=  26.1  fall_rate=1.0  clipfrac=0.08  t= 782.5s  stage=0(vx=0.00)
iter  328/390  step=  671744  ep_return=    5.12  ep_len=  28.1  fall_rate=1.0  clipfrac=0.08  t= 785.3s  stage=0(vx=0.00)
iter  329/390  step=  673792  ep_return=    0.51  ep_len=  28.1  fall_rate=1.0  clipfrac=0.06  t= 788.2s  stage=0(vx=0.00)
iter  330/390  step=  675840  ep_return=    2.00  ep_len=  27.5  fall_rate=1.0  clipfrac=0.04  t= 791.0s  stage=0(vx=0.00)
iter  331/390  step=  677888  ep_return=    2.05  ep_len=  30.3  fall_rate=1.0  clipfrac=0.05  t= 793.7s  stage=0(vx=0.00)
iter  332/390  step=  679936  ep_return=    2.56  ep_len=  29.9  fall_rate=1.0  clipfrac=0.05  t= 795.8s  stage=0(vx=0.00)
iter  333/390  step=  681984  ep_return=    3.61  ep_len=  28.9  fall_rate=1.0  clipfrac=0.05  t= 798.7s  stage=0(vx=0.00)
iter  334/390  step=  684032  ep_return=    2.61  ep_len=  28.4  fall_rate=1.0  clipfrac=0.06  t= 801.6s  stage=0(vx=0.00)
iter  335/390  step=  686080  ep_return=    2.06  ep_len=  26.5  fall_rate=1.0  clipfrac=0.06  t= 804.8s  stage=0(vx=0.00)
iter  336/390  step=  688128  ep_return=    3.08  ep_len=  29.6  fall_rate=1.0  clipfrac=0.06  t= 807.6s  stage=0(vx=0.00)
iter  337/390  step=  690176  ep_return=    2.18  ep_len=  28.5  fall_rate=1.0  clipfrac=0.05  t= 810.3s  stage=0(vx=0.00)
iter  338/390  step=  692224  ep_return=    4.19  ep_len=  29.5  fall_rate=1.0  clipfrac=0.05  t= 812.6s  stage=0(vx=0.00)
iter  339/390  step=  694272  ep_return=    2.83  ep_len=  27.7  fall_rate=1.0  clipfrac=0.04  t= 815.6s  stage=0(vx=0.00)
iter  340/390  step=  696320  ep_return=    0.29  ep_len=  26.5  fall_rate=1.0  clipfrac=0.04  t= 818.4s  stage=0(vx=0.00)
iter  341/390  step=  698368  ep_return=    0.79  ep_len=  28.8  fall_rate=1.0  clipfrac=0.04  t= 821.3s  stage=0(vx=0.00)
iter  342/390  step=  700416  ep_return=    0.92  ep_len=  28.2  fall_rate=1.0  clipfrac=0.06  t= 824.1s  stage=0(vx=0.00)
iter  343/390  step=  702464  ep_return=    1.01  ep_len=  27.9  fall_rate=1.0  clipfrac=0.04  t= 826.4s  stage=0(vx=0.00)
iter  344/390  step=  704512  ep_return=    3.09  ep_len=  29.1  fall_rate=1.0  clipfrac=0.04  t= 829.2s  stage=0(vx=0.00)
iter  345/390  step=  706560  ep_return=    4.25  ep_len=  27.9  fall_rate=1.0  clipfrac=0.05  t= 832.1s  stage=0(vx=0.00)
iter  346/390  step=  708608  ep_return=    5.37  ep_len=  30.5  fall_rate=1.0  clipfrac=0.04  t= 835.0s  stage=0(vx=0.00)
iter  347/390  step=  710656  ep_return=    2.99  ep_len=  29.3  fall_rate=1.0  clipfrac=0.04  t= 837.9s  stage=0(vx=0.00)
iter  348/390  step=  712704  ep_return=    4.68  ep_len=  30.6  fall_rate=1.0  clipfrac=0.04  t= 840.5s  stage=0(vx=0.00)
iter  349/390  step=  714752  ep_return=    1.69  ep_len=  27.3  fall_rate=1.0  clipfrac=0.03  t= 843.3s  stage=0(vx=0.00)
iter  350/390  step=  716800  ep_return=    3.58  ep_len=  29.8  fall_rate=1.0  clipfrac=0.03  t= 846.0s  stage=0(vx=0.00)
iter  351/390  step=  718848  ep_return=    1.15  ep_len=  27.8  fall_rate=1.0  clipfrac=0.03  t= 847.9s  stage=0(vx=0.00)
iter  352/390  step=  720896  ep_return=    2.53  ep_len=  27.8  fall_rate=1.0  clipfrac=0.02  t= 850.7s  stage=0(vx=0.00)
iter  353/390  step=  722944  ep_return=    2.86  ep_len=  27.3  fall_rate=1.0  clipfrac=0.02  t= 853.5s  stage=0(vx=0.00)
iter  354/390  step=  724992  ep_return=    3.36  ep_len=  26.4  fall_rate=1.0  clipfrac=0.02  t= 856.4s  stage=0(vx=0.00)
iter  355/390  step=  727040  ep_return=    5.25  ep_len=  29.2  fall_rate=1.0  clipfrac=0.03  t= 859.4s  stage=0(vx=0.00)
iter  356/390  step=  729088  ep_return=    3.39  ep_len=  28.0  fall_rate=1.0  clipfrac=0.04  t= 861.3s  stage=0(vx=0.00)
iter  357/390  step=  731136  ep_return=    2.49  ep_len=  26.4  fall_rate=1.0  clipfrac=0.02  t= 864.1s  stage=0(vx=0.00)
iter  358/390  step=  733184  ep_return=    2.53  ep_len=  28.3  fall_rate=1.0  clipfrac=0.03  t= 867.1s  stage=0(vx=0.00)
iter  359/390  step=  735232  ep_return=    2.53  ep_len=  27.4  fall_rate=1.0  clipfrac=0.01  t= 870.0s  stage=0(vx=0.00)
iter  360/390  step=  737280  ep_return=    3.34  ep_len=  29.3  fall_rate=1.0  clipfrac=0.01  t= 872.0s  stage=0(vx=0.00)
iter  361/390  step=  739328  ep_return=    0.54  ep_len=  29.6  fall_rate=1.0  clipfrac=0.01  t= 873.9s  stage=0(vx=0.00)
iter  362/390  step=  741376  ep_return=    2.83  ep_len=  28.8  fall_rate=1.0  clipfrac=0.01  t= 876.8s  stage=0(vx=0.00)
iter  363/390  step=  743424  ep_return=    3.04  ep_len=  26.8  fall_rate=1.0  clipfrac=0.01  t= 879.7s  stage=0(vx=0.00)
iter  364/390  step=  745472  ep_return=    2.44  ep_len=  28.1  fall_rate=1.0  clipfrac=0.00  t= 882.6s  stage=0(vx=0.00)
iter  365/390  step=  747520  ep_return=    3.23  ep_len=  30.3  fall_rate=1.0  clipfrac=0.01  t= 884.5s  stage=0(vx=0.00)
iter  366/390  step=  749568  ep_return=    5.51  ep_len=  28.0  fall_rate=1.0  clipfrac=0.01  t= 886.5s  stage=0(vx=0.00)
iter  367/390  step=  751616  ep_return=    2.88  ep_len=  28.0  fall_rate=1.0  clipfrac=0.01  t= 888.4s  stage=0(vx=0.00)
iter  368/390  step=  753664  ep_return=    1.74  ep_len=  28.2  fall_rate=1.0  clipfrac=0.00  t= 891.2s  stage=0(vx=0.00)
iter  369/390  step=  755712  ep_return=    2.22  ep_len=  28.7  fall_rate=1.0  clipfrac=0.00  t= 893.9s  stage=0(vx=0.00)
iter  370/390  step=  757760  ep_return=    2.85  ep_len=  27.7  fall_rate=1.0  clipfrac=0.00  t= 896.8s  stage=0(vx=0.00)
iter  371/390  step=  759808  ep_return=    1.90  ep_len=  30.4  fall_rate=1.0  clipfrac=0.00  t= 898.8s  stage=0(vx=0.00)
iter  372/390  step=  761856  ep_return=    3.50  ep_len=  27.3  fall_rate=1.0  clipfrac=0.00  t= 900.7s  stage=0(vx=0.00)
iter  373/390  step=  763904  ep_return=    3.90  ep_len=  28.2  fall_rate=1.0  clipfrac=0.00  t= 903.1s  stage=0(vx=0.00)
iter  374/390  step=  765952  ep_return=    1.29  ep_len=  26.6  fall_rate=1.0  clipfrac=0.00  t= 906.0s  stage=0(vx=0.00)
iter  375/390  step=  768000  ep_return=    5.01  ep_len=  29.4  fall_rate=1.0  clipfrac=0.00  t= 907.9s  stage=0(vx=0.00)
iter  376/390  step=  770048  ep_return=   -1.00  ep_len=  28.5  fall_rate=1.0  clipfrac=0.00  t= 910.5s  stage=0(vx=0.00)
iter  377/390  step=  772096  ep_return=   -0.05  ep_len=  28.8  fall_rate=1.0  clipfrac=0.00  t= 913.2s  stage=0(vx=0.00)
iter  378/390  step=  774144  ep_return=    2.17  ep_len=  28.3  fall_rate=1.0  clipfrac=0.00  t= 915.2s  stage=0(vx=0.00)
iter  379/390  step=  776192  ep_return=    1.92  ep_len=  28.8  fall_rate=1.0  clipfrac=0.00  t= 917.1s  stage=0(vx=0.00)
iter  380/390  step=  778240  ep_return=    3.48  ep_len=  30.0  fall_rate=1.0  clipfrac=0.00  t= 919.8s  stage=0(vx=0.00)
iter  381/390  step=  780288  ep_return=    2.37  ep_len=  28.1  fall_rate=1.0  clipfrac=0.00  t= 922.6s  stage=0(vx=0.00)
iter  382/390  step=  782336  ep_return=    2.08  ep_len=  30.0  fall_rate=1.0  clipfrac=0.00  t= 924.9s  stage=0(vx=0.00)
iter  383/390  step=  784384  ep_return=   -0.44  ep_len=  29.3  fall_rate=1.0  clipfrac=0.00  t= 927.8s  stage=0(vx=0.00)
iter  384/390  step=  786432  ep_return=    2.45  ep_len=  28.3  fall_rate=1.0  clipfrac=0.00  t= 930.6s  stage=0(vx=0.00)
iter  385/390  step=  788480  ep_return=    3.23  ep_len=  27.6  fall_rate=1.0  clipfrac=0.00  t= 933.5s  stage=0(vx=0.00)
iter  386/390  step=  790528  ep_return=    3.23  ep_len=  27.6  fall_rate=1.0  clipfrac=0.00  t= 936.4s  stage=0(vx=0.00)
iter  387/390  step=  792576  ep_return=    3.42  ep_len=  28.6  fall_rate=1.0  clipfrac=0.00  t= 938.9s  stage=0(vx=0.00)
iter  388/390  step=  794624  ep_return=    2.84  ep_len=  28.2  fall_rate=1.0  clipfrac=0.00  t= 941.1s  stage=0(vx=0.00)
iter  389/390  step=  796672  ep_return=    2.22  ep_len=  29.4  fall_rate=1.0  clipfrac=0.00  t= 943.6s  stage=0(vx=0.00)
iter  390/390  step=  798720  ep_return=    2.48  ep_len=  29.6  fall_rate=1.0  clipfrac=0.00  t= 946.5s  stage=0(vx=0.00)

CURRICULUM DID NOT COMPLETE: stuck at stage 0 (desired_vx=0.000) of 4 stages after the full 800000 step budget. This is itself the result -- report where it got stuck, not just whether it finished.
saved checkpoint -> /home/elida_sensoy/cara_robot/cara_robot/cara_description/runs/u22_ppo_curriculum/ppo_curr_seed0.pt
